[e2e-ctrl] connecting to m6-hammer-host-1790344236-29
[e2e-ctrl] Connected; streaming
[controller] decoder: Microsoft H264 Video Decoder MFT (hardware, 1920x1080, DXVA)
[controller] decode error: codec bounded wait expired: decoder needs more input (expected one-in-one-out)
[controller] decode error: codec bounded wait expired: decoder needs more input (expected one-in-one-out)
[controller] decode error: codec bounded wait expired: decoder needs more input (expected one-in-one-out)
[controller] decode error: codec bounded wait expired: decoder needs more input (expected one-in-one-out)
[controller] decode error: codec bounded wait expired: decoder needs more input (expected one-in-one-out)
[controller] decode error: codec bounded wait expired: decoder needs more input (expected one-in-one-out)
[controller] decode error: codec bounded wait expired: decoder needs more input (expected one-in-one-out)
[controller] decode error: codec bounded wait expired: decoder needs more input (expected one-in-one-out)
[controller] decode error: codec bounded wait expired: decoder needs more input (expected one-in-one-out)
[controller] decode error: codec bounded wait expired: decoder needs more input (expected one-in-one-out)
[controller] decode error: codec bounded wait expired: decoder needs more input (expected one-in-one-out)
[controller] decode error: codec bounded wait expired: decoder needs more input (expected one-in-one-out)
[controller] decode error: codec bounded wait expired: decoder needs more input (expected one-in-one-out)
[controller] decode error: codec bounded wait expired: decoder needs more input (expected one-in-one-out)
[controller] decode error: codec bounded wait expired: decoder needs more input (expected one-in-one-out)
[controller] decode error: codec bounded wait expired: decoder needs more input (expected one-in-one-out)
[controller] decode error: codec bounded wait expired: decoder needs more input (expected one-in-one-out)
[controller] decode error: codec bounded wait expired: decoder needs more input (expected one-in-one-out)
[controller] decode error: codec bounded wait expired: decoder needs more input (expected one-in-one-out)
[controller] decode error: codec bounded wait expired: decoder needs more input (expected one-in-one-out)
[controller] decode error: codec bounded wait expired: decoder needs more input (expected one-in-one-out)
[controller] decode error: codec bounded wait expired: decoder needs more input (expected one-in-one-out)
[controller] decode error: codec bounded wait expired: decoder needs more input (expected one-in-one-out)
[controller] decode error: codec bounded wait expired: decoder needs more input (expected one-in-one-out)
[controller] decode error: codec bounded wait expired: decoder needs more input (expected one-in-one-out)
[controller] decode error: codec bounded wait expired: decoder needs more input (expected one-in-one-out)
[controller] decode error: codec bounded wait expired: decoder needs more input (expected one-in-one-out)
[controller] decode error: codec bounded wait expired: decoder needs more input (expected one-in-one-out)
[controller] decode error: codec bounded wait expired: decoder needs more input (expected one-in-one-out)
[controller] decode error: codec bounded wait expired: decoder needs more input (expected one-in-one-out)
[controller] decode error: codec bounded wait expired: decoder needs more input (expected one-in-one-out)
[controller] decode error: codec bounded wait expired: decoder needs more input (expected one-in-one-out)
[controller] decode error: codec bounded wait expired: decoder needs more input (expected one-in-one-out)
[controller] decode error: codec bounded wait expired: decoder needs more input (expected one-in-one-out)
[controller] decode error: codec bounded wait expired: decoder needs more input (expected one-in-one-out)
[controller] decode error: codec bounded wait expired: decoder needs more input (expected one-in-one-out)
[controller] decode error: codec bounded wait expired: decoder needs more input (expected one-in-one-out)
[controller] decode error: codec bounded wait expired: decoder needs more input (expected one-in-one-out)
[controller] decode error: codec bounded wait expired: decoder needs more input (expected one-in-one-out)
[controller] decode error: codec bounded wait expired: decoder needs more input (expected one-in-one-out)
[controller] decode error: codec bounded wait expired: decoder needs more input (expected one-in-one-out)
[controller] decode error: codec bounded wait expired: decoder needs more input (expected one-in-one-out)
[controller] decode error: codec bounded wait expired: decoder needs more input (expected one-in-one-out)
[controller] decode error: codec bounded wait expired: decoder needs more input (expected one-in-one-out)
[controller] decode error: codec bounded wait expired: decoder needs more input (expected one-in-one-out)
[e2e-ctrl] focus-loss probe posted to viewer 0x4a0594
[controller] decode error: codec bounded wait expired: decoder needs more input (expected one-in-one-out)
[controller] decode error: codec bounded wait expired: decoder needs more input (expected one-in-one-out)
[controller] decode error: codec bounded wait expired: decoder needs more input (expected one-in-one-out)
[controller] decode error: codec bounded wait expired: decoder needs more input (expected one-in-one-out)
[controller] decode error: codec bounded wait expired: decoder needs more input (expected one-in-one-out)
[controller] decode error: codec bounded wait expired: decoder needs more input (expected one-in-one-out)
[controller] decode error: codec bounded wait expired: decoder needs more input (expected one-in-one-out)
[controller] decode error: codec bounded wait expired: decoder needs more input (expected one-in-one-out)
[e2e-ctrl] quality preset changed to auto
[e2e-ctrl] resize probe: client 1600x1000 swapchain 1600x1000 -> followed=true
[e2e-ctrl] monitor picked
[e2e-ctrl] viewer window closed by script (F50 path)
[e2e-ctrl] Disconnected; presented=37 all_keys_up_sent=1
