[rig-host] m2_rig role=host scenario=soak dir=C:/Remote.deepflux.space/docs/reports/data/m5-matrix/.cell-b2dhUV stream=64s seed=2026 drop-fast=10 reorder-fast=5 drop-reliable-every=40
[rig-host] metrics: docs/reports/data/m5-matrix\m5-loss3-rig-host.jsonl
[rig-host] gpu: NVIDIA GeForce RTX 5080 Laptop GPU
[rig-host] signaling: file(C:/Remote.deepflux.space/docs/reports/data/m5-matrix/.cell-b2dhUV out=h2c.jsonl, in=c2h.jsonl)
[rig-host] host -> Registering
[rig-host] host -> Online
[rig-host] consent prompt #1, session rig-controller-ctrl-2 (auto-accept in 300 ms)
[rig-host] host -> ConsentPrompted
[rig-host] loop alive, host=ConsentPrompted
[rig-host] host -> Exchanging
[rig-host] host -> Connecting
[rig-host] host -> Connecting
[rig-host] session established: rig-controller-ctrl-2
[rig-host] host -> Connected
[rig-host] streaming started
[host] capture: \\.\DISPLAY5 at 3840x2160, pacer fps 60
[host] capture pacer mode: high-resolution waitable timer
[rig-host] congestion decision: bitrate=Some(3600000) fps=None res_down=false ()
[host] encoder: NVIDIA H.264 Encoder MFT (hardware, 1920x1080@60fps, 8000000 bps CBR, GOP 120)
[host] congestion: bitrate -> 3600000 bps (live)
[rig-host] loop alive, host=Connected
[rig-host] loop alive, host=Connected
[rig-host] loop alive, host=Connected
[rig-host] loop alive, host=Connected
[rig-host] loop alive, host=Connected
[rig-host] loop alive, host=Connected
[rig-host] loop alive, host=Connected
[rig-host] loop alive, host=Connected
[rig-host] loop alive, host=Connected
[rig-host] loop alive, host=Connected
[rig-host] loop alive, host=Connected
[rig-host] loop alive, host=Connected
[rig-host] loop alive, host=Connected
[rig-host] loop alive, host=Connected
[rig-host] loop alive, host=Connected
[rig-host] loop alive, host=Connected
[rig-host] loop alive, host=Connected
[rig-host] loop alive, host=Connected
[rig-host] loop alive, host=Connected
[rig-host] loop alive, host=Connected
[rig-host] loop alive, host=Connected
[rig-host] loop alive, host=Connected
[rig-host] loop alive, host=Connected
[rig-host] loop alive, host=Connected
[rig-host] loop alive, host=Connected
[rig-host] loop alive, host=Connected
[rig-host] loop alive, host=Connected
[rig-host] loop alive, host=Connected
[rig-host] loop alive, host=Connected
[rig-host] loop alive, host=Connected
[rig-host] loop alive, host=Connected
[rig-host] loop alive, host=Connected
[rig-host] control goodbye received (User)
[rig-host] streaming stopped
[rig-host] session ended: Peer
[rig-host] host -> Disconnected
[rig-host] done marker observed
[rig-host] summary:
{
  "all_keys_up_disconnect": 2,
  "channel_open_order": [
    "control",
    "cursor",
    "input-fast",
    "input-reliable"
  ],
  "cursor": {
    "overlays_received": 0,
    "shapes_received": 0,
    "slot_replaced": 0,
    "slot_taken": 0
  },
  "device": "rig-host",
  "elapsed_s": 67.5510725,
  "failed": false,
  "failures": [],
  "host": {
    "cursor_only_updates": 0,
    "cursor_positions_available": 1,
    "device_lost": 0,
    "encode_deferred": 4,
    "encode_size": "1920x1080",
    "fps_effective": 7.023432491646379,
    "fps_retargets": 0,
    "fps_target": 60,
    "frames_captured": 582,
    "frames_encoded": 450,
    "keyframe_forced": 122,
    "keyframes": 122,
    "pacer": {
      "fps_tick_rate": 39.64337450840401,
      "skipped": 3616,
      "ticks": 2540
    },
    "reconfig_errors": 0,
    "reconfig_live": 1,
    "reconfig_rebuilt": 0,
    "stream_secs": 64.0712359
  },
  "input": {
    "all_keys_up": 3,
    "final_position": [
      27464,
      45464
    ],
    "held_at_end": 0,
    "inject_errors": 0,
    "moves_applied": 2888,
    "moves_stale_suppressed": 0,
    "reliable_applied": 96,
    "reliable_duplicates_suppressed": 0,
    "reliable_stale_suppressed": 0,
    "sequence_gaps": 1
  },
  "metrics": {
    "backpressure_events": 0,
    "path": "docs/reports/data/m5-matrix\\m5-loss3-rig-host.jsonl",
    "records": 2800
  },
  "node_counters": {
    "apply_answer_errors": 0,
    "compose_errors": 0,
    "envelopes_received": 4,
    "envelopes_sent": 7,
    "heartbeats_raised": 4,
    "ice_forward_errors": 0,
    "ice_forwarded": 1,
    "ice_minted": 1,
    "illegal_transitions": 0,
    "late_channels_open": 0,
    "register_acked": 1,
    "wire_sent": 3
  },
  "proc": {
    "final": {
      "handles": 607,
      "private_mib": 282.44921875,
      "threads": 38,
      "ws_mib": 100.46875
    },
    "per_session": [],
    "per_session_end": [
      {
        "handles": 624,
        "private_mib": 293.734375,
        "threads": 42,
        "ws_mib": 111.03515625
      }
    ]
  },
  "prompts": 1,
  "real_input": false,
  "role": "host",
  "scenario": "soak",
  "sessions": {
    "connect_attempts_ms": [],
    "ends": [
      "Peer"
    ],
    "established": [
      "rig-controller-ctrl-2"
    ],
    "netchange_at_stream_elapsed_s": 0.0
  },
  "transport_failures": 0,
  "transport_stats": {
    "events_dropped_drain_queue": 116,
    "frames_dropped_rx_queue": 0,
    "frames_received": 0,
    "frames_sent": 440,
    "loss_percent": null,
    "packets_lost": 0,
    "packets_received": 0,
    "packets_sent": 2312,
    "recv_bitrate_kbps": null,
    "relay_in_use": false,
    "rtt_ms": 0.2085,
    "selected_pair": {
      "local": "127.0.0.1:50685",
      "local_type": "host",
      "nominated": true,
      "remote": "127.0.0.1:50686",
      "remote_type": "host"
    },
    "send_bitrate_kbps": 408.4086291875879
  }
}
