[rig-controller] m2_rig role=controller scenario=full dir=C:/Remote.deepflux.space/docs/reports/data/m6-repeat/recovery/.sigB-z7MwuX stream=45s seed=2026 drop-fast=0 reorder-fast=0 drop-reliable-every=0
[rig-controller] metrics: C:/Remote.deepflux.space/docs/reports/data/m6-repeat/recovery\m6-full8-ctrl-rig-controller.jsonl
[rig-controller] gpu: NVIDIA GeForce RTX 5080 Laptop GPU
[rig-controller] signaling: file(C:/Remote.deepflux.space/docs/reports/data/m6-repeat/recovery/.sigB-z7MwuX out=c2h.jsonl, in=h2c.jsonl)
[rig-controller] controller -> Registering
[rig-controller] controller -> Online
[rig-controller] controller -> Requesting
[rig-controller] connect_request sent
[rig-controller] controller -> Offering
[rig-controller] controller -> Connecting
[rig-controller] session established: rig-controller-ctrl-2
[rig-controller] controller -> Connected
[rig-controller] rendering started
[rig-controller] connected in 1180 ms
[controller] decoder: Microsoft H264 Video Decoder MFT (hardware, 1920x1080, DXVA)
[controller] decode error: codec bounded wait expired: decoder needs more input (expected one-in-one-out)
[controller] decode error: codec bounded wait expired: decoder needs more input (expected one-in-one-out)
[controller] decode error: codec bounded wait expired: decoder needs more input (expected one-in-one-out)
[rig-controller] input chaos phase starting
[controller] decode error: codec bounded wait expired: decoder needs more input (expected one-in-one-out)
[rig-controller] chaos done: dropped=0 reordered=0
[controller] decode error: codec bounded wait expired: decoder needs more input (expected one-in-one-out)
[controller] decode error: codec bounded wait expired: decoder needs more input (expected one-in-one-out)
[controller] decode error: codec bounded wait expired: decoder needs more input (expected one-in-one-out)
[controller] decode error: codec bounded wait expired: decoder needs more input (expected one-in-one-out)
[controller] decode error: codec bounded wait expired: decoder needs more input (expected one-in-one-out)
[controller] decode error: codec bounded wait expired: decoder needs more input (expected one-in-one-out)
[controller] decode error: codec bounded wait expired: decoder needs more input (expected one-in-one-out)
[controller] decode error: codec bounded wait expired: decoder needs more input (expected one-in-one-out)
[controller] decode error: codec bounded wait expired: decoder needs more input (expected one-in-one-out)
[controller] decode error: codec bounded wait expired: decoder needs more input (expected one-in-one-out)
[controller] decode error: codec bounded wait expired: decoder needs more input (expected one-in-one-out)
[controller] decode error: codec bounded wait expired: decoder needs more input (expected one-in-one-out)
[controller] decode error: codec bounded wait expired: decoder needs more input (expected one-in-one-out)
[controller] decode error: codec bounded wait expired: decoder needs more input (expected one-in-one-out)
[controller] decode error: codec bounded wait expired: decoder needs more input (expected one-in-one-out)
[controller] decode error: codec bounded wait expired: decoder needs more input (expected one-in-one-out)
[controller] decode error: codec bounded wait expired: decoder needs more input (expected one-in-one-out)
[controller] decode error: codec bounded wait expired: decoder needs more input (expected one-in-one-out)
[controller] decode error: codec bounded wait expired: decoder needs more input (expected one-in-one-out)
[controller] decode error: codec bounded wait expired: decoder needs more input (expected one-in-one-out)
[controller] decode error: codec bounded wait expired: decoder needs more input (expected one-in-one-out)
[controller] decode error: codec bounded wait expired: decoder needs more input (expected one-in-one-out)
[controller] decode error: codec bounded wait expired: decoder needs more input (expected one-in-one-out)
[controller] decode error: codec bounded wait expired: decoder needs more input (expected one-in-one-out)
[controller] decode error: codec bounded wait expired: decoder needs more input (expected one-in-one-out)
[controller] decode error: codec bounded wait expired: decoder needs more input (expected one-in-one-out)
[controller] decode error: codec bounded wait expired: decoder needs more input (expected one-in-one-out)
[controller] decode error: codec bounded wait expired: decoder needs more input (expected one-in-one-out)
[controller] decode error: codec bounded wait expired: decoder needs more input (expected one-in-one-out)
[controller] decode error: codec bounded wait expired: decoder needs more input (expected one-in-one-out)
[controller] decode error: codec bounded wait expired: decoder needs more input (expected one-in-one-out)
[controller] decode error: codec bounded wait expired: decoder needs more input (expected one-in-one-out)
[controller] decode error: codec bounded wait expired: decoder needs more input (expected one-in-one-out)
[controller] decode error: codec bounded wait expired: decoder needs more input (expected one-in-one-out)
[controller] decode error: codec bounded wait expired: decoder needs more input (expected one-in-one-out)
[controller] decode error: codec bounded wait expired: decoder needs more input (expected one-in-one-out)
[controller] decode error: codec bounded wait expired: decoder needs more input (expected one-in-one-out)
[controller] decode error: codec bounded wait expired: decoder needs more input (expected one-in-one-out)
[controller] decode error: codec bounded wait expired: decoder needs more input (expected one-in-one-out)
[controller] decode error: codec bounded wait expired: decoder needs more input (expected one-in-one-out)
[controller] decode error: codec bounded wait expired: decoder needs more input (expected one-in-one-out)
[controller] decode error: codec bounded wait expired: decoder needs more input (expected one-in-one-out)
[controller] decode error: codec bounded wait expired: decoder needs more input (expected one-in-one-out)
[controller] decode error: codec bounded wait expired: decoder needs more input (expected one-in-one-out)
[controller] decode error: codec bounded wait expired: decoder needs more input (expected one-in-one-out)
[controller] decode error: codec bounded wait expired: decoder needs more input (expected one-in-one-out)
[rig-controller] network change: restart_ice probe + goodbye + hard teardown
[rig-controller] restart_ice ok
[rig-controller] rendering stopped
[rig-controller] session ended: Peer
[rig-controller] controller -> Disconnected
[rig-controller] host observed the network change (47 ms); waiting for self to re-register
[rig-controller] controller -> Registering
[rig-controller] controller -> Online
[rig-controller] re-establishing after network change (558 ms after host-down)
[rig-controller] controller -> Requesting
[rig-controller] controller -> Offering
[rig-controller] controller -> Connecting
[rig-controller] session established: rig-controller-ctrl-8
[rig-controller] controller -> Connected
[rig-controller] rendering started
[rig-controller] re-established in 1174 ms
[controller] decoder (reused): Microsoft H264 Video Decoder MFT (hardware, 1920x1080, DXVA)
[controller] decode error: codec bounded wait expired: decoder needs more input (expected one-in-one-out)
[controller] decode error: codec bounded wait expired: decoder needs more input (expected one-in-one-out)
[controller] decode error: codec bounded wait expired: decoder needs more input (expected one-in-one-out)
[controller] decode error: codec bounded wait expired: decoder needs more input (expected one-in-one-out)
[controller] decode error: codec bounded wait expired: decoder needs more input (expected one-in-one-out)
[controller] decode error: codec bounded wait expired: decoder needs more input (expected one-in-one-out)
[controller] decode error: codec bounded wait expired: decoder needs more input (expected one-in-one-out)
[controller] decode error: codec bounded wait expired: decoder needs more input (expected one-in-one-out)
[controller] decode error: codec bounded wait expired: decoder needs more input (expected one-in-one-out)
[controller] decode error: codec bounded wait expired: decoder needs more input (expected one-in-one-out)
[controller] decode error: codec bounded wait expired: decoder needs more input (expected one-in-one-out)
[controller] decode error: codec bounded wait expired: decoder needs more input (expected one-in-one-out)
[controller] decode error: codec bounded wait expired: decoder needs more input (expected one-in-one-out)
[controller] decode error: codec bounded wait expired: decoder needs more input (expected one-in-one-out)
[controller] decode error: codec bounded wait expired: decoder needs more input (expected one-in-one-out)
[controller] decode error: codec bounded wait expired: decoder needs more input (expected one-in-one-out)
[controller] decode error: codec bounded wait expired: decoder needs more input (expected one-in-one-out)
[controller] decode error: codec bounded wait expired: decoder needs more input (expected one-in-one-out)
[controller] decode error: codec bounded wait expired: decoder needs more input (expected one-in-one-out)
[controller] decode error: codec bounded wait expired: decoder needs more input (expected one-in-one-out)
[controller] decode error: codec bounded wait expired: decoder needs more input (expected one-in-one-out)
[controller] decode error: codec bounded wait expired: decoder needs more input (expected one-in-one-out)
[controller] decode error: codec bounded wait expired: decoder needs more input (expected one-in-one-out)
[controller] decode error: codec bounded wait expired: decoder needs more input (expected one-in-one-out)
[controller] decode error: codec bounded wait expired: decoder needs more input (expected one-in-one-out)
[controller] decode error: codec bounded wait expired: decoder needs more input (expected one-in-one-out)
[controller] decode error: codec bounded wait expired: decoder needs more input (expected one-in-one-out)
[controller] decode error: codec bounded wait expired: decoder needs more input (expected one-in-one-out)
[controller] decode error: codec bounded wait expired: decoder needs more input (expected one-in-one-out)
[controller] decode error: codec bounded wait expired: decoder needs more input (expected one-in-one-out)
[controller] decode error: codec bounded wait expired: decoder needs more input (expected one-in-one-out)
[controller] decode error: codec bounded wait expired: decoder needs more input (expected one-in-one-out)
[controller] decode error: codec bounded wait expired: decoder needs more input (expected one-in-one-out)
[controller] decode error: codec bounded wait expired: decoder needs more input (expected one-in-one-out)
[rig-controller] rendering stopped
[rig-controller] session ended: User
[rig-controller] controller -> Disconnected
[rig-controller] disconnect sent; draining
[rig-controller] summary:
{
  "all_keys_up_disconnect": 0,
  "channel_open_order": [
    "cursor",
    "input-fast",
    "input-reliable",
    "control"
  ],
  "chaos": {
    "dropped": 0,
    "final_position_sent": [
      46500,
      55500
    ],
    "moves_sent": 1500,
    "reliable_send_errors": 0,
    "reliable_sent": 50,
    "reordered": 0,
    "seed": 2026
  },
  "congestion": {
    "enabled": false,
    "events": [],
    "input_delay_delivered": 0,
    "input_delay_dropped": 0,
    "input_delay_ms": 0
  },
  "controller": {
    "decode_errors": 84,
    "device_lost": 0,
    "fps_presented": 25.924738035482072,
    "frame_id_gaps": 239,
    "frames_decoded": 1947,
    "frames_missing_packets": 7,
    "frames_presented": 1947,
    "frames_received": 3016,
    "frames_without_frame_id": 0,
    "idr_gate_drops": 985,
    "keyframe_requests_sent": 192,
    "render_secs": 75.1020125
  },
  "cursor": {
    "overlays_received": 1,
    "shapes_received": 0,
    "slot_replaced": 0,
    "slot_taken": 0
  },
  "device": "rig-controller",
  "elapsed_s": 79.7147642,
  "failed": false,
  "failures": [],
  "input": null,
  "metrics": {
    "backpressure_events": 0,
    "disabled": false,
    "path": "C:/Remote.deepflux.space/docs/reports/data/m6-repeat/recovery\\m6-full8-ctrl-rig-controller.jsonl",
    "records": 16335
  },
  "netem": {
    "initial": null,
    "schedule": null
  },
  "node_counters": {
    "apply_answer_errors": 0,
    "compose_errors": 0,
    "envelopes_received": 7,
    "envelopes_sent": 12,
    "heartbeats_raised": 5,
    "ice_forward_errors": 0,
    "ice_forwarded": 2,
    "ice_minted": 2,
    "illegal_transitions": 0,
    "late_channels_open": 0,
    "register_acked": 2,
    "wire_sent": 1746
  },
  "proc": {
    "final": {
      "handles": 610,
      "private_mib": 114.47265625,
      "threads": 40,
      "ws_mib": 87.5078125
    },
    "per_session": [
      {
        "handles": 640,
        "private_mib": 125.90234375,
        "session": "rig-controller-ctrl-8",
        "threads": 46,
        "ws_mib": 98.71875
      }
    ],
    "per_session_end": [
      {
        "handles": 623,
        "private_mib": 118.28515625,
        "threads": 45,
        "ws_mib": 91.0
      },
      {
        "handles": 627,
        "private_mib": 125.75390625,
        "threads": 44,
        "ws_mib": 98.62890625
      }
    ]
  },
  "prompts": 0,
  "real_input": false,
  "role": "controller",
  "scenario": "full",
  "sessions": {
    "connect_attempts_ms": [
      [
        "rig-controller-ctrl-2",
        1180
      ],
      [
        "rig-controller-ctrl-8",
        1174
      ]
    ],
    "ends": [
      "Peer",
      "User"
    ],
    "established": [
      "rig-controller-ctrl-2",
      "rig-controller-ctrl-8"
    ],
    "netchange_at_stream_elapsed_s": 30.0007372
  },
  "transport_failures": 0,
  "transport_stats": {
    "channel_queues": {
      "control": {
        "capacity": 256,
        "depth": 0,
        "dequeued": 152,
        "dropped": 0,
        "enqueued": 152,
        "high_water": 1,
        "replaced": 0,
        "trail_overflow": 0
      },
      "cursor": {
        "capacity": 8,
        "depth": 0,
        "dequeued": 0,
        "dropped": 0,
        "enqueued": 0,
        "high_water": 0,
        "replaced": 0,
        "trail_overflow": 0
      },
      "input-fast": {
        "capacity": 32,
        "depth": 0,
        "dequeued": 0,
        "dropped": 0,
        "enqueued": 0,
        "high_water": 0,
        "replaced": 0,
        "trail_overflow": 0
      },
      "input-reliable": {
        "capacity": 256,
        "depth": 0,
        "dequeued": 0,
        "dropped": 0,
        "enqueued": 0,
        "high_water": 0,
        "replaced": 0,
        "trail_overflow": 0
      }
    },
    "events_dropped_drain_queue": 0,
    "frames_dropped_rx_queue": 41,
    "frames_received": 2405,
    "frames_sent": 0,
    "loss_percent": 3.4072900158478605,
    "netem_queue": null,
    "packets_lost": 129,
    "packets_received": 3657,
    "packets_sent": 0,
    "recv_bitrate_kbps": 439.69278193008415,
    "relay_in_use": false,
    "rtt_ms": 0.502,
    "selected_pair": {
      "local": "127.0.0.1:63988",
      "local_type": "host",
      "nominated": true,
      "remote": "127.0.0.1:63987",
      "remote_type": "host"
    },
    "send_bitrate_kbps": null
  }
}
