[rig-controller] m2_rig role=controller scenario=soak dir=C:/Remote.deepflux.space/docs/reports/data/m5-matrix/.cell-O2vF2l stream=64s seed=2026 drop-fast=0 reorder-fast=0 drop-reliable-every=0
[rig-controller] metrics: docs/reports/data/m5-matrix\m5-rtt250-rig-controller.jsonl
[rig-controller] gpu: NVIDIA GeForce RTX 5080 Laptop GPU
[rig-controller] signaling: file(C:/Remote.deepflux.space/docs/reports/data/m5-matrix/.cell-O2vF2l out=c2h.jsonl, in=h2c.jsonl)
[rig-controller] controller -> Registering
[rig-controller] controller -> Online
[rig-controller] controller -> Requesting
[rig-controller] connect_request sent
[rig-controller] controller -> Offering
[rig-controller] controller -> Connecting
[rig-controller] session established: rig-controller-ctrl-2
[rig-controller] controller -> Connected
[rig-controller] rendering started
[rig-controller] connected in 1170 ms
[controller] decoder: Microsoft H264 Video Decoder MFT (hardware, 1920x1080, DXVA)
[rig-controller] input chaos phase starting
[rig-controller] chaos done: dropped=0 reordered=0
[rig-controller] rendering stopped
[rig-controller] session ended: User
[rig-controller] controller -> Disconnected
[rig-controller] disconnect sent; draining
[rig-controller] summary:
{
  "all_keys_up_disconnect": 0,
  "channel_open_order": [
    "input-reliable",
    "input-fast",
    "control",
    "cursor"
  ],
  "chaos": {
    "dropped": 0,
    "final_position_sent": [
      27464,
      45464
    ],
    "moves_sent": 3000,
    "reliable_send_errors": 17,
    "reliable_sent": 100,
    "reordered": 0,
    "seed": 2026
  },
  "congestion": {
    "enabled": false,
    "events": [],
    "input_delay_delivered": 2575,
    "input_delay_dropped": 525,
    "input_delay_ms": 125
  },
  "controller": {
    "decode_errors": 0,
    "device_lost": 0,
    "fps_presented": 33.044180203232266,
    "frame_id_gaps": 202,
    "frames_decoded": 2116,
    "frames_missing_packets": 0,
    "frames_presented": 2116,
    "frames_received": 3413,
    "frames_without_frame_id": 0,
    "idr_gate_drops": 1236,
    "keyframe_requests_sent": 191,
    "render_secs": 64.0354818
  },
  "cursor": {
    "overlays_received": 1,
    "shapes_received": 0,
    "slot_replaced": 0,
    "slot_taken": 0
  },
  "device": "rig-controller",
  "elapsed_s": 66.52814,
  "failed": false,
  "failures": [],
  "input": null,
  "metrics": {
    "backpressure_events": 0,
    "path": "docs/reports/data/m5-matrix\\m5-rtt250-rig-controller.jsonl",
    "records": 15049
  },
  "netem": {
    "initial": null,
    "schedule": null
  },
  "node_counters": {
    "apply_answer_errors": 0,
    "compose_errors": 0,
    "envelopes_received": 3,
    "envelopes_sent": 8,
    "heartbeats_raised": 4,
    "ice_forward_errors": 0,
    "ice_forwarded": 1,
    "ice_minted": 1,
    "illegal_transitions": 0,
    "late_channels_open": 0,
    "register_acked": 1,
    "wire_sent": 2768
  },
  "proc": {
    "final": {
      "handles": 610,
      "private_mib": 113.3046875,
      "threads": 40,
      "ws_mib": 84.44140625
    },
    "per_session": [
      {
        "handles": 643,
        "private_mib": 124.6953125,
        "session": "rig-controller-ctrl-2",
        "threads": 45,
        "ws_mib": 95.30859375
      }
    ],
    "per_session_end": [
      {
        "handles": 627,
        "private_mib": 124.5859375,
        "threads": 44,
        "ws_mib": 95.51171875
      }
    ]
  },
  "prompts": 0,
  "real_input": false,
  "role": "controller",
  "scenario": "soak",
  "sessions": {
    "connect_attempts_ms": [
      [
        "rig-controller-ctrl-2",
        1170
      ]
    ],
    "ends": [
      "User"
    ],
    "established": [
      "rig-controller-ctrl-2"
    ],
    "netchange_at_stream_elapsed_s": 0.0
  },
  "transport_failures": 0,
  "transport_stats": {
    "events_dropped_drain_queue": 0,
    "frames_dropped_rx_queue": 1,
    "frames_received": 3373,
    "frames_sent": 0,
    "loss_percent": 0.0,
    "packets_lost": 0,
    "packets_received": 20989,
    "packets_sent": 0,
    "recv_bitrate_kbps": 2764.6333957470383,
    "relay_in_use": false,
    "rtt_ms": 0.0846,
    "selected_pair": {
      "local": "127.0.0.1:56315",
      "local_type": "host",
      "nominated": true,
      "remote": "127.0.0.1:56314",
      "remote_type": "host"
    },
    "send_bitrate_kbps": null
  }
}
