[rig-controller] m2_rig role=controller scenario=soak dir=C:/Remote.deepflux.space/docs/reports/data/m6-smoke/.sig-lT1CIk stream=30s seed=2026 drop-fast=0 reorder-fast=0 drop-reliable-every=0
[rig-controller] metrics: C:/Remote.deepflux.space/docs/reports/data/m6-smoke\m6-smoke-ctrl-rig-controller.jsonl
[rig-controller] gpu: NVIDIA GeForce RTX 5080 Laptop GPU
[rig-controller] signaling: file(C:/Remote.deepflux.space/docs/reports/data/m6-smoke/.sig-lT1CIk out=c2h.jsonl, in=h2c.jsonl)
[rig-controller] controller -> Registering
[rig-controller] controller -> Online
[rig-controller] controller -> Requesting
[rig-controller] connect_request sent
[rig-controller] controller -> Offering
[rig-controller] controller -> Connecting
[rig-controller] session established: rig-controller-ctrl-2
[rig-controller] controller -> Connected
[rig-controller] rendering started
[rig-controller] connected in 1174 ms
[controller] decoder: Microsoft H264 Video Decoder MFT (hardware, 1920x1080, DXVA)
[controller] decode error: codec bounded wait expired: decoder needs more input (expected one-in-one-out)
[controller] decode error: codec bounded wait expired: decoder needs more input (expected one-in-one-out)
[controller] decode error: codec bounded wait expired: decoder needs more input (expected one-in-one-out)
[controller] decode error: codec bounded wait expired: decoder needs more input (expected one-in-one-out)
[rig-controller] input chaos phase starting
[rig-controller] chaos done: dropped=0 reordered=0
[controller] decode error: codec bounded wait expired: decoder needs more input (expected one-in-one-out)
[controller] decode error: codec bounded wait expired: decoder needs more input (expected one-in-one-out)
[controller] decode error: codec bounded wait expired: decoder needs more input (expected one-in-one-out)
[rig-controller] rendering stopped
[rig-controller] session ended: User
[rig-controller] controller -> Disconnected
[rig-controller] disconnect sent; draining
[rig-controller] summary:
{
  "all_keys_up_disconnect": 0,
  "channel_open_order": [
    "control",
    "cursor",
    "input-reliable",
    "input-fast"
  ],
  "chaos": {
    "dropped": 0,
    "final_position_sent": [
      27464,
      45464
    ],
    "moves_sent": 3000,
    "reliable_send_errors": 0,
    "reliable_sent": 100,
    "reordered": 0,
    "seed": 2026
  },
  "congestion": {
    "enabled": false,
    "events": [],
    "input_delay_delivered": 0,
    "input_delay_dropped": 0,
    "input_delay_ms": 0
  },
  "controller": {
    "decode_errors": 7,
    "device_lost": 0,
    "fps_presented": 6.0921104935334895,
    "frame_id_gaps": 33,
    "frames_decoded": 183,
    "frames_missing_packets": 3,
    "frames_presented": 183,
    "frames_received": 273,
    "frames_without_frame_id": 0,
    "idr_gate_drops": 83,
    "keyframe_requests_sent": 33,
    "render_secs": 30.0388511
  },
  "cursor": {
    "overlays_received": 1,
    "shapes_received": 0,
    "slot_replaced": 0,
    "slot_taken": 0
  },
  "device": "rig-controller",
  "elapsed_s": 32.4939019,
  "failed": false,
  "failures": [],
  "input": null,
  "metrics": {
    "backpressure_events": 0,
    "path": "C:/Remote.deepflux.space/docs/reports/data/m6-smoke\\m6-smoke-ctrl-rig-controller.jsonl",
    "records": 7633
  },
  "netem": {
    "initial": null,
    "schedule": null
  },
  "node_counters": {
    "apply_answer_errors": 0,
    "compose_errors": 0,
    "envelopes_received": 3,
    "envelopes_sent": 6,
    "heartbeats_raised": 2,
    "ice_forward_errors": 0,
    "ice_forwarded": 1,
    "ice_minted": 1,
    "illegal_transitions": 0,
    "late_channels_open": 0,
    "register_acked": 1,
    "wire_sent": 3135
  },
  "proc": {
    "final": {
      "handles": 614,
      "private_mib": 104.4453125,
      "threads": 43,
      "ws_mib": 78.43359375
    },
    "per_session": [
      {
        "handles": 662,
        "private_mib": 115.8203125,
        "session": "rig-controller-ctrl-2",
        "threads": 47,
        "ws_mib": 89.30859375
      }
    ],
    "per_session_end": [
      {
        "handles": 631,
        "private_mib": 115.72265625,
        "threads": 47,
        "ws_mib": 89.51171875
      }
    ]
  },
  "prompts": 0,
  "real_input": false,
  "role": "controller",
  "scenario": "soak",
  "sessions": {
    "connect_attempts_ms": [
      [
        "rig-controller-ctrl-2",
        1174
      ]
    ],
    "ends": [
      "User"
    ],
    "established": [
      "rig-controller-ctrl-2"
    ],
    "netchange_at_stream_elapsed_s": 0.0
  },
  "transport_failures": 0,
  "transport_stats": {
    "events_dropped_drain_queue": 0,
    "frames_dropped_rx_queue": 15,
    "frames_received": 261,
    "frames_sent": 0,
    "loss_percent": 4.801097393689986,
    "packets_lost": 35,
    "packets_received": 694,
    "packets_sent": 0,
    "recv_bitrate_kbps": 69.22392672106184,
    "relay_in_use": false,
    "rtt_ms": 0.18430000000000002,
    "selected_pair": {
      "local": "127.0.0.1:61827",
      "local_type": "host",
      "nominated": true,
      "remote": "127.0.0.1:61826",
      "remote_type": "host"
    },
    "send_bitrate_kbps": null
  }
}
