[rig-host] m2_rig role=host scenario=full dir=C:/Remote.deepflux.space/docs/reports/data/m6-recovery/.sigB-PBqFxO stream=45s seed=2026 drop-fast=10 reorder-fast=5 drop-reliable-every=40
[rig-host] metrics: C:/Remote.deepflux.space/docs/reports/data/m6-recovery\m6-full9-host-rig-host.jsonl
[rig-host] gpu: NVIDIA GeForce RTX 5080 Laptop GPU
[rig-host] signaling: file(C:/Remote.deepflux.space/docs/reports/data/m6-recovery/.sigB-PBqFxO out=h2c.jsonl, in=c2h.jsonl)
[rig-host] host -> Registering
[rig-host] host -> Online
[rig-host] consent prompt #1, session rig-controller-ctrl-2 (auto-accept in 300 ms)
[rig-host] host -> ConsentPrompted
[rig-host] loop alive, host=ConsentPrompted
[rig-host] host -> Exchanging
[rig-host] host -> Connecting
[rig-host] host -> Connecting
[rig-host] session established: rig-controller-ctrl-2
[rig-host] host -> Connected
[rig-host] streaming started
[host] capture: \\.\DISPLAY5 at 3840x2160, pacer fps 60
[host] capture pacer mode: high-resolution waitable timer
[rig-host] congestion decision: bitrate=Some(3600000) fps=None res_down=false ()
[host] encoder: NVIDIA H.264 Encoder MFT (hardware, 1920x1080@60fps, 8000000 bps CBR, GOP 120)
[host] congestion: bitrate -> 3600000 bps (live)
[rig-host] loop alive, host=Connected
[rig-host] loop alive, host=Connected
[rig-host] loop alive, host=Connected
[rig-host] congestion decision: bitrate=Some(3900000) fps=None res_down=false ()
[host] congestion: bitrate -> 3900000 bps (live)
[rig-host] congestion decision: bitrate=Some(4200000) fps=None res_down=false ()
[host] congestion: bitrate -> 4200000 bps (live)
[rig-host] loop alive, host=Connected
[rig-host] congestion decision: bitrate=Some(3150000) fps=None res_down=false ()
[host] congestion: bitrate -> 3150000 bps (live)
[rig-host] loop alive, host=Connected
[rig-host] loop alive, host=Connected
[rig-host] congestion decision: bitrate=Some(2362500) fps=Some(30) res_down=false (bandwidth collapsed: fps cap applied)
[host] congestion: fps cap 60 -> 30
[host] congestion: bitrate -> 2362500 bps (live)
[rig-host] loop alive, host=Connected
[rig-host] congestion decision: bitrate=Some(2662500) fps=None res_down=false ()
[host] congestion: bitrate -> 2662500 bps (live)
[rig-host] loop alive, host=Connected
[rig-host] congestion decision: bitrate=Some(2962500) fps=None res_down=false ()
[host] congestion: bitrate -> 2962500 bps (live)
[rig-host] congestion decision: bitrate=Some(3262500) fps=Some(60) res_down=false (bandwidth recovered: fps cap lifted)
[host] congestion: fps cap 30 -> 60
[host] congestion: bitrate -> 3262500 bps (live)
[rig-host] loop alive, host=Connected
[rig-host] loop alive, host=Connected
[rig-host] congestion decision: bitrate=Some(3562500) fps=None res_down=false ()
[host] congestion: bitrate -> 3562500 bps (live)
[rig-host] loop alive, host=Connected
[rig-host] congestion decision: bitrate=Some(1781250) fps=Some(30) res_down=false (bandwidth collapsed: fps cap applied)
[host] congestion: fps cap 60 -> 30
[host] congestion: bitrate -> 1781250 bps (live)
[rig-host] congestion decision: bitrate=Some(1335937) fps=None res_down=false ()
[host] congestion: bitrate -> 1335937 bps (live)
[rig-host] loop alive, host=Connected
[rig-host] loop alive, host=Connected
[rig-host] congestion decision: bitrate=Some(667968) fps=None res_down=false ()
[host] congestion: bitrate -> 667968 bps (live)
[rig-host] congestion decision: bitrate=None fps=Some(15) res_down=false (bandwidth collapsed: fps cap applied)
[host] congestion: fps cap 30 -> 15
[rig-host] loop alive, host=Connected
[rig-host] loop alive, host=Connected
[rig-host] control goodbye received (TransportError)
[rig-host] tearing transport down after goodbye
[rig-host] streaming stopped
[rig-host] session ended: TransportError
[rig-host] host -> Disconnected
[rig-host] teardown complete, host=Disconnected
[rig-host] loop alive, host=Disconnected
[rig-host] host -> Registering
[rig-host] host -> Online
[rig-host] consent prompt #2, session rig-controller-ctrl-8 (auto-accept in 300 ms)
[rig-host] host -> ConsentPrompted
[rig-host] host -> Exchanging
[rig-host] host -> Connecting
[rig-host] host -> Connecting
[rig-host] session established: rig-controller-ctrl-8
[rig-host] host -> Connected
[rig-host] streaming started
[host] capture: reusing duplication
[host] capture: \\.\DISPLAY5 at 3840x2160, pacer fps 60
[host] capture pacer mode: high-resolution waitable timer
[host] encoder (reused): NVIDIA H.264 Encoder MFT (hardware, 1920x1080@60fps, 667968 bps CBR, GOP 120)
[rig-host] loop alive, host=Connected
[rig-host] congestion decision: bitrate=Some(967968) fps=None res_down=false ()
[host] congestion: bitrate -> 967968 bps (live)
[rig-host] congestion decision: bitrate=Some(1267968) fps=None res_down=false ()
[host] congestion: bitrate -> 1267968 bps (live)
[rig-host] loop alive, host=Connected
[rig-host] congestion decision: bitrate=Some(1567968) fps=Some(30) res_down=false (bandwidth collapsed: fps cap applied)
[host] congestion: fps cap 60 -> 30
[host] congestion: bitrate -> 1567968 bps (live)
[rig-host] congestion decision: bitrate=Some(1867968) fps=None res_down=false ()
[host] congestion: bitrate -> 1867968 bps (live)
[rig-host] loop alive, host=Connected
[rig-host] congestion decision: bitrate=Some(2167968) fps=None res_down=false ()
[host] congestion: bitrate -> 2167968 bps (live)
[rig-host] loop alive, host=Connected
[rig-host] loop alive, host=Connected
[rig-host] loop alive, host=Connected
[rig-host] loop alive, host=Connected
[rig-host] loop alive, host=Connected
[rig-host] congestion decision: bitrate=Some(2467968) fps=None res_down=false ()
[host] congestion: bitrate -> 2467968 bps (live)
[rig-host] congestion decision: bitrate=Some(2767968) fps=None res_down=false ()
[host] congestion: bitrate -> 2767968 bps (live)
[rig-host] loop alive, host=Connected
[rig-host] congestion decision: bitrate=Some(3067968) fps=Some(60) res_down=false (bandwidth recovered: fps cap lifted)
[host] congestion: fps cap 30 -> 60
[host] congestion: bitrate -> 3067968 bps (live)
[rig-host] loop alive, host=Connected
[rig-host] loop alive, host=Connected
[rig-host] congestion decision: bitrate=Some(3367968) fps=None res_down=false ()
[host] congestion: bitrate -> 3367968 bps (live)
[rig-host] congestion decision: bitrate=Some(3667968) fps=None res_down=false ()
[host] congestion: bitrate -> 3667968 bps (live)
[rig-host] loop alive, host=Connected
[rig-host] loop alive, host=Connected
[rig-host] congestion decision: bitrate=Some(2750976) fps=None res_down=false ()
[host] congestion: bitrate -> 2750976 bps (live)
[rig-host] loop alive, host=Connected
[rig-host] loop alive, host=Connected
[rig-host] loop alive, host=Connected
[rig-host] congestion decision: bitrate=Some(1375488) fps=Some(30) res_down=false (bandwidth collapsed: fps cap applied)
[host] congestion: fps cap 60 -> 30
[host] congestion: bitrate -> 1375488 bps (live)
[rig-host] loop alive, host=Connected
[rig-host] congestion decision: bitrate=Some(1031616) fps=None res_down=false ()
[host] congestion: bitrate -> 1031616 bps (live)
[rig-host] loop alive, host=Connected
[rig-host] congestion decision: bitrate=None fps=Some(15) res_down=false (bandwidth collapsed: fps cap applied)
[host] congestion: fps cap 30 -> 15
[rig-host] loop alive, host=Connected
[rig-host] loop alive, host=Connected
[rig-host] congestion decision: bitrate=Some(1331616) fps=None res_down=false ()
[host] congestion: reconfigure failed: codec bounded wait expired: encoder worker did not ack reconfigure
[rig-host] loop alive, host=Connected
[rig-host] loop alive, host=Connected
[rig-host] loop alive, host=Connected
[rig-host] streaming stopped
[rig-host] session ended: Peer
[rig-host] host -> Disconnected
[rig-host] control goodbye received (User)
[rig-host] done marker observed
[rig-host] summary:
{
  "all_keys_up_disconnect": 4,
  "channel_open_order": [
    "cursor",
    "input-reliable",
    "input-fast",
    "control"
  ],
  "cursor": {
    "overlays_received": 0,
    "shapes_received": 0,
    "slot_replaced": 0,
    "slot_taken": 0
  },
  "device": "rig-host",
  "elapsed_s": 81.0385904,
  "failed": false,
  "failures": [],
  "host": {
    "cursor_only_updates": 0,
    "cursor_positions_available": 1,
    "device_lost": 0,
    "encode_deferred": 2,
    "encode_size": "1920x1080",
    "fps_effective": 2.7150644653128055,
    "fps_retargets": 8,
    "fps_target": 60,
    "frames_captured": 225,
    "frames_encoded": 204,
    "keyframe_forced": 28,
    "keyframes": 53,
    "pacer": {
      "fps_tick_rate": 26.7114430484451,
      "skipped": 2895,
      "ticks": 2007
    },
    "reconfig_errors": 1,
    "reconfig_live": 25,
    "reconfig_rebuilt": 0,
    "stream_secs": 75.1363375
  },
  "input": {
    "all_keys_up": 5,
    "final_position": [
      46500,
      55500
    ],
    "held_at_end": 0,
    "inject_errors": 0,
    "moves_applied": 1478,
    "moves_stale_suppressed": 0,
    "reliable_applied": 49,
    "reliable_duplicates_suppressed": 0,
    "reliable_stale_suppressed": 0,
    "sequence_gaps": 1
  },
  "metrics": {
    "backpressure_events": 0,
    "path": "C:/Remote.deepflux.space/docs/reports/data/m6-recovery\\m6-full9-host-rig-host.jsonl",
    "records": 1524
  },
  "node_counters": {
    "apply_answer_errors": 0,
    "compose_errors": 0,
    "envelopes_received": 7,
    "envelopes_sent": 12,
    "heartbeats_raised": 5,
    "ice_forward_errors": 0,
    "ice_forwarded": 2,
    "ice_minted": 2,
    "illegal_transitions": 0,
    "late_channels_open": 0,
    "register_acked": 2,
    "wire_sent": 4
  },
  "proc": {
    "final": {
      "handles": 618,
      "private_mib": 285.27734375,
      "threads": 39,
      "ws_mib": 104.00390625
    },
    "per_session": [],
    "per_session_end": [
      {
        "handles": 627,
        "private_mib": 295.0546875,
        "threads": 43,
        "ws_mib": 112.546875
      },
      {
        "handles": 643,
        "private_mib": 296.37890625,
        "threads": 43,
        "ws_mib": 114.02734375
      }
    ]
  },
  "prompts": 2,
  "real_input": false,
  "role": "host",
  "scenario": "full",
  "sessions": {
    "connect_attempts_ms": [],
    "ends": [
      "TransportError",
      "Peer"
    ],
    "established": [
      "rig-controller-ctrl-2",
      "rig-controller-ctrl-8"
    ],
    "netchange_at_stream_elapsed_s": 0.0
  },
  "transport_failures": 0,
  "transport_stats": {
    "events_dropped_drain_queue": 0,
    "frames_dropped_rx_queue": 0,
    "frames_received": 0,
    "frames_sent": 121,
    "loss_percent": null,
    "packets_lost": 0,
    "packets_received": 0,
    "packets_sent": 371,
    "recv_bitrate_kbps": null,
    "relay_in_use": false,
    "rtt_ms": 0.2616,
    "selected_pair": {
      "local": "127.0.0.1:63699",
      "local_type": "host",
      "nominated": true,
      "remote": "127.0.0.1:63700",
      "remote_type": "host"
    },
    "send_bitrate_kbps": 14.098038076284762
  }
}
