[rig-host] m2_rig role=host scenario=full dir=C:/Remote.deepflux.space/docs/reports/data/m6-recovery/.sigB-fZiGqB stream=45s seed=2026 drop-fast=10 reorder-fast=5 drop-reliable-every=40
[rig-host] metrics: C:/Remote.deepflux.space/docs/reports/data/m6-recovery\m6-full6-host-rig-host.jsonl
[rig-host] gpu: NVIDIA GeForce RTX 5080 Laptop GPU
[rig-host] signaling: file(C:/Remote.deepflux.space/docs/reports/data/m6-recovery/.sigB-fZiGqB out=h2c.jsonl, in=c2h.jsonl)
[rig-host] host -> Registering
[rig-host] host -> Online
[rig-host] consent prompt #1, session rig-controller-ctrl-2 (auto-accept in 300 ms)
[rig-host] host -> ConsentPrompted
[rig-host] loop alive, host=ConsentPrompted
[rig-host] host -> Exchanging
[rig-host] host -> Connecting
[rig-host] host -> Connecting
[rig-host] session established: rig-controller-ctrl-2
[rig-host] host -> Connected
[rig-host] streaming started
[host] capture: \\.\DISPLAY5 at 3840x2160, pacer fps 60
[host] capture pacer mode: high-resolution waitable timer
[rig-host] congestion decision: bitrate=Some(3600000) fps=None res_down=false ()
[host] encoder: NVIDIA H.264 Encoder MFT (hardware, 1920x1080@60fps, 8000000 bps CBR, GOP 120)
[host] congestion: bitrate -> 3600000 bps (live)
[rig-host] loop alive, host=Connected
[rig-host] loop alive, host=Connected
[rig-host] loop alive, host=Connected
[rig-host] congestion decision: bitrate=Some(3900000) fps=None res_down=false ()
[host] congestion: bitrate -> 3900000 bps (live)
[rig-host] loop alive, host=Connected
[rig-host] loop alive, host=Connected
[rig-host] congestion decision: bitrate=Some(4200000) fps=None res_down=false ()
[host] congestion: bitrate -> 4200000 bps (live)
[rig-host] loop alive, host=Connected
[rig-host] congestion decision: bitrate=Some(2100000) fps=Some(30) res_down=false (bandwidth collapsed: fps cap applied)
[host] congestion: fps cap 60 -> 30
[host] congestion: bitrate -> 2100000 bps (live)
[rig-host] congestion decision: bitrate=Some(1575000) fps=None res_down=false ()
[host] congestion: bitrate -> 1575000 bps (live)
[rig-host] loop alive, host=Connected
[rig-host] congestion decision: bitrate=Some(1181250) fps=None res_down=false ()
[host] congestion: bitrate -> 1181250 bps (live)
[rig-host] loop alive, host=Connected
[rig-host] congestion decision: bitrate=Some(1481250) fps=None res_down=false ()
[host] congestion: bitrate -> 1481250 bps (live)
[rig-host] loop alive, host=Connected
[rig-host] congestion decision: bitrate=Some(1781250) fps=None res_down=false ()
[host] congestion: bitrate -> 1781250 bps (live)
[rig-host] loop alive, host=Connected
[rig-host] loop alive, host=Connected
[rig-host] congestion decision: bitrate=Some(2081250) fps=None res_down=false ()
[host] congestion: bitrate -> 2081250 bps (live)
[rig-host] loop alive, host=Connected
[rig-host] loop alive, host=Connected
[rig-host] loop alive, host=Connected
[rig-host] congestion decision: bitrate=Some(2381250) fps=None res_down=false ()
[host] congestion: bitrate -> 2381250 bps (live)
[rig-host] loop alive, host=Connected
[rig-host] congestion decision: bitrate=Some(2681250) fps=None res_down=false ()
[host] congestion: bitrate -> 2681250 bps (live)
[rig-host] control goodbye received (TransportError)
[rig-host] tearing transport down after goodbye
[rig-host] streaming stopped
[rig-host] session ended: TransportError
[rig-host] host -> Disconnected
[rig-host] teardown complete, host=Disconnected
[rig-host] host -> Registering
[rig-host] host -> Online
[rig-host] consent prompt #2, session rig-controller-ctrl-8 (auto-accept in 300 ms)
[rig-host] host -> ConsentPrompted
[rig-host] loop alive, host=ConsentPrompted
[rig-host] host -> Exchanging
[rig-host] host -> Connecting
[rig-host] host -> Connecting
[rig-host] session established: rig-controller-ctrl-8
[rig-host] host -> Connected
[rig-host] streaming started
[host] capture: reusing duplication
[host] capture: \\.\DISPLAY5 at 3840x2160, pacer fps 60
[host] capture pacer mode: high-resolution waitable timer
[host] encoder (reused): NVIDIA H.264 Encoder MFT (hardware, 1920x1080@60fps, 2681250 bps CBR, GOP 120)
[rig-host] loop alive, host=Connected
[rig-host] congestion decision: bitrate=Some(2981250) fps=None res_down=false ()
[host] congestion: bitrate -> 2981250 bps (live)
[rig-host] loop alive, host=Connected
[rig-host] congestion decision: bitrate=Some(2235937) fps=None res_down=false ()
[host] congestion: bitrate -> 2235937 bps (live)
[rig-host] loop alive, host=Connected
[rig-host] congestion decision: bitrate=Some(2535937) fps=None res_down=false ()
[host] congestion: bitrate -> 2535937 bps (live)
[rig-host] loop alive, host=Connected
[rig-host] congestion decision: bitrate=Some(2835937) fps=None res_down=false ()
[host] congestion: bitrate -> 2835937 bps (live)
[rig-host] loop alive, host=Connected
[rig-host] congestion decision: bitrate=Some(3135937) fps=Some(60) res_down=false (bandwidth recovered: fps cap lifted)
[host] congestion: bitrate -> 3135937 bps (live)
[rig-host] loop alive, host=Connected
[rig-host] loop alive, host=Connected
[rig-host] loop alive, host=Connected
[rig-host] loop alive, host=Connected
[rig-host] congestion decision: bitrate=Some(3435937) fps=None res_down=false ()
[host] congestion: bitrate -> 3435937 bps (live)
[rig-host] congestion decision: bitrate=Some(3735937) fps=None res_down=false ()
[host] congestion: bitrate -> 3735937 bps (live)
[rig-host] loop alive, host=Connected
[rig-host] congestion decision: bitrate=Some(2801952) fps=None res_down=false ()
[host] congestion: bitrate -> 2801952 bps (live)
[rig-host] loop alive, host=Connected
[rig-host] loop alive, host=Connected
[rig-host] congestion decision: bitrate=Some(2101464) fps=Some(30) res_down=false (bandwidth collapsed: fps cap applied)
[host] congestion: fps cap 60 -> 30
[host] congestion: bitrate -> 2101464 bps (live)
[rig-host] loop alive, host=Connected
[rig-host] loop alive, host=Connected
[rig-host] congestion decision: bitrate=Some(1050732) fps=None res_down=false ()
[host] congestion: bitrate -> 1050732 bps (live)
[rig-host] congestion decision: bitrate=None fps=Some(15) res_down=false (bandwidth collapsed: fps cap applied)
[host] congestion: fps cap 30 -> 15
[rig-host] loop alive, host=Connected
[rig-host] congestion decision: bitrate=Some(525366) fps=None res_down=false ()
[host] congestion: bitrate -> 525366 bps (live)
[rig-host] loop alive, host=Connected
[rig-host] loop alive, host=Connected
[rig-host] congestion decision: bitrate=Some(825366) fps=None res_down=false ()
[host] congestion: bitrate -> 825366 bps (live)
[rig-host] loop alive, host=Connected
[rig-host] congestion decision: bitrate=Some(1125366) fps=None res_down=false ()
[host] congestion: bitrate -> 1125366 bps (live)
[rig-host] congestion decision: bitrate=Some(1425366) fps=None res_down=false ()
[host] congestion: bitrate -> 1425366 bps (live)
[rig-host] loop alive, host=Connected
[rig-host] loop alive, host=Connected
[rig-host] congestion decision: bitrate=Some(1725366) fps=Some(30) res_down=false (bandwidth collapsed: fps cap applied)
[host] congestion: fps cap 15 -> 30
[host] congestion: bitrate -> 1725366 bps (live)
[rig-host] loop alive, host=Connected
[rig-host] congestion decision: bitrate=Some(2025366) fps=None res_down=false ()
[host] congestion: bitrate -> 2025366 bps (live)
[rig-host] congestion decision: bitrate=Some(2325366) fps=None res_down=false ()
[host] congestion: bitrate -> 2325366 bps (live)
[rig-host] loop alive, host=Connected
[rig-host] loop alive, host=Connected
[rig-host] streaming stopped
[rig-host] session ended: Peer
[rig-host] host -> Disconnected
[rig-host] control goodbye received (User)
[rig-host] done marker observed
[rig-host] summary:
{
  "all_keys_up_disconnect": 4,
  "channel_open_order": [
    "cursor",
    "input-reliable",
    "control",
    "input-fast"
  ],
  "cursor": {
    "overlays_received": 0,
    "shapes_received": 0,
    "slot_replaced": 0,
    "slot_taken": 0
  },
  "device": "rig-host",
  "elapsed_s": 80.7604677,
  "failed": false,
  "failures": [],
  "host": {
    "cursor_only_updates": 0,
    "cursor_positions_available": 1,
    "device_lost": 0,
    "encode_deferred": 2,
    "encode_size": "1920x1080",
    "fps_effective": 2.6115594959641673,
    "fps_retargets": 4,
    "fps_target": 60,
    "frames_captured": 218,
    "frames_encoded": 196,
    "keyframe_forced": 27,
    "keyframes": 54,
    "pacer": {
      "fps_tick_rate": 26.981673363915505,
      "skipped": 2950,
      "ticks": 2025
    },
    "reconfig_errors": 0,
    "reconfig_live": 28,
    "reconfig_rebuilt": 0,
    "stream_secs": 75.0509419
  },
  "input": {
    "all_keys_up": 5,
    "final_position": [
      46500,
      55500
    ],
    "held_at_end": 0,
    "inject_errors": 0,
    "moves_applied": 1478,
    "moves_stale_suppressed": 0,
    "reliable_applied": 49,
    "reliable_duplicates_suppressed": 0,
    "reliable_stale_suppressed": 0,
    "sequence_gaps": 1
  },
  "metrics": {
    "backpressure_events": 0,
    "path": "C:/Remote.deepflux.space/docs/reports/data/m6-recovery\\m6-full6-host-rig-host.jsonl",
    "records": 1493
  },
  "node_counters": {
    "apply_answer_errors": 0,
    "compose_errors": 0,
    "envelopes_received": 7,
    "envelopes_sent": 12,
    "heartbeats_raised": 5,
    "ice_forward_errors": 0,
    "ice_forwarded": 2,
    "ice_minted": 2,
    "illegal_transitions": 0,
    "late_channels_open": 0,
    "register_acked": 2,
    "wire_sent": 4
  },
  "proc": {
    "final": {
      "handles": 618,
      "private_mib": 283.6171875,
      "threads": 39,
      "ws_mib": 103.921875
    },
    "per_session": [],
    "per_session_end": [
      {
        "handles": 627,
        "private_mib": 293.2109375,
        "threads": 43,
        "ws_mib": 112.25390625
      },
      {
        "handles": 643,
        "private_mib": 294.81640625,
        "threads": 43,
        "ws_mib": 113.96875
      }
    ]
  },
  "prompts": 2,
  "real_input": false,
  "role": "host",
  "scenario": "full",
  "sessions": {
    "connect_attempts_ms": [],
    "ends": [
      "TransportError",
      "Peer"
    ],
    "established": [
      "rig-controller-ctrl-2",
      "rig-controller-ctrl-8"
    ],
    "netchange_at_stream_elapsed_s": 0.0
  },
  "transport_failures": 0,
  "transport_stats": {
    "events_dropped_drain_queue": 0,
    "frames_dropped_rx_queue": 0,
    "frames_received": 0,
    "frames_sent": 120,
    "loss_percent": null,
    "packets_lost": 0,
    "packets_received": 0,
    "packets_sent": 506,
    "recv_bitrate_kbps": null,
    "relay_in_use": false,
    "rtt_ms": 0.3729,
    "selected_pair": {
      "local": "127.0.0.1:61365",
      "local_type": "host",
      "nominated": true,
      "remote": "127.0.0.1:61366",
      "remote_type": "host"
    },
    "send_bitrate_kbps": 1.8875437806682125
  }
}
