[rig-host] m2_rig role=host scenario=full dir=C:/Remote.deepflux.space/docs/reports/data/m6-recovery/.sigB-hvoeDN stream=45s seed=2026 drop-fast=10 reorder-fast=5 drop-reliable-every=40
[rig-host] metrics: C:/Remote.deepflux.space/docs/reports/data/m6-recovery\m6-full1-host-rig-host.jsonl
[rig-host] gpu: NVIDIA GeForce RTX 5080 Laptop GPU
[rig-host] signaling: file(C:/Remote.deepflux.space/docs/reports/data/m6-recovery/.sigB-hvoeDN out=h2c.jsonl, in=c2h.jsonl)
[rig-host] host -> Registering
[rig-host] host -> Online
[rig-host] consent prompt #1, session rig-controller-ctrl-2 (auto-accept in 300 ms)
[rig-host] host -> ConsentPrompted
[rig-host] loop alive, host=ConsentPrompted
[rig-host] host -> Exchanging
[rig-host] host -> Connecting
[rig-host] host -> Connecting
[rig-host] session established: rig-controller-ctrl-2
[rig-host] host -> Connected
[rig-host] streaming started
[host] capture: \\.\DISPLAY5 at 3840x2160, pacer fps 60
[host] capture pacer mode: high-resolution waitable timer
[rig-host] congestion decision: bitrate=Some(3600000) fps=None res_down=false ()
[host] encoder: NVIDIA H.264 Encoder MFT (hardware, 1920x1080@60fps, 8000000 bps CBR, GOP 120)
[host] congestion: bitrate -> 3600000 bps (live)
[rig-host] loop alive, host=Connected
[rig-host] loop alive, host=Connected
[rig-host] loop alive, host=Connected
[rig-host] congestion decision: bitrate=Some(3900000) fps=None res_down=false ()
[host] congestion: bitrate -> 3900000 bps (live)
[rig-host] congestion decision: bitrate=Some(1950000) fps=Some(30) res_down=false (bandwidth collapsed: fps cap applied)
[host] congestion: fps cap 60 -> 30
[host] congestion: bitrate -> 1950000 bps (live)
[rig-host] loop alive, host=Connected
[rig-host] loop alive, host=Connected
[rig-host] loop alive, host=Connected
[rig-host] congestion decision: bitrate=Some(1462500) fps=None res_down=false ()
[host] congestion: bitrate -> 1462500 bps (live)
[rig-host] loop alive, host=Connected
[rig-host] congestion decision: bitrate=Some(1762500) fps=None res_down=false ()
[host] congestion: bitrate -> 1762500 bps (live)
[rig-host] loop alive, host=Connected
[rig-host] loop alive, host=Connected
[rig-host] congestion decision: bitrate=Some(2062500) fps=None res_down=false ()
[host] congestion: bitrate -> 2062500 bps (live)
[rig-host] loop alive, host=Connected
[rig-host] loop alive, host=Connected
[rig-host] loop alive, host=Connected
[rig-host] congestion decision: bitrate=Some(2362500) fps=None res_down=false ()
[host] congestion: bitrate -> 2362500 bps (live)
[rig-host] congestion decision: bitrate=Some(2662500) fps=None res_down=false ()
[host] congestion: bitrate -> 2662500 bps (live)
[rig-host] loop alive, host=Connected
[rig-host] congestion decision: bitrate=Some(1996875) fps=None res_down=false ()
[host] congestion: bitrate -> 1996875 bps (live)
[rig-host] loop alive, host=Connected
[rig-host] loop alive, host=Connected
[rig-host] control goodbye received (TransportError)
[rig-host] tearing transport down after goodbye
[rig-host] streaming stopped
[rig-host] session ended: TransportError
[rig-host] host -> Disconnected
[rig-host] teardown complete, host=Disconnected
[rig-host] loop alive, host=Disconnected
[rig-host] host -> Registering
[rig-host] host -> Online
[rig-host] consent prompt #2, session rig-controller-ctrl-8 (auto-accept in 300 ms)
[rig-host] host -> ConsentPrompted
[rig-host] host -> Exchanging
[rig-host] host -> Connecting
[rig-host] host -> Connecting
[rig-host] session established: rig-controller-ctrl-8
[rig-host] host -> Connected
[rig-host] streaming started
[host] encoder (reused): NVIDIA H.264 Encoder MFT (hardware, 1920x1080@60fps, 1996875 bps CBR, GOP 120)
[host] capture: reusing duplication
[host] capture: \\.\DISPLAY5 at 3840x2160, pacer fps 60
[host] capture pacer mode: high-resolution waitable timer
[rig-host] loop alive, host=Connected
[rig-host] congestion decision: bitrate=Some(2296875) fps=None res_down=false ()
[host] congestion: bitrate -> 2296875 bps (live)
[rig-host] congestion decision: bitrate=Some(2596875) fps=None res_down=false ()
[host] congestion: bitrate -> 2596875 bps (live)
[rig-host] loop alive, host=Connected
[rig-host] congestion decision: bitrate=Some(1298437) fps=None res_down=false ()
[host] congestion: bitrate -> 1298437 bps (live)
[rig-host] loop alive, host=Connected
[rig-host] loop alive, host=Connected
[rig-host] congestion decision: bitrate=Some(1598437) fps=None res_down=false ()
[host] congestion: bitrate -> 1598437 bps (live)
[rig-host] loop alive, host=Connected
[rig-host] congestion decision: bitrate=Some(1898437) fps=None res_down=false ()
[host] congestion: bitrate -> 1898437 bps (live)
[rig-host] congestion decision: bitrate=Some(2198437) fps=None res_down=false ()
[host] congestion: bitrate -> 2198437 bps (live)
[rig-host] loop alive, host=Connected
[rig-host] congestion decision: bitrate=Some(2498437) fps=None res_down=false ()
[host] congestion: bitrate -> 2498437 bps (live)
[rig-host] loop alive, host=Connected
[rig-host] congestion decision: bitrate=Some(2798437) fps=None res_down=false ()
[host] congestion: bitrate -> 2798437 bps (live)
[rig-host] loop alive, host=Connected
[rig-host] congestion decision: bitrate=Some(2098827) fps=None res_down=false ()
[host] congestion: bitrate -> 2098827 bps (live)
[rig-host] loop alive, host=Connected
[rig-host] loop alive, host=Connected
[rig-host] congestion decision: bitrate=Some(2398827) fps=None res_down=false ()
[host] congestion: bitrate -> 2398827 bps (live)
[rig-host] loop alive, host=Connected
[rig-host] congestion decision: bitrate=Some(2698827) fps=None res_down=false ()
[host] congestion: bitrate -> 2698827 bps (live)
[rig-host] congestion decision: bitrate=Some(2998827) fps=None res_down=false ()
[host] congestion: bitrate -> 2998827 bps (live)
[rig-host] loop alive, host=Connected
[rig-host] loop alive, host=Connected
[rig-host] congestion decision: bitrate=Some(1499413) fps=None res_down=false ()
[host] congestion: bitrate -> 1499413 bps (live)
[rig-host] loop alive, host=Connected
[rig-host] congestion decision: bitrate=Some(749706) fps=Some(15) res_down=false (bandwidth collapsed: fps cap applied)
[host] congestion: fps cap 60 -> 15
[host] congestion: bitrate -> 749706 bps (live)
[rig-host] loop alive, host=Connected
[rig-host] loop alive, host=Connected
[rig-host] congestion decision: bitrate=Some(1049706) fps=None res_down=false ()
[host] congestion: bitrate -> 1049706 bps (live)
[rig-host] congestion decision: bitrate=Some(1349706) fps=None res_down=false ()
[host] congestion: bitrate -> 1349706 bps (live)
[rig-host] loop alive, host=Connected
[rig-host] congestion decision: bitrate=Some(1649706) fps=Some(30) res_down=false (bandwidth collapsed: fps cap applied)
[host] congestion: fps cap 15 -> 30
[host] congestion: bitrate -> 1649706 bps (live)
[rig-host] loop alive, host=Connected
[rig-host] congestion decision: bitrate=Some(824853) fps=None res_down=false ()
[host] congestion: bitrate -> 824853 bps (live)
[rig-host] loop alive, host=Connected
[rig-host] congestion decision: bitrate=None fps=Some(15) res_down=false (bandwidth collapsed: fps cap applied)
[host] congestion: fps cap 30 -> 15
[rig-host] loop alive, host=Connected
[rig-host] congestion decision: bitrate=Some(1124853) fps=None res_down=false ()
[host] congestion: bitrate -> 1124853 bps (live)
[rig-host] loop alive, host=Connected
[rig-host] loop alive, host=Connected
[rig-host] loop alive, host=Connected
[rig-host] congestion decision: bitrate=Some(1424853) fps=None res_down=false ()
[host] congestion: bitrate -> 1424853 bps (live)
[rig-host] streaming stopped
[rig-host] session ended: Peer
[rig-host] host -> Disconnected
[rig-host] control goodbye received (User)
[rig-host] done marker observed
[rig-host] summary:
{
  "all_keys_up_disconnect": 4,
  "channel_open_order": [
    "input-fast",
    "cursor",
    "input-reliable",
    "control"
  ],
  "cursor": {
    "overlays_received": 0,
    "shapes_received": 0,
    "slot_replaced": 0,
    "slot_taken": 0
  },
  "device": "rig-host",
  "elapsed_s": 80.8602649,
  "failed": false,
  "failures": [],
  "host": {
    "cursor_only_updates": 0,
    "cursor_positions_available": 1,
    "device_lost": 0,
    "encode_deferred": 3,
    "encode_size": "1920x1080",
    "fps_effective": 2.6082620928239386,
    "fps_retargets": 4,
    "fps_target": 60,
    "frames_captured": 223,
    "frames_encoded": 196,
    "keyframe_forced": 28,
    "keyframes": 55,
    "pacer": {
      "fps_tick_rate": 26.960913265618874,
      "skipped": 2945,
      "ticks": 2026
    },
    "reconfig_errors": 0,
    "reconfig_live": 29,
    "reconfig_rebuilt": 0,
    "stream_secs": 75.1458224
  },
  "input": {
    "all_keys_up": 4,
    "final_position": [
      46500,
      55500
    ],
    "held_at_end": 0,
    "inject_errors": 0,
    "moves_applied": 1500,
    "moves_stale_suppressed": 0,
    "reliable_applied": 50,
    "reliable_duplicates_suppressed": 0,
    "reliable_stale_suppressed": 0,
    "sequence_gaps": 0
  },
  "metrics": {
    "backpressure_events": 0,
    "path": "C:/Remote.deepflux.space/docs/reports/data/m6-recovery\\m6-full1-host-rig-host.jsonl",
    "records": 1489
  },
  "node_counters": {
    "apply_answer_errors": 0,
    "compose_errors": 0,
    "envelopes_received": 7,
    "envelopes_sent": 12,
    "heartbeats_raised": 5,
    "ice_forward_errors": 0,
    "ice_forwarded": 2,
    "ice_minted": 2,
    "illegal_transitions": 0,
    "late_channels_open": 0,
    "register_acked": 2,
    "wire_sent": 4
  },
  "proc": {
    "final": {
      "handles": 618,
      "private_mib": 284.484375,
      "threads": 39,
      "ws_mib": 103.72265625
    },
    "per_session": [],
    "per_session_end": [
      {
        "handles": 629,
        "private_mib": 294.3046875,
        "threads": 44,
        "ws_mib": 112.30078125
      },
      {
        "handles": 643,
        "private_mib": 295.5859375,
        "threads": 43,
        "ws_mib": 113.71484375
      }
    ]
  },
  "prompts": 2,
  "real_input": false,
  "role": "host",
  "scenario": "full",
  "sessions": {
    "connect_attempts_ms": [],
    "ends": [
      "TransportError",
      "Peer"
    ],
    "established": [
      "rig-controller-ctrl-2",
      "rig-controller-ctrl-8"
    ],
    "netchange_at_stream_elapsed_s": 0.0
  },
  "transport_failures": 0,
  "transport_stats": {
    "events_dropped_drain_queue": 0,
    "frames_dropped_rx_queue": 0,
    "frames_received": 0,
    "frames_sent": 111,
    "loss_percent": null,
    "packets_lost": 0,
    "packets_received": 0,
    "packets_sent": 448,
    "recv_bitrate_kbps": null,
    "relay_in_use": false,
    "rtt_ms": 0.3688,
    "selected_pair": {
      "local": "127.0.0.1:58010",
      "local_type": "host",
      "nominated": true,
      "remote": "127.0.0.1:60023",
      "remote_type": "host"
    },
    "send_bitrate_kbps": 1.487799444634863
  }
}
