[rig-host] m2_rig role=host scenario=full dir=C:/Remote.deepflux.space/docs/reports/data/m6-recovery/.sigB-glDdb0 stream=45s seed=2026 drop-fast=10 reorder-fast=5 drop-reliable-every=40
[rig-host] metrics: C:/Remote.deepflux.space/docs/reports/data/m6-recovery\m6-full5-host-rig-host.jsonl
[rig-host] gpu: NVIDIA GeForce RTX 5080 Laptop GPU
[rig-host] signaling: file(C:/Remote.deepflux.space/docs/reports/data/m6-recovery/.sigB-glDdb0 out=h2c.jsonl, in=c2h.jsonl)
[rig-host] host -> Registering
[rig-host] host -> Online
[rig-host] consent prompt #1, session rig-controller-ctrl-2 (auto-accept in 300 ms)
[rig-host] host -> ConsentPrompted
[rig-host] loop alive, host=ConsentPrompted
[rig-host] host -> Exchanging
[rig-host] host -> Connecting
[rig-host] host -> Connecting
[rig-host] session established: rig-controller-ctrl-2
[rig-host] host -> Connected
[rig-host] streaming started
[host] capture: \\.\DISPLAY5 at 3840x2160, pacer fps 60
[host] capture pacer mode: high-resolution waitable timer
[rig-host] congestion decision: bitrate=Some(3600000) fps=None res_down=false ()
[host] encoder: NVIDIA H.264 Encoder MFT (hardware, 1920x1080@60fps, 8000000 bps CBR, GOP 120)
[host] congestion: bitrate -> 3600000 bps (live)
[rig-host] loop alive, host=Connected
[rig-host] loop alive, host=Connected
[rig-host] loop alive, host=Connected
[rig-host] congestion decision: bitrate=Some(3900000) fps=None res_down=false ()
[host] congestion: bitrate -> 3900000 bps (live)
[rig-host] congestion decision: bitrate=Some(4200000) fps=None res_down=false ()
[host] congestion: bitrate -> 4200000 bps (live)
[rig-host] loop alive, host=Connected
[rig-host] congestion decision: bitrate=Some(3150000) fps=None res_down=false ()
[host] congestion: bitrate -> 3150000 bps (live)
[rig-host] loop alive, host=Connected
[rig-host] loop alive, host=Connected
[rig-host] loop alive, host=Connected
[rig-host] loop alive, host=Connected
[rig-host] congestion decision: bitrate=Some(3450000) fps=None res_down=false ()
[host] congestion: bitrate -> 3450000 bps (live)
[rig-host] loop alive, host=Connected
[rig-host] congestion decision: bitrate=Some(3750000) fps=None res_down=false ()
[host] congestion: bitrate -> 3750000 bps (live)
[rig-host] congestion decision: bitrate=Some(4050000) fps=None res_down=false ()
[host] congestion: bitrate -> 4050000 bps (live)
[rig-host] loop alive, host=Connected
[rig-host] congestion decision: bitrate=Some(3037500) fps=None res_down=false ()
[host] congestion: bitrate -> 3037500 bps (live)
[rig-host] loop alive, host=Connected
[rig-host] loop alive, host=Connected
[rig-host] loop alive, host=Connected
[rig-host] congestion decision: bitrate=Some(3337500) fps=None res_down=false ()
[host] congestion: bitrate -> 3337500 bps (live)
[rig-host] loop alive, host=Connected
[rig-host] congestion decision: bitrate=Some(2503125) fps=None res_down=false ()
[host] congestion: bitrate -> 2503125 bps (live)
[rig-host] loop alive, host=Connected
[rig-host] control goodbye received (TransportError)
[rig-host] tearing transport down after goodbye
[rig-host] streaming stopped
[rig-host] session ended: TransportError
[rig-host] host -> Disconnected
[rig-host] teardown complete, host=Disconnected
[rig-host] host -> Registering
[rig-host] host -> Online
[rig-host] consent prompt #2, session rig-controller-ctrl-8 (auto-accept in 300 ms)
[rig-host] host -> ConsentPrompted
[rig-host] loop alive, host=ConsentPrompted
[rig-host] host -> Exchanging
[rig-host] host -> Connecting
[rig-host] host -> Connecting
[rig-host] session established: rig-controller-ctrl-8
[rig-host] host -> Connected
[rig-host] streaming started
[host] capture: reusing duplication
[host] capture: \\.\DISPLAY5 at 3840x2160, pacer fps 60
[host] capture pacer mode: high-resolution waitable timer
[host] encoder (reused): NVIDIA H.264 Encoder MFT (hardware, 1920x1080@60fps, 2503125 bps CBR, GOP 120)
[rig-host] loop alive, host=Connected
[rig-host] loop alive, host=Connected
[rig-host] congestion decision: bitrate=Some(1251562) fps=Some(30) res_down=false (bandwidth collapsed: fps cap applied)
[host] congestion: fps cap 60 -> 30
[host] congestion: bitrate -> 1251562 bps (live)
[rig-host] loop alive, host=Connected
[rig-host] congestion decision: bitrate=Some(1551562) fps=None res_down=false ()
[host] congestion: bitrate -> 1551562 bps (live)
[rig-host] loop alive, host=Connected
[rig-host] congestion decision: bitrate=Some(1851562) fps=None res_down=false ()
[host] congestion: bitrate -> 1851562 bps (live)
[rig-host] congestion decision: bitrate=Some(2151562) fps=None res_down=false ()
[host] congestion: bitrate -> 2151562 bps (live)
[rig-host] loop alive, host=Connected
[rig-host] congestion decision: bitrate=Some(2451562) fps=None res_down=false ()
[host] congestion: bitrate -> 2451562 bps (live)
[rig-host] congestion decision: bitrate=Some(2751562) fps=None res_down=false ()
[host] congestion: bitrate -> 2751562 bps (live)
[rig-host] loop alive, host=Connected
[rig-host] loop alive, host=Connected
[rig-host] loop alive, host=Connected
[rig-host] congestion decision: bitrate=Some(3051562) fps=Some(60) res_down=false (bandwidth recovered: fps cap lifted)
[host] congestion: fps cap 30 -> 60
[host] congestion: bitrate -> 3051562 bps (live)
[rig-host] congestion decision: bitrate=Some(3351562) fps=None res_down=false ()
[host] congestion: bitrate -> 3351562 bps (live)
[rig-host] loop alive, host=Connected
[rig-host] congestion decision: bitrate=Some(1675781) fps=None res_down=false ()
[host] congestion: bitrate -> 1675781 bps (live)
[rig-host] loop alive, host=Connected
[rig-host] congestion decision: bitrate=None fps=Some(30) res_down=false (bandwidth collapsed: fps cap applied)
[host] congestion: fps cap 60 -> 30
[rig-host] loop alive, host=Connected
[rig-host] loop alive, host=Connected
[rig-host] loop alive, host=Connected
[rig-host] congestion decision: bitrate=Some(1975781) fps=None res_down=false ()
[host] congestion: bitrate -> 1975781 bps (live)
[rig-host] loop alive, host=Connected
[rig-host] congestion decision: bitrate=Some(987890) fps=Some(15) res_down=false (bandwidth collapsed: fps cap applied)
[host] congestion: bitrate -> 987890 bps (live)
[host] congestion: fps cap 30 -> 15
[rig-host] loop alive, host=Connected
[rig-host] congestion decision: bitrate=Some(1287890) fps=None res_down=false ()
[host] congestion: bitrate -> 1287890 bps (live)
[rig-host] loop alive, host=Connected
[rig-host] congestion decision: bitrate=Some(1587890) fps=None res_down=false ()
[host] congestion: bitrate -> 1587890 bps (live)
[rig-host] congestion decision: bitrate=None fps=Some(30) res_down=false (bandwidth collapsed: fps cap applied)
[host] congestion: fps cap 15 -> 30
[rig-host] loop alive, host=Connected
[rig-host] congestion decision: bitrate=Some(793945) fps=None res_down=false ()
[host] congestion: bitrate -> 793945 bps (live)
[rig-host] loop alive, host=Connected
[rig-host] loop alive, host=Connected
[rig-host] congestion decision: bitrate=Some(1093945) fps=Some(15) res_down=false (bandwidth collapsed: fps cap applied)
[host] congestion: fps cap 30 -> 15
[host] congestion: bitrate -> 1093945 bps (live)
[rig-host] congestion decision: bitrate=Some(1393945) fps=None res_down=false ()
[host] congestion: bitrate -> 1393945 bps (live)
[rig-host] loop alive, host=Connected
[rig-host] congestion decision: bitrate=Some(1693945) fps=None res_down=false ()
[host] congestion: bitrate -> 1693945 bps (live)
[rig-host] congestion decision: bitrate=Some(1993945) fps=None res_down=false ()
[host] congestion: bitrate -> 1993945 bps (live)
[rig-host] loop alive, host=Connected
[rig-host] congestion decision: bitrate=None fps=Some(30) res_down=false (bandwidth collapsed: fps cap applied)
[host] congestion: fps cap 15 -> 30
[rig-host] loop alive, host=Connected
[rig-host] loop alive, host=Connected
[rig-host] control goodbye received (User)
[rig-host] streaming stopped
[rig-host] session ended: Peer
[rig-host] host -> Disconnected
[rig-host] done marker observed
[rig-host] summary:
{
  "all_keys_up_disconnect": 4,
  "channel_open_order": [
    "cursor",
    "input-fast",
    "input-reliable",
    "control"
  ],
  "cursor": {
    "overlays_received": 0,
    "shapes_received": 0,
    "slot_replaced": 0,
    "slot_taken": 0
  },
  "device": "rig-host",
  "elapsed_s": 80.6212157,
  "failed": false,
  "failures": [],
  "host": {
    "cursor_only_updates": 0,
    "cursor_positions_available": 1,
    "device_lost": 0,
    "encode_deferred": 2,
    "encode_size": "1920x1080",
    "fps_effective": 2.651662291112971,
    "fps_retargets": 7,
    "fps_target": 60,
    "frames_captured": 219,
    "frames_encoded": 199,
    "keyframe_forced": 29,
    "keyframes": 56,
    "pacer": {
      "fps_tick_rate": 27.809141716345582,
      "skipped": 3073,
      "ticks": 2087
    },
    "reconfig_errors": 0,
    "reconfig_live": 28,
    "reconfig_rebuilt": 0,
    "stream_secs": 75.047264
  },
  "input": {
    "all_keys_up": 4,
    "final_position": [
      46500,
      55500
    ],
    "held_at_end": 0,
    "inject_errors": 0,
    "moves_applied": 1500,
    "moves_stale_suppressed": 0,
    "reliable_applied": 50,
    "reliable_duplicates_suppressed": 0,
    "reliable_stale_suppressed": 0,
    "sequence_gaps": 0
  },
  "metrics": {
    "backpressure_events": 0,
    "path": "C:/Remote.deepflux.space/docs/reports/data/m6-recovery\\m6-full5-host-rig-host.jsonl",
    "records": 1506
  },
  "node_counters": {
    "apply_answer_errors": 0,
    "compose_errors": 0,
    "envelopes_received": 7,
    "envelopes_sent": 12,
    "heartbeats_raised": 5,
    "ice_forward_errors": 0,
    "ice_forwarded": 2,
    "ice_minted": 2,
    "illegal_transitions": 0,
    "late_channels_open": 0,
    "register_acked": 2,
    "wire_sent": 4
  },
  "proc": {
    "final": {
      "handles": 618,
      "private_mib": 286.0625,
      "threads": 39,
      "ws_mib": 104.2578125
    },
    "per_session": [],
    "per_session_end": [
      {
        "handles": 627,
        "private_mib": 295.77734375,
        "threads": 43,
        "ws_mib": 112.6796875
      },
      {
        "handles": 643,
        "private_mib": 297.1640625,
        "threads": 43,
        "ws_mib": 114.28125
      }
    ]
  },
  "prompts": 2,
  "real_input": false,
  "role": "host",
  "scenario": "full",
  "sessions": {
    "connect_attempts_ms": [],
    "ends": [
      "TransportError",
      "Peer"
    ],
    "established": [
      "rig-controller-ctrl-2",
      "rig-controller-ctrl-8"
    ],
    "netchange_at_stream_elapsed_s": 0.0
  },
  "transport_failures": 0,
  "transport_stats": {
    "events_dropped_drain_queue": 0,
    "frames_dropped_rx_queue": 0,
    "frames_received": 0,
    "frames_sent": 118,
    "loss_percent": null,
    "packets_lost": 0,
    "packets_received": 0,
    "packets_sent": 481,
    "recv_bitrate_kbps": null,
    "relay_in_use": false,
    "rtt_ms": 0.2973,
    "selected_pair": {
      "local": "127.0.0.1:50540",
      "local_type": "host",
      "nominated": true,
      "remote": "127.0.0.1:50541",
      "remote_type": "host"
    },
    "send_bitrate_kbps": 83.41066978771829
  }
}
