[rig-host] m2_rig role=host scenario=full dir=C:/Remote.deepflux.space/docs/reports/data/m6-recovery/.sigB-NmlcKW stream=45s seed=2026 drop-fast=10 reorder-fast=5 drop-reliable-every=40
[rig-host] metrics: C:/Remote.deepflux.space/docs/reports/data/m6-recovery\m6-full7-host-rig-host.jsonl
[rig-host] gpu: NVIDIA GeForce RTX 5080 Laptop GPU
[rig-host] signaling: file(C:/Remote.deepflux.space/docs/reports/data/m6-recovery/.sigB-NmlcKW out=h2c.jsonl, in=c2h.jsonl)
[rig-host] host -> Registering
[rig-host] host -> Online
[rig-host] consent prompt #1, session rig-controller-ctrl-2 (auto-accept in 300 ms)
[rig-host] host -> ConsentPrompted
[rig-host] loop alive, host=ConsentPrompted
[rig-host] host -> Exchanging
[rig-host] host -> Connecting
[rig-host] host -> Connecting
[rig-host] session established: rig-controller-ctrl-2
[rig-host] host -> Connected
[rig-host] streaming started
[host] capture: \\.\DISPLAY5 at 3840x2160, pacer fps 60
[host] capture pacer mode: high-resolution waitable timer
[rig-host] congestion decision: bitrate=Some(3600000) fps=None res_down=false ()
[host] encoder: NVIDIA H.264 Encoder MFT (hardware, 1920x1080@60fps, 8000000 bps CBR, GOP 120)
[host] congestion: bitrate -> 3600000 bps (live)
[rig-host] loop alive, host=Connected
[rig-host] loop alive, host=Connected
[rig-host] loop alive, host=Connected
[rig-host] congestion decision: bitrate=Some(1800000) fps=Some(30) res_down=false (bandwidth collapsed: fps cap applied)
[host] congestion: fps cap 60 -> 30
[host] congestion: bitrate -> 1800000 bps (live)
[rig-host] loop alive, host=Connected
[rig-host] loop alive, host=Connected
[rig-host] loop alive, host=Connected
[rig-host] loop alive, host=Connected
[rig-host] congestion decision: bitrate=Some(900000) fps=Some(15) res_down=false (bandwidth collapsed: fps cap applied)
[host] congestion: fps cap 30 -> 15
[host] congestion: bitrate -> 900000 bps (live)
[rig-host] congestion decision: bitrate=Some(675000) fps=None res_down=false ()
[host] congestion: bitrate -> 675000 bps (live)
[rig-host] loop alive, host=Connected
[rig-host] loop alive, host=Connected
[rig-host] congestion decision: bitrate=Some(975000) fps=None res_down=false ()
[host] congestion: bitrate -> 975000 bps (live)
[rig-host] congestion decision: bitrate=Some(1275000) fps=None res_down=false ()
[host] congestion: bitrate -> 1275000 bps (live)
[rig-host] loop alive, host=Connected
[rig-host] congestion decision: bitrate=Some(1575000) fps=Some(30) res_down=false (bandwidth collapsed: fps cap applied)
[host] congestion: fps cap 15 -> 30
[host] congestion: bitrate -> 1575000 bps (live)
[rig-host] loop alive, host=Connected
[rig-host] loop alive, host=Connected
[rig-host] congestion decision: bitrate=Some(1875000) fps=None res_down=false ()
[host] congestion: bitrate -> 1875000 bps (live)
[rig-host] loop alive, host=Connected
[rig-host] congestion decision: bitrate=Some(1406250) fps=None res_down=false ()
[host] congestion: bitrate -> 1406250 bps (live)
[rig-host] loop alive, host=Connected
[rig-host] loop alive, host=Connected
[rig-host] congestion decision: bitrate=Some(1706250) fps=None res_down=false ()
[host] congestion: bitrate -> 1706250 bps (live)
[rig-host] control goodbye received (TransportError)
[rig-host] tearing transport down after goodbye
[rig-host] streaming stopped
[rig-host] session ended: TransportError
[rig-host] host -> Disconnected
[rig-host] teardown complete, host=Disconnected
[rig-host] host -> Registering
[rig-host] host -> Online
[rig-host] consent prompt #2, session rig-controller-ctrl-8 (auto-accept in 300 ms)
[rig-host] host -> ConsentPrompted
[rig-host] loop alive, host=ConsentPrompted
[rig-host] host -> Exchanging
[rig-host] host -> Connecting
[rig-host] host -> Connecting
[rig-host] session established: rig-controller-ctrl-8
[rig-host] host -> Connected
[rig-host] streaming started
[host] encoder (reused): NVIDIA H.264 Encoder MFT (hardware, 1920x1080@60fps, 1706250 bps CBR, GOP 120)
[host] capture: reusing duplication
[host] capture: \\.\DISPLAY5 at 3840x2160, pacer fps 60
[host] capture pacer mode: high-resolution waitable timer
[rig-host] loop alive, host=Connected
[rig-host] congestion decision: bitrate=Some(2006250) fps=None res_down=false ()
[host] congestion: bitrate -> 2006250 bps (live)
[rig-host] congestion decision: bitrate=Some(2306250) fps=None res_down=false ()
[host] congestion: bitrate -> 2306250 bps (live)
[rig-host] loop alive, host=Connected
[rig-host] loop alive, host=Connected
[rig-host] loop alive, host=Connected
[rig-host] congestion decision: bitrate=Some(2606250) fps=None res_down=false ()
[host] congestion: bitrate -> 2606250 bps (live)
[rig-host] congestion decision: bitrate=Some(1303125) fps=None res_down=false ()
[host] congestion: bitrate -> 1303125 bps (live)
[rig-host] loop alive, host=Connected
[rig-host] congestion decision: bitrate=Some(977343) fps=Some(15) res_down=false (bandwidth collapsed: fps cap applied)
[host] congestion: fps cap 60 -> 15
[host] congestion: bitrate -> 977343 bps (live)
[rig-host] congestion decision: bitrate=Some(733007) fps=None res_down=false ()
[host] congestion: reconfigure failed: codec bounded wait expired: encoder worker did not ack reconfigure
[rig-host] loop alive, host=Connected
[rig-host] loop alive, host=Connected
[rig-host] congestion decision: bitrate=Some(1033007) fps=None res_down=false ()
[host] congestion: bitrate -> 1033007 bps (live)
[rig-host] congestion decision: bitrate=Some(1333007) fps=None res_down=false ()
[host] congestion: reconfigure failed: codec bounded wait expired: encoder worker did not ack reconfigure
[rig-host] loop alive, host=Connected
[rig-host] congestion decision: bitrate=Some(1633007) fps=Some(30) res_down=false (bandwidth collapsed: fps cap applied)
[host] congestion: fps cap 15 -> 30
[host] congestion: bitrate -> 1633007 bps (live)
[rig-host] congestion decision: bitrate=Some(1933007) fps=None res_down=false ()
[host] congestion: bitrate -> 1933007 bps (live)
[rig-host] loop alive, host=Connected
[rig-host] congestion decision: bitrate=Some(2233007) fps=None res_down=false ()
[host] congestion: bitrate -> 2233007 bps (live)
[rig-host] loop alive, host=Connected
[rig-host] loop alive, host=Connected
[rig-host] loop alive, host=Connected
[rig-host] congestion decision: bitrate=Some(2533007) fps=None res_down=false ()
[host] congestion: bitrate -> 2533007 bps (live)
[rig-host] loop alive, host=Connected
[rig-host] congestion decision: bitrate=Some(2833007) fps=None res_down=false ()
[host] congestion: bitrate -> 2833007 bps (live)
[rig-host] loop alive, host=Connected
[rig-host] loop alive, host=Connected
[rig-host] congestion decision: bitrate=Some(3133007) fps=Some(60) res_down=false (bandwidth recovered: fps cap lifted)
[host] congestion: fps cap 30 -> 60
[host] congestion: bitrate -> 3133007 bps (live)
[rig-host] congestion decision: bitrate=Some(3433007) fps=None res_down=false ()
[host] congestion: bitrate -> 3433007 bps (live)
[rig-host] loop alive, host=Connected
[rig-host] loop alive, host=Connected
[rig-host] congestion decision: bitrate=Some(1716503) fps=None res_down=false ()
[host] congestion: bitrate -> 1716503 bps (live)
[rig-host] congestion decision: bitrate=None fps=Some(30) res_down=false (bandwidth collapsed: fps cap applied)
[host] congestion: fps cap 60 -> 30
[rig-host] loop alive, host=Connected
[rig-host] loop alive, host=Connected
[rig-host] loop alive, host=Connected
[rig-host] congestion decision: bitrate=Some(2016503) fps=None res_down=false ()
[host] congestion: bitrate -> 2016503 bps (live)
[rig-host] loop alive, host=Connected
[rig-host] congestion decision: bitrate=Some(2316503) fps=None res_down=false ()
[host] congestion: bitrate -> 2316503 bps (live)
[rig-host] loop alive, host=Connected
[rig-host] loop alive, host=Connected
[rig-host] congestion decision: bitrate=Some(1158251) fps=Some(15) res_down=false (bandwidth collapsed: fps cap applied)
[host] congestion: fps cap 30 -> 15
[host] congestion: bitrate -> 1158251 bps (live)
[rig-host] streaming stopped
[rig-host] session ended: Peer
[rig-host] host -> Disconnected
[rig-host] control goodbye received (User)
[rig-host] done marker observed
[rig-host] summary:
{
  "all_keys_up_disconnect": 4,
  "channel_open_order": [
    "input-reliable",
    "input-fast",
    "cursor",
    "control"
  ],
  "cursor": {
    "overlays_received": 0,
    "shapes_received": 0,
    "slot_replaced": 0,
    "slot_taken": 0
  },
  "device": "rig-host",
  "elapsed_s": 80.954741,
  "failed": false,
  "failures": [],
  "host": {
    "cursor_only_updates": 0,
    "cursor_positions_available": 1,
    "device_lost": 0,
    "encode_deferred": 2,
    "encode_size": "1920x1080",
    "fps_effective": 2.5817560049551984,
    "fps_retargets": 8,
    "fps_target": 60,
    "frames_captured": 219,
    "frames_encoded": 194,
    "keyframe_forced": 26,
    "keyframes": 52,
    "pacer": {
      "fps_tick_rate": 24.673070274159475,
      "skipped": 2521,
      "ticks": 1854
    },
    "reconfig_errors": 2,
    "reconfig_live": 27,
    "reconfig_rebuilt": 0,
    "stream_secs": 75.14265470000001
  },
  "input": {
    "all_keys_up": 5,
    "final_position": [
      46500,
      55500
    ],
    "held_at_end": 0,
    "inject_errors": 0,
    "moves_applied": 1478,
    "moves_stale_suppressed": 0,
    "reliable_applied": 49,
    "reliable_duplicates_suppressed": 0,
    "reliable_stale_suppressed": 0,
    "sequence_gaps": 1
  },
  "metrics": {
    "backpressure_events": 0,
    "path": "C:/Remote.deepflux.space/docs/reports/data/m6-recovery\\m6-full7-host-rig-host.jsonl",
    "records": 1472
  },
  "node_counters": {
    "apply_answer_errors": 0,
    "compose_errors": 0,
    "envelopes_received": 7,
    "envelopes_sent": 12,
    "heartbeats_raised": 5,
    "ice_forward_errors": 0,
    "ice_forwarded": 2,
    "ice_minted": 2,
    "illegal_transitions": 0,
    "late_channels_open": 0,
    "register_acked": 2,
    "wire_sent": 4
  },
  "proc": {
    "final": {
      "handles": 618,
      "private_mib": 284.71875,
      "threads": 39,
      "ws_mib": 103.703125
    },
    "per_session": [],
    "per_session_end": [
      {
        "handles": 627,
        "private_mib": 294.61328125,
        "threads": 43,
        "ws_mib": 112.30078125
      },
      {
        "handles": 643,
        "private_mib": 295.82421875,
        "threads": 43,
        "ws_mib": 113.72265625
      }
    ]
  },
  "prompts": 2,
  "real_input": false,
  "role": "host",
  "scenario": "full",
  "sessions": {
    "connect_attempts_ms": [],
    "ends": [
      "TransportError",
      "Peer"
    ],
    "established": [
      "rig-controller-ctrl-2",
      "rig-controller-ctrl-8"
    ],
    "netchange_at_stream_elapsed_s": 0.0
  },
  "transport_failures": 0,
  "transport_stats": {
    "events_dropped_drain_queue": 0,
    "frames_dropped_rx_queue": 0,
    "frames_received": 0,
    "frames_sent": 111,
    "loss_percent": null,
    "packets_lost": 0,
    "packets_received": 0,
    "packets_sent": 395,
    "recv_bitrate_kbps": null,
    "relay_in_use": false,
    "rtt_ms": 0.27290000000000003,
    "selected_pair": {
      "local": "127.0.0.1:56471",
      "local_type": "host",
      "nominated": true,
      "remote": "127.0.0.1:56472",
      "remote_type": "host"
    },
    "send_bitrate_kbps": 1.6401090672529721
  }
}
