[rig-host] m2_rig role=host scenario=full dir=C:/Remote.deepflux.space/docs/reports/data/m6-recovery/.sigB-PTJbZT stream=45s seed=2026 drop-fast=10 reorder-fast=5 drop-reliable-every=40
[rig-host] metrics: C:/Remote.deepflux.space/docs/reports/data/m6-recovery\m6-full3-host-rig-host.jsonl
[rig-host] gpu: NVIDIA GeForce RTX 5080 Laptop GPU
[rig-host] signaling: file(C:/Remote.deepflux.space/docs/reports/data/m6-recovery/.sigB-PTJbZT out=h2c.jsonl, in=c2h.jsonl)
[rig-host] host -> Registering
[rig-host] host -> Online
[rig-host] consent prompt #1, session rig-controller-ctrl-2 (auto-accept in 300 ms)
[rig-host] host -> ConsentPrompted
[rig-host] loop alive, host=ConsentPrompted
[rig-host] host -> Exchanging
[rig-host] host -> Connecting
[rig-host] host -> Connecting
[rig-host] session established: rig-controller-ctrl-2
[rig-host] host -> Connected
[rig-host] streaming started
[host] capture: \\.\DISPLAY5 at 3840x2160, pacer fps 60
[host] capture pacer mode: high-resolution waitable timer
[rig-host] congestion decision: bitrate=Some(3600000) fps=None res_down=false ()
[host] encoder: NVIDIA H.264 Encoder MFT (hardware, 1920x1080@60fps, 8000000 bps CBR, GOP 120)
[host] congestion: bitrate -> 3600000 bps (live)
[rig-host] loop alive, host=Connected
[rig-host] loop alive, host=Connected
[rig-host] loop alive, host=Connected
[rig-host] congestion decision: bitrate=Some(3900000) fps=None res_down=false ()
[host] congestion: bitrate -> 3900000 bps (live)
[rig-host] congestion decision: bitrate=Some(1950000) fps=Some(30) res_down=false (bandwidth collapsed: fps cap applied)
[host] congestion: fps cap 60 -> 30
[host] congestion: bitrate -> 1950000 bps (live)
[rig-host] loop alive, host=Connected
[rig-host] loop alive, host=Connected
[rig-host] congestion decision: bitrate=Some(1462500) fps=None res_down=false ()
[host] congestion: bitrate -> 1462500 bps (live)
[rig-host] loop alive, host=Connected
[rig-host] loop alive, host=Connected
[rig-host] loop alive, host=Connected
[rig-host] congestion decision: bitrate=Some(1762500) fps=None res_down=false ()
[host] congestion: bitrate -> 1762500 bps (live)
[rig-host] congestion decision: bitrate=Some(2062500) fps=None res_down=false ()
[host] congestion: bitrate -> 2062500 bps (live)
[rig-host] loop alive, host=Connected
[rig-host] congestion decision: bitrate=Some(2362500) fps=None res_down=false ()
[host] congestion: bitrate -> 2362500 bps (live)
[rig-host] congestion decision: bitrate=Some(2662500) fps=None res_down=false ()
[host] congestion: bitrate -> 2662500 bps (live)
[rig-host] loop alive, host=Connected
[rig-host] loop alive, host=Connected
[rig-host] congestion decision: bitrate=Some(2962500) fps=None res_down=false ()
[host] congestion: bitrate -> 2962500 bps (live)
[rig-host] loop alive, host=Connected
[rig-host] congestion decision: bitrate=Some(3262500) fps=Some(60) res_down=false (bandwidth recovered: fps cap lifted)
[host] congestion: fps cap 30 -> 60
[host] congestion: bitrate -> 3262500 bps (live)
[rig-host] loop alive, host=Connected
[rig-host] congestion decision: bitrate=Some(2446875) fps=None res_down=false ()
[host] congestion: bitrate -> 2446875 bps (live)
[rig-host] loop alive, host=Connected
[rig-host] congestion decision: bitrate=Some(2746875) fps=None res_down=false ()
[host] congestion: bitrate -> 2746875 bps (live)
[rig-host] loop alive, host=Connected
[rig-host] congestion decision: bitrate=Some(3046875) fps=None res_down=false ()
[host] congestion: bitrate -> 3046875 bps (live)
[rig-host] control goodbye received (TransportError)
[rig-host] tearing transport down after goodbye
[rig-host] streaming stopped
[rig-host] session ended: TransportError
[rig-host] host -> Disconnected
[rig-host] teardown complete, host=Disconnected
[rig-host] host -> Registering
[rig-host] loop alive, host=Registering
[rig-host] host -> Online
[rig-host] consent prompt #2, session rig-controller-ctrl-8 (auto-accept in 300 ms)
[rig-host] host -> ConsentPrompted
[rig-host] host -> Exchanging
[rig-host] host -> Connecting
[rig-host] host -> Connecting
[rig-host] session established: rig-controller-ctrl-8
[rig-host] host -> Connected
[rig-host] streaming started
[host] encoder (reused): NVIDIA H.264 Encoder MFT (hardware, 1920x1080@60fps, 3046875 bps CBR, GOP 120)
[host] capture: reusing duplication
[host] capture: \\.\DISPLAY5 at 3840x2160, pacer fps 60
[host] capture pacer mode: high-resolution waitable timer
[rig-host] loop alive, host=Connected
[rig-host] congestion decision: bitrate=Some(3346875) fps=None res_down=false ()
[host] congestion: bitrate -> 3346875 bps (live)
[rig-host] loop alive, host=Connected
[rig-host] congestion decision: bitrate=Some(2510156) fps=None res_down=false ()
[host] congestion: bitrate -> 2510156 bps (live)
[rig-host] loop alive, host=Connected
[rig-host] congestion decision: bitrate=Some(2810156) fps=None res_down=false ()
[host] congestion: bitrate -> 2810156 bps (live)
[rig-host] loop alive, host=Connected
[rig-host] congestion decision: bitrate=Some(3110156) fps=None res_down=false ()
[host] congestion: bitrate -> 3110156 bps (live)
[rig-host] congestion decision: bitrate=Some(3410156) fps=None res_down=false ()
[host] congestion: bitrate -> 3410156 bps (live)
[rig-host] loop alive, host=Connected
[rig-host] congestion decision: bitrate=Some(2557617) fps=None res_down=false ()
[host] congestion: bitrate -> 2557617 bps (live)
[rig-host] loop alive, host=Connected
[rig-host] loop alive, host=Connected
[rig-host] loop alive, host=Connected
[rig-host] loop alive, host=Connected
[rig-host] congestion decision: bitrate=Some(2857617) fps=None res_down=false ()
[host] congestion: bitrate -> 2857617 bps (live)
[rig-host] congestion decision: bitrate=Some(3157617) fps=None res_down=false ()
[host] congestion: bitrate -> 3157617 bps (live)
[rig-host] loop alive, host=Connected
[rig-host] congestion decision: bitrate=Some(1578808) fps=Some(30) res_down=false (bandwidth collapsed: fps cap applied)
[host] congestion: fps cap 60 -> 30
[host] congestion: bitrate -> 1578808 bps (live)
[rig-host] loop alive, host=Connected
[rig-host] loop alive, host=Connected
[rig-host] loop alive, host=Connected
[rig-host] congestion decision: bitrate=Some(1878808) fps=None res_down=false ()
[host] congestion: bitrate -> 1878808 bps (live)
[rig-host] congestion decision: bitrate=Some(2178808) fps=None res_down=false ()
[host] congestion: reconfigure failed: codec bounded wait expired: encoder worker did not ack reconfigure
[rig-host] loop alive, host=Connected
[rig-host] congestion decision: bitrate=Some(2478808) fps=None res_down=false ()
[host] congestion: bitrate -> 2478808 bps (live)
[rig-host] loop alive, host=Connected
[rig-host] loop alive, host=Connected
[rig-host] congestion decision: bitrate=Some(1239404) fps=None res_down=false ()
[host] congestion: bitrate -> 1239404 bps (live)
[rig-host] loop alive, host=Connected
[rig-host] congestion decision: bitrate=Some(1539404) fps=None res_down=false ()
[host] congestion: bitrate -> 1539404 bps (live)
[rig-host] loop alive, host=Connected
[rig-host] congestion decision: bitrate=Some(1839404) fps=None res_down=false ()
[host] congestion: bitrate -> 1839404 bps (live)
[rig-host] loop alive, host=Connected
[rig-host] loop alive, host=Connected
[rig-host] congestion decision: bitrate=Some(2139404) fps=None res_down=false ()
[host] congestion: bitrate -> 2139404 bps (live)
[rig-host] congestion decision: bitrate=Some(2439404) fps=None res_down=false ()
[host] congestion: bitrate -> 2439404 bps (live)
[rig-host] loop alive, host=Connected
[rig-host] loop alive, host=Connected
[rig-host] congestion decision: bitrate=Some(2739404) fps=None res_down=false ()
[host] congestion: bitrate -> 2739404 bps (live)
[rig-host] loop alive, host=Connected
[rig-host] congestion decision: bitrate=Some(3039404) fps=Some(60) res_down=false (bandwidth recovered: fps cap lifted)
[host] congestion: fps cap 30 -> 60
[host] congestion: bitrate -> 3039404 bps (live)
[rig-host] streaming stopped
[rig-host] session ended: Peer
[rig-host] host -> Disconnected
[rig-host] control goodbye received (User)
[rig-host] done marker observed
[rig-host] summary:
{
  "all_keys_up_disconnect": 4,
  "channel_open_order": [
    "cursor",
    "input-reliable",
    "input-fast",
    "control"
  ],
  "cursor": {
    "overlays_received": 0,
    "shapes_received": 0,
    "slot_replaced": 0,
    "slot_taken": 0
  },
  "device": "rig-host",
  "elapsed_s": 80.973079,
  "failed": false,
  "failures": [],
  "host": {
    "cursor_only_updates": 2,
    "cursor_positions_available": 3,
    "device_lost": 0,
    "encode_deferred": 1,
    "encode_size": "1920x1080",
    "fps_effective": 2.6616547884443915,
    "fps_retargets": 4,
    "fps_target": 60,
    "frames_captured": 224,
    "frames_encoded": 200,
    "keyframe_forced": 29,
    "keyframes": 60,
    "pacer": {
      "fps_tick_rate": 28.386548318759434,
      "skipped": 3108,
      "ticks": 2133
    },
    "reconfig_errors": 1,
    "reconfig_live": 31,
    "reconfig_rebuilt": 0,
    "stream_secs": 75.14122449999999
  },
  "input": {
    "all_keys_up": 4,
    "final_position": [
      46500,
      55500
    ],
    "held_at_end": 0,
    "inject_errors": 0,
    "moves_applied": 1500,
    "moves_stale_suppressed": 0,
    "reliable_applied": 50,
    "reliable_duplicates_suppressed": 0,
    "reliable_stale_suppressed": 0,
    "sequence_gaps": 0
  },
  "metrics": {
    "backpressure_events": 0,
    "path": "C:/Remote.deepflux.space/docs/reports/data/m6-recovery\\m6-full3-host-rig-host.jsonl",
    "records": 1516
  },
  "node_counters": {
    "apply_answer_errors": 0,
    "compose_errors": 0,
    "envelopes_received": 7,
    "envelopes_sent": 12,
    "heartbeats_raised": 5,
    "ice_forward_errors": 0,
    "ice_forwarded": 2,
    "ice_minted": 2,
    "illegal_transitions": 0,
    "late_channels_open": 0,
    "register_acked": 2,
    "wire_sent": 7
  },
  "proc": {
    "final": {
      "handles": 620,
      "private_mib": 284.859375,
      "threads": 39,
      "ws_mib": 103.515625
    },
    "per_session": [],
    "per_session_end": [
      {
        "handles": 629,
        "private_mib": 294.44921875,
        "threads": 43,
        "ws_mib": 112.0234375
      },
      {
        "handles": 645,
        "private_mib": 295.9609375,
        "threads": 43,
        "ws_mib": 113.49609375
      }
    ]
  },
  "prompts": 2,
  "real_input": false,
  "role": "host",
  "scenario": "full",
  "sessions": {
    "connect_attempts_ms": [],
    "ends": [
      "TransportError",
      "Peer"
    ],
    "established": [
      "rig-controller-ctrl-2",
      "rig-controller-ctrl-8"
    ],
    "netchange_at_stream_elapsed_s": 0.0
  },
  "transport_failures": 0,
  "transport_stats": {
    "events_dropped_drain_queue": 0,
    "frames_dropped_rx_queue": 0,
    "frames_received": 0,
    "frames_sent": 116,
    "loss_percent": null,
    "packets_lost": 0,
    "packets_received": 0,
    "packets_sent": 513,
    "recv_bitrate_kbps": null,
    "relay_in_use": false,
    "rtt_ms": 0.3231,
    "selected_pair": {
      "local": "127.0.0.1:62486",
      "local_type": "host",
      "nominated": true,
      "remote": "127.0.0.1:62487",
      "remote_type": "host"
    },
    "send_bitrate_kbps": 117.75348577624443
  }
}
