[rig-controller] m2_rig role=controller scenario=full dir=C:/Remote.deepflux.space/docs/reports/data/m6-recovery/.sigB-PjLGPV stream=45s seed=2026 drop-fast=0 reorder-fast=0 drop-reliable-every=0
[rig-controller] metrics: C:/Remote.deepflux.space/docs/reports/data/m6-recovery\m6-full2-ctrl-rig-controller.jsonl
[rig-controller] gpu: NVIDIA GeForce RTX 5080 Laptop GPU
[rig-controller] signaling: file(C:/Remote.deepflux.space/docs/reports/data/m6-recovery/.sigB-PjLGPV out=c2h.jsonl, in=h2c.jsonl)
[rig-controller] controller -> Registering
[rig-controller] controller -> Online
[rig-controller] controller -> Requesting
[rig-controller] connect_request sent
[rig-controller] controller -> Offering
[rig-controller] controller -> Connecting
[rig-controller] session established: rig-controller-ctrl-2
[rig-controller] controller -> Connected
[rig-controller] rendering started
[rig-controller] connected in 1177 ms
[controller] decoder: Microsoft H264 Video Decoder MFT (hardware, 1920x1080, DXVA)
[rig-controller] input chaos phase starting
[rig-controller] chaos done: dropped=0 reordered=0
[rig-controller] network change: restart_ice probe + goodbye + hard teardown
[rig-controller] restart_ice ok
[rig-controller] rendering stopped
[rig-controller] session ended: Peer
[rig-controller] controller -> Disconnected
[rig-controller] host observed the network change (38 ms); waiting for self to re-register
[rig-controller] controller -> Registering
[rig-controller] controller -> Online
[rig-controller] re-establishing after network change (535 ms after host-down)
[rig-controller] controller -> Requesting
[rig-controller] controller -> Offering
[rig-controller] controller -> Connecting
[rig-controller] session established: rig-controller-ctrl-8
[rig-controller] controller -> Connected
[rig-controller] rendering started
[rig-controller] re-established in 1178 ms
[controller] decoder (reused): Microsoft H264 Video Decoder MFT (hardware, 1920x1080, DXVA)
[controller] decode error: codec bounded wait expired: decoder needs more input (expected one-in-one-out)
[rig-controller] rendering stopped
[rig-controller] session ended: User
[rig-controller] controller -> Disconnected
[rig-controller] disconnect sent; draining
[rig-controller] summary:
{
  "all_keys_up_disconnect": 0,
  "channel_open_order": [
    "cursor",
    "control",
    "input-reliable",
    "input-fast"
  ],
  "chaos": {
    "dropped": 0,
    "final_position_sent": [
      46500,
      55500
    ],
    "moves_sent": 1500,
    "reliable_send_errors": 0,
    "reliable_sent": 50,
    "reordered": 0,
    "seed": 2026
  },
  "congestion": {
    "enabled": false,
    "events": [],
    "input_delay_delivered": 0,
    "input_delay_dropped": 0,
    "input_delay_ms": 0
  },
  "controller": {
    "decode_errors": 1,
    "device_lost": 0,
    "fps_presented": 1.67833483226394,
    "frame_id_gaps": 24,
    "frames_decoded": 126,
    "frames_missing_packets": 0,
    "frames_presented": 126,
    "frames_received": 167,
    "frames_without_frame_id": 0,
    "idr_gate_drops": 40,
    "keyframe_requests_sent": 23,
    "render_secs": 75.0744116
  },
  "cursor": {
    "overlays_received": 1,
    "shapes_received": 0,
    "slot_replaced": 0,
    "slot_taken": 0
  },
  "device": "rig-controller",
  "elapsed_s": 79.6999567,
  "failed": false,
  "failures": [],
  "input": null,
  "metrics": {
    "backpressure_events": 0,
    "path": "C:/Remote.deepflux.space/docs/reports/data/m6-recovery\\m6-full2-ctrl-rig-controller.jsonl",
    "records": 4390
  },
  "netem": {
    "initial": null,
    "schedule": null
  },
  "node_counters": {
    "apply_answer_errors": 0,
    "compose_errors": 0,
    "envelopes_received": 7,
    "envelopes_sent": 12,
    "heartbeats_raised": 5,
    "ice_forward_errors": 0,
    "ice_forwarded": 2,
    "ice_minted": 2,
    "illegal_transitions": 0,
    "late_channels_open": 0,
    "register_acked": 2,
    "wire_sent": 1577
  },
  "proc": {
    "final": {
      "handles": 609,
      "private_mib": 107.765625,
      "threads": 40,
      "ws_mib": 79.921875
    },
    "per_session": [
      {
        "handles": 639,
        "private_mib": 119.1796875,
        "session": "rig-controller-ctrl-8",
        "threads": 46,
        "ws_mib": 90.90625
      }
    ],
    "per_session_end": [
      {
        "handles": 621,
        "private_mib": 118.640625,
        "threads": 46,
        "ws_mib": 89.95703125
      },
      {
        "handles": 626,
        "private_mib": 119.03125,
        "threads": 44,
        "ws_mib": 90.81640625
      }
    ]
  },
  "prompts": 0,
  "real_input": false,
  "role": "controller",
  "scenario": "full",
  "sessions": {
    "connect_attempts_ms": [
      [
        "rig-controller-ctrl-2",
        1177
      ],
      [
        "rig-controller-ctrl-8",
        1178
      ]
    ],
    "ends": [
      "Peer",
      "User"
    ],
    "established": [
      "rig-controller-ctrl-2",
      "rig-controller-ctrl-8"
    ],
    "netchange_at_stream_elapsed_s": 30.0020222
  },
  "transport_failures": 0,
  "transport_stats": {
    "events_dropped_drain_queue": 0,
    "frames_dropped_rx_queue": 12,
    "frames_received": 105,
    "frames_sent": 0,
    "loss_percent": 3.256704980842912,
    "packets_lost": 17,
    "packets_received": 505,
    "packets_sent": 0,
    "recv_bitrate_kbps": 3.970840290127009,
    "relay_in_use": false,
    "rtt_ms": 0.243,
    "selected_pair": {
      "local": "127.0.0.1:50309",
      "local_type": "host",
      "nominated": true,
      "remote": "127.0.0.1:50308",
      "remote_type": "host"
    },
    "send_bitrate_kbps": null
  }
}
