[rig-controller] m2_rig role=controller scenario=full dir=C:/Remote.deepflux.space/docs/reports/data/m6-recovery/.sigB-osBa5k stream=45s seed=2026 drop-fast=0 reorder-fast=0 drop-reliable-every=0
[rig-controller] metrics: C:/Remote.deepflux.space/docs/reports/data/m6-recovery\m6-full4-ctrl-rig-controller.jsonl
[rig-controller] gpu: NVIDIA GeForce RTX 5080 Laptop GPU
[rig-controller] signaling: file(C:/Remote.deepflux.space/docs/reports/data/m6-recovery/.sigB-osBa5k out=c2h.jsonl, in=h2c.jsonl)
[rig-controller] controller -> Registering
[rig-controller] controller -> Online
[rig-controller] controller -> Requesting
[rig-controller] connect_request sent
[rig-controller] controller -> Offering
[rig-controller] controller -> Connecting
[rig-controller] session established: rig-controller-ctrl-2
[rig-controller] controller -> Connected
[rig-controller] rendering started
[rig-controller] connected in 1183 ms
[controller] decoder: Microsoft H264 Video Decoder MFT (hardware, 1920x1080, DXVA)
[rig-controller] input chaos phase starting
[rig-controller] chaos done: dropped=0 reordered=0
[rig-controller] network change: restart_ice probe + goodbye + hard teardown
[rig-controller] restart_ice ok
[rig-controller] rendering stopped
[rig-controller] session ended: Peer
[rig-controller] controller -> Disconnected
[rig-controller] host observed the network change (52 ms); waiting for self to re-register
[rig-controller] controller -> Registering
[rig-controller] controller -> Online
[rig-controller] re-establishing after network change (546 ms after host-down)
[rig-controller] controller -> Requesting
[rig-controller] controller -> Offering
[rig-controller] controller -> Connecting
[rig-controller] session established: rig-controller-ctrl-8
[rig-controller] controller -> Connected
[rig-controller] rendering started
[rig-controller] re-established in 1183 ms
[controller] decoder (reused): Microsoft H264 Video Decoder MFT (hardware, 1920x1080, DXVA)
[rig-controller] rendering stopped
[rig-controller] session ended: User
[rig-controller] controller -> Disconnected
[rig-controller] disconnect sent; draining
[rig-controller] summary:
{
  "all_keys_up_disconnect": 0,
  "channel_open_order": [
    "input-fast",
    "control",
    "input-reliable",
    "cursor"
  ],
  "chaos": {
    "dropped": 0,
    "final_position_sent": [
      46500,
      55500
    ],
    "moves_sent": 1500,
    "reliable_send_errors": 0,
    "reliable_sent": 50,
    "reordered": 0,
    "seed": 2026
  },
  "congestion": {
    "enabled": false,
    "events": [],
    "input_delay_delivered": 0,
    "input_delay_dropped": 0,
    "input_delay_ms": 0
  },
  "controller": {
    "decode_errors": 0,
    "device_lost": 0,
    "fps_presented": 1.5180510774491365,
    "frame_id_gaps": 26,
    "frames_decoded": 114,
    "frames_missing_packets": 2,
    "frames_presented": 114,
    "frames_received": 159,
    "frames_without_frame_id": 0,
    "idr_gate_drops": 45,
    "keyframe_requests_sent": 26,
    "render_secs": 75.0962874
  },
  "cursor": {
    "overlays_received": 1,
    "shapes_received": 0,
    "slot_replaced": 0,
    "slot_taken": 0
  },
  "device": "rig-controller",
  "elapsed_s": 79.9480129,
  "failed": false,
  "failures": [],
  "input": null,
  "metrics": {
    "backpressure_events": 0,
    "path": "C:/Remote.deepflux.space/docs/reports/data/m6-recovery\\m6-full4-ctrl-rig-controller.jsonl",
    "records": 4352
  },
  "netem": {
    "initial": null,
    "schedule": null
  },
  "node_counters": {
    "apply_answer_errors": 0,
    "compose_errors": 0,
    "envelopes_received": 7,
    "envelopes_sent": 12,
    "heartbeats_raised": 5,
    "ice_forward_errors": 0,
    "ice_forwarded": 2,
    "ice_minted": 2,
    "illegal_transitions": 0,
    "late_channels_open": 0,
    "register_acked": 2,
    "wire_sent": 1580
  },
  "proc": {
    "final": {
      "handles": 611,
      "private_mib": 104.703125,
      "threads": 41,
      "ws_mib": 77.1953125
    },
    "per_session": [
      {
        "handles": 641,
        "private_mib": 116.12109375,
        "session": "rig-controller-ctrl-8",
        "threads": 47,
        "ws_mib": 88.18359375
      }
    ],
    "per_session_end": [
      {
        "handles": 621,
        "private_mib": 115.26953125,
        "threads": 45,
        "ws_mib": 87.0859375
      },
      {
        "handles": 628,
        "private_mib": 115.9765625,
        "threads": 45,
        "ws_mib": 88.08984375
      }
    ]
  },
  "prompts": 0,
  "real_input": false,
  "role": "controller",
  "scenario": "full",
  "sessions": {
    "connect_attempts_ms": [
      [
        "rig-controller-ctrl-2",
        1183
      ],
      [
        "rig-controller-ctrl-8",
        1183
      ]
    ],
    "ends": [
      "Peer",
      "User"
    ],
    "established": [
      "rig-controller-ctrl-2",
      "rig-controller-ctrl-8"
    ],
    "netchange_at_stream_elapsed_s": 30.001466
  },
  "transport_failures": 0,
  "transport_stats": {
    "events_dropped_drain_queue": 0,
    "frames_dropped_rx_queue": 10,
    "frames_received": 98,
    "frames_sent": 0,
    "loss_percent": 3.386004514672686,
    "packets_lost": 15,
    "packets_received": 428,
    "packets_sent": 0,
    "recv_bitrate_kbps": 1.8853644490366916,
    "relay_in_use": false,
    "rtt_ms": 0.3017,
    "selected_pair": {
      "local": "127.0.0.1:51952",
      "local_type": "host",
      "nominated": true,
      "remote": "127.0.0.1:51951",
      "remote_type": "host"
    },
    "send_bitrate_kbps": null
  }
}
