[rig-host] m2_rig role=host scenario=soak dir=C:/Remote.deepflux.space/docs/reports/data/m6-repeat/.sig-YN3iBY stream=3600s seed=2026 drop-fast=10 reorder-fast=5 drop-reliable-every=40
[rig-host] metrics: C:/Remote.deepflux.space/docs/reports/data/m6-repeat\m6-soak-host-rig-host.jsonl
[rig-host] gpu: NVIDIA GeForce RTX 5080 Laptop GPU
[rig-host] signaling: file(C:/Remote.deepflux.space/docs/reports/data/m6-repeat/.sig-YN3iBY out=h2c.jsonl, in=c2h.jsonl)
[rig-host] host -> Registering
[rig-host] host -> Online
[rig-host] consent prompt #1, session rig-controller-ctrl-2 (auto-accept in 300 ms)
[rig-host] host -> ConsentPrompted
[rig-host] loop alive, host=ConsentPrompted
[rig-host] host -> Exchanging
[rig-host] host -> Connecting
[rig-host] host -> Connecting
[rig-host] session established: rig-controller-ctrl-2
[rig-host] host -> Connected
[rig-host] streaming started
[host] capture: \\.\DISPLAY5 at 3840x2160, pacer fps 60
[host] capture pacer mode: high-resolution waitable timer
[rig-host] congestion decision: bitrate=Some(3600000) fps=None res_down=false ()
[host] encoder: NVIDIA H.264 Encoder MFT (hardware, 1920x1080@60fps, 8000000 bps CBR, GOP 120)
[host] congestion: bitrate -> 3600000 bps (live)
[rig-host] loop alive, host=Connected
[rig-host] loop alive, host=Connected
[rig-host] loop alive, host=Connected
[rig-host] loop alive, host=Connected
[rig-host] loop alive, host=Connected
[rig-host] loop alive, host=Connected
[rig-host] loop alive, host=Connected
[rig-host] loop alive, host=Connected
[rig-host] loop alive, host=Connected
[rig-host] loop alive, host=Connected
[rig-host] loop alive, host=Connected
[rig-host] loop alive, host=Connected
[rig-host] loop alive, host=Connected
[rig-host] loop alive, host=Connected
[rig-host] loop alive, host=Connected
[rig-host] loop alive, host=Connected
[rig-host] loop alive, host=Connected
[rig-host] loop alive, host=Connected
[rig-host] loop alive, host=Connected
[rig-host] loop alive, host=Connected
[rig-host] loop alive, host=Connected
[rig-host] loop alive, host=Connected
[rig-host] loop alive, host=Connected
[rig-host] loop alive, host=Connected
[rig-host] loop alive, host=Connected
[rig-host] loop alive, host=Connected
[rig-host] loop alive, host=Connected
[rig-host] loop alive, host=Connected
[rig-host] loop alive, host=Connected
[rig-host] loop alive, host=Connected
[rig-host] loop alive, host=Connected
[rig-host] loop alive, host=Connected
[rig-host] loop alive, host=Connected
[rig-host] loop alive, host=Connected
[rig-host] loop alive, host=Connected
[rig-host] loop alive, host=Connected
[rig-host] loop alive, host=Connected
[rig-host] loop alive, host=Connected
[rig-host] loop alive, host=Connected
[rig-host] loop alive, host=Connected
[rig-host] loop alive, host=Connected
[rig-host] congestion decision: bitrate=Some(3900000) fps=None res_down=false ()
[host] congestion: bitrate -> 3900000 bps (live)
[rig-host] loop alive, host=Connected
[rig-host] loop alive, host=Connected
[rig-host] loop alive, host=Connected
[rig-host] loop alive, host=Connected
[rig-host] loop alive, host=Connected
[rig-host] loop alive, host=Connected
[rig-host] loop alive, host=Connected
[rig-host] loop alive, host=Connected
[rig-host] loop alive, host=Connected
[rig-host] loop alive, host=Connected
[rig-host] loop alive, host=Connected
[rig-host] loop alive, host=Connected
[rig-host] loop alive, host=Connected
[rig-host] loop alive, host=Connected
[rig-host] loop alive, host=Connected
[rig-host] loop alive, host=Connected
[rig-host] loop alive, host=Connected
[rig-host] loop alive, host=Connected
[rig-host] loop alive, host=Connected
[rig-host] loop alive, host=Connected
[rig-host] loop alive, host=Connected
[rig-host] loop alive, host=Connected
[rig-host] loop alive, host=Connected
[rig-host] loop alive, host=Connected
[rig-host] loop alive, host=Connected
[rig-host] loop alive, host=Connected
[rig-host] loop alive, host=Connected
[rig-host] loop alive, host=Connected
[rig-host] loop alive, host=Connected
[rig-host] loop alive, host=Connected
[rig-host] loop alive, host=Connected
[rig-host] loop alive, host=Connected
[rig-host] loop alive, host=Connected
[rig-host] congestion decision: bitrate=Some(4200000) fps=None res_down=false ()
[host] congestion: bitrate -> 4200000 bps (live)
[rig-host] loop alive, host=Connected
[rig-host] loop alive, host=Connected
[rig-host] loop alive, host=Connected
[rig-host] loop alive, host=Connected
[rig-host] loop alive, host=Connected
[rig-host] loop alive, host=Connected
[rig-host] loop alive, host=Connected
[rig-host] loop alive, host=Connected
[rig-host] loop alive, host=Connected
[rig-host] loop alive, host=Connected
[rig-host] loop alive, host=Connected
[rig-host] loop alive, host=Connected
[rig-host] loop alive, host=Connected
[rig-host] loop alive, host=Connected
[rig-host] loop alive, host=Connected
[rig-host] loop alive, host=Connected
[rig-host] loop alive, host=Connected
[rig-host] loop alive, host=Connected
[rig-host] loop alive, host=Connected
[rig-host] loop alive, host=Connected
[rig-host] loop alive, host=Connected
[rig-host] loop alive, host=Connected
[rig-host] loop alive, host=Connected
[rig-host] loop alive, host=Connected
[rig-host] loop alive, host=Connected
[rig-host] loop alive, host=Connected
[rig-host] congestion decision: bitrate=Some(4500000) fps=None res_down=false ()
[host] congestion: bitrate -> 4500000 bps (live)
[rig-host] loop alive, host=Connected
[rig-host] congestion decision: bitrate=Some(4755170) fps=None res_down=false ()
[host] congestion: bitrate -> 4755170 bps (live)
[rig-host] loop alive, host=Connected
[rig-host] loop alive, host=Connected
[rig-host] loop alive, host=Connected
[rig-host] loop alive, host=Connected
[rig-host] loop alive, host=Connected
[rig-host] loop alive, host=Connected
[rig-host] loop alive, host=Connected
[rig-host] loop alive, host=Connected
[rig-host] loop alive, host=Connected
[rig-host] loop alive, host=Connected
[rig-host] loop alive, host=Connected
[rig-host] loop alive, host=Connected
[rig-host] loop alive, host=Connected
[rig-host] loop alive, host=Connected
[rig-host] loop alive, host=Connected
[rig-host] loop alive, host=Connected
[rig-host] loop alive, host=Connected
[rig-host] loop alive, host=Connected
[rig-host] loop alive, host=Connected
[rig-host] loop alive, host=Connected
[rig-host] loop alive, host=Connected
[rig-host] loop alive, host=Connected
[rig-host] loop alive, host=Connected
[rig-host] loop alive, host=Connected
[rig-host] loop alive, host=Connected
[rig-host] loop alive, host=Connected
[rig-host] loop alive, host=Connected
[rig-host] loop alive, host=Connected
[rig-host] loop alive, host=Connected
[rig-host] congestion decision: bitrate=Some(5055170) fps=None res_down=false ()
[host] congestion: bitrate -> 5055170 bps (live)
[rig-host] loop alive, host=Connected
[rig-host] loop alive, host=Connected
[rig-host] loop alive, host=Connected
[rig-host] loop alive, host=Connected
[rig-host] loop alive, host=Connected
[rig-host] loop alive, host=Connected
[rig-host] loop alive, host=Connected
[rig-host] loop alive, host=Connected
[rig-host] loop alive, host=Connected
[rig-host] loop alive, host=Connected
[rig-host] loop alive, host=Connected
[rig-host] loop alive, host=Connected
[rig-host] loop alive, host=Connected
[rig-host] loop alive, host=Connected
[rig-host] loop alive, host=Connected
[rig-host] loop alive, host=Connected
[rig-host] loop alive, host=Connected
[rig-host] loop alive, host=Connected
[rig-host] loop alive, host=Connected
[rig-host] loop alive, host=Connected
[rig-host] loop alive, host=Connected
[rig-host] loop alive, host=Connected
[rig-host] loop alive, host=Connected
[rig-host] loop alive, host=Connected
[rig-host] loop alive, host=Connected
[rig-host] loop alive, host=Connected
[rig-host] loop alive, host=Connected
[rig-host] loop alive, host=Connected
[rig-host] loop alive, host=Connected
[rig-host] loop alive, host=Connected
[rig-host] loop alive, host=Connected
[rig-host] loop alive, host=Connected
[rig-host] congestion decision: bitrate=Some(5318838) fps=None res_down=false ()
[host] congestion: bitrate -> 5318838 bps (live)
[rig-host] loop alive, host=Connected
[rig-host] loop alive, host=Connected
[rig-host] loop alive, host=Connected
[rig-host] loop alive, host=Connected
[rig-host] loop alive, host=Connected
[rig-host] loop alive, host=Connected
[rig-host] loop alive, host=Connected
[rig-host] loop alive, host=Connected
[rig-host] loop alive, host=Connected
[rig-host] loop alive, host=Connected
[rig-host] loop alive, host=Connected
