[rig-host] m2_rig role=host scenario=soak dir=C:/Remote.deepflux.space/docs/reports/data/m6-sinkcheck/.sig-off-Iqrzqu stream=70s seed=2026 drop-fast=10 reorder-fast=5 drop-reliable-every=40
[rig-host] metrics: C:\Users\igorc\AppData\Local\Temp\rd-m2-metrics\m2-rig-20260925-rig-host-2.jsonl
[rig-host] gpu: NVIDIA GeForce RTX 5080 Laptop GPU
[rig-host] signaling: file(C:/Remote.deepflux.space/docs/reports/data/m6-sinkcheck/.sig-off-Iqrzqu out=h2c.jsonl, in=c2h.jsonl)
[rig-host] host -> Registering
[rig-host] host -> Online
[rig-host] consent prompt #1, session rig-controller-ctrl-2 (auto-accept in 300 ms)
[rig-host] host -> ConsentPrompted
[rig-host] loop alive, host=ConsentPrompted
[rig-host] host -> Exchanging
[rig-host] host -> Connecting
[rig-host] host -> Connecting
[rig-host] session established: rig-controller-ctrl-2
[rig-host] host -> Connected
[rig-host] streaming started
[host] capture: \\.\DISPLAY5 at 3840x2160, pacer fps 60
[host] capture pacer mode: high-resolution waitable timer
[host] encoder: NVIDIA H.264 Encoder MFT (hardware, 1920x1080@60fps, 8000000 bps CBR, GOP 120)
[rig-host] loop alive, host=Connected
[rig-host] loop alive, host=Connected
[rig-host] loop alive, host=Connected
[rig-host] loop alive, host=Connected
[rig-host] loop alive, host=Connected
[rig-host] loop alive, host=Connected
[rig-host] loop alive, host=Connected
[rig-host] loop alive, host=Connected
[rig-host] loop alive, host=Connected
[rig-host] loop alive, host=Connected
[rig-host] loop alive, host=Connected
[rig-host] loop alive, host=Connected
[rig-host] loop alive, host=Connected
[rig-host] loop alive, host=Connected
[rig-host] loop alive, host=Connected
[rig-host] loop alive, host=Connected
[rig-host] loop alive, host=Connected
[rig-host] loop alive, host=Connected
[rig-host] loop alive, host=Connected
[rig-host] loop alive, host=Connected
[rig-host] loop alive, host=Connected
[rig-host] loop alive, host=Connected
[rig-host] loop alive, host=Connected
[rig-host] loop alive, host=Connected
[rig-host] loop alive, host=Connected
[rig-host] loop alive, host=Connected
[rig-host] loop alive, host=Connected
[rig-host] loop alive, host=Connected
[rig-host] loop alive, host=Connected
[rig-host] loop alive, host=Connected
[rig-host] loop alive, host=Connected
[rig-host] loop alive, host=Connected
[rig-host] loop alive, host=Connected
[rig-host] loop alive, host=Connected
[rig-host] loop alive, host=Connected
[rig-host] control goodbye received (User)
[rig-[rig-host] loop alive, host=Online
session ended: Peer
[rig-host] host -> Disconnected
[rig-host] done marker observed
[rig-host] summary:
{
  "all_keys_up_disconnect": 2,
  "channel_open_order": [
    "control",
    "input-fast",
    "cursor",
    "input-reliable"
  ],
  "cursor": {
    "overlays_received": 0,
    "shapes_received": 0,
    "slot_replaced": 0,
    "slot_taken": 0
  },
  "device": "rig-host",
  "elapsed_s": 73.542571,
  "failed": false,
  "failures": [],
  "host": {
    "cursor_only_updates": 0,
    "cursor_positions_available": 1,
    "device_lost": 0,
    "encode_deferred": 1,
    "encode_size": "1920x1080",
    "fps_effective": 0.7280028531431034,
    "fps_retargets": 0,
    "fps_target": 60,
    "frames_captured": 68,
    "frames_encoded": 51,
    "keyframe_forced": 2,
    "keyframes": 2,
    "pacer": {
      "fps_tick_rate": 33.545229507574376,
      "skipped": 4134,
      "ticks": 2350
    },
    "reconfig_errors": 0,
    "reconfig_live": 0,
    "reconfig_rebuilt": 0,
    "stream_secs": 70.0546705
  },
  "input": {
    "all_keys_up": 2,
    "final_position": null,
    "held_at_end": 0,
    "inject_errors": 0,
    "moves_applied": 0,
    "moves_stale_suppressed": 0,
    "reliable_applied": 0,
    "reliable_duplicates_suppressed": 0,
    "reliable_stale_suppressed": 0,
    "sequence_gaps": 0
  },
  "metrics": {
    "backpressure_events": 0,
    "path": "C:\\Users\\igorc\\AppData\\Local\\Temp\\rd-m2-metrics\\m2-rig-20260925-rig-host-2.jsonl",
    "records": 717
  },
  "node_counters": {
    "apply_answer_errors": 0,
    "compose_errors": 0,
    "envelopes_received": 4,
    "envelopes_sent": 7,
    "heartbeats_raised": 4,
    "ice_forward_errors": 0,
    "ice_forwarded": 1,
    "ice_minted": 1,
    "illegal_transitions": 0,
    "late_channels_open": 0,
    "register_acked": 1,
    "wire_sent": 3
  },
  "proc": {
    "final": {
      "handles": 615,
      "private_mib": 284.8359375,
      "threads": 37,
      "ws_mib": 104.45703125
    },
    "per_session": [],
    "per_session_end": [
      {
        "handles": 656,
        "private_mib": 295.6875,
        "threads": 41,
        "ws_mib": 114.234375
      }
    ]
  },
  "prompts": 1,
  "real_input": false,
  "role": "host",
  "scenario": "soak",
  "sessions": {
    "connect_attempts_ms": [],
    "ends": [
      "Peer"
    ],
    "established": [
      "rig-controller-ctrl-2"
    ],
    "netchange_at_stream_elapsed_s": 0.0
  },
  "transport_failures": 0,
  "transport_stats": {
    "events_dropped_drain_queue": 0,
    "frames_dropped_rx_queue": 0,
    "frames_received": 0,
    "frames_sent": 49,
    "loss_percent": null,
    "packets_lost": 0,
    "packets_received": 0,
    "packets_sent": 431,
    "recv_bitrate_kbps": null,
    "relay_in_use": false,
    "rtt_ms": 0.20829999999999999,
    "selected_pair": {
      "local": "127.0.0.1:55144",
      "local_type": "host",
      "nominated": true,
      "remote": "127.0.0.1:55197",
      "remote_type": "host"
    },
    "send_bitrate_kbps": 0.0
  }
}
