[rig-host] m2_rig role=host scenario=soak dir=C:/Remote.deepflux.space/docs/reports/data/m6-sinkcheck/.sig-on-yRxsHC stream=70s seed=2026 drop-fast=10 reorder-fast=5 drop-reliable-every=40
[rig-host] metrics: C:/Remote.deepflux.space/docs/reports/data/m6-sinkcheck\sink-on-host-rig-host.jsonl
[rig-host] gpu: NVIDIA GeForce RTX 5080 Laptop GPU
[rig-host] signaling: file(C:/Remote.deepflux.space/docs/reports/data/m6-sinkcheck/.sig-on-yRxsHC out=h2c.jsonl, in=c2h.jsonl)
[rig-host] host -> Registering
[rig-host] host -> Online
[rig-host] consent prompt #1, session rig-controller-ctrl-2 (auto-accept in 300 ms)
[rig-host] host -> ConsentPrompted
[rig-host] loop alive, host=ConsentPrompted
[rig-host] host -> Exchanging
[rig-host] host -> Connecting
[rig-host] host -> Connecting
[rig-host] session established: rig-controller-ctrl-2
[rig-host] host -> Connected
[rig-host] streaming started
[host] capture: \\.\DISPLAY5 at 3840x2160, pacer fps 60
[host] capture pacer mode: high-resolution waitable timer
[host] encoder: NVIDIA H.264 Encoder MFT (hardware, 1920x1080@60fps, 8000000 bps CBR, GOP 120)
[rig-host] loop alive, host=Connected
[rig-host] loop alive, host=Connected
[rig-host] loop alive, host=Connected
[rig-host] loop alive, host=Connected
[rig-host] loop alive, host=Connected
[rig-host] loop alive, host=Connected
[rig-host] loop alive, host=Connected
[rig-host] loop alive, host=Connected
[rig-host] loop alive, host=Connected
[rig-host] loop alive, host=Connected
[rig-host] loop alive, host=Connected
[rig-host] loop alive, host=Connected
[rig-host] loop alive, host=Connected
[rig-host] loop alive, host=Connected
[rig-host] loop alive, host=Connected
[rig-host] loop alive, host=Connected
[rig-host] loop alive, host=Connected
[rig-host] loop alive, host=Connected
[rig-host] loop alive, host=Connected
[rig-host] loop alive, host=Connected
[rig-host] loop alive, host=Connected
[rig-host] loop alive, host=Connected
[rig-host] loop alive, host=Connected
[rig-host] loop alive, host=Connected
[rig-host] loop alive, host=Connected
[rig-host] loop alive, host=Connected
[rig-host] loop alive, host=Connected
[rig-host] loop alive, host=Connected
[rig-host] loop alive, host=Connected
[rig-host] loop alive, host=Connected
[rig-host] loop alive, host=Connected
[rig-host] loop alive, host=Connected
[rig-host] loop alive, host=Connected
[rig-host] loop alive, host=Connected
[rig-host] loop alive, host=Connected
[rig-host] control goodbye received (User)
[rig-host] streaming stopped
[rig-host] session ended: Peer
[rig-host] host -> Disconnected
[rig-host] done marker observed
[rig-host] summary:
{
  "all_keys_up_disconnect": 2,
  "channel_open_order": [
    "control",
    "cursor",
    "input-reliable",
    "input-fast"
  ],
  "cursor": {
    "overlays_received": 0,
    "shapes_received": 0,
    "slot_replaced": 0,
    "slot_taken": 0
  },
  "device": "rig-host",
  "elapsed_s": 73.5417915,
  "failed": false,
  "failures": [],
  "host": {
    "cursor_only_updates": 8,
    "cursor_positions_available": 5,
    "device_lost": 0,
    "encode_deferred": 1,
    "encode_size": "1920x1080",
    "fps_effective": 2.1972577783474665,
    "fps_retargets": 0,
    "fps_target": 60,
    "frames_captured": 173,
    "frames_encoded": 154,
    "keyframe_forced": 4,
    "keyframes": 5,
    "pacer": {
      "fps_tick_rate": 34.74235513166286,
      "skipped": 4114,
      "ticks": 2435
    },
    "reconfig_errors": 0,
    "reconfig_live": 0,
    "reconfig_rebuilt": 0,
    "stream_secs": 70.0873614
  },
  "input": {
    "all_keys_up": 2,
    "final_position": null,
    "held_at_end": 0,
    "inject_errors": 0,
    "moves_applied": 0,
    "moves_stale_suppressed": 0,
    "reliable_applied": 0,
    "reliable_duplicates_suppressed": 0,
    "reliable_stale_suppressed": 0,
    "sequence_gaps": 0
  },
  "metrics": {
    "backpressure_events": 0,
    "path": "C:/Remote.deepflux.space/docs/reports/data/m6-sinkcheck\\sink-on-host-rig-host.jsonl",
    "records": 1268
  },
  "node_counters": {
    "apply_answer_errors": 0,
    "compose_errors": 0,
    "envelopes_received": 4,
    "envelopes_sent": 7,
    "heartbeats_raised": 4,
    "ice_forward_errors": 0,
    "ice_forwarded": 1,
    "ice_minted": 1,
    "illegal_transitions": 0,
    "late_channels_open": 0,
    "register_acked": 1,
    "wire_sent": 9
  },
  "proc": {
    "final": {
      "handles": 617,
      "private_mib": 282.296875,
      "threads": 39,
      "ws_mib": 103.12109375
    },
    "per_session": [],
    "per_session_end": [
      {
        "handles": 642,
        "private_mib": 293.38671875,
        "threads": 43,
        "ws_mib": 112.92578125
      }
    ]
  },
  "prompts": 1,
  "real_input": false,
  "role": "host",
  "scenario": "soak",
  "sessions": {
    "connect_attempts_ms": [],
    "ends": [
      "Peer"
    ],
    "established": [
      "rig-controller-ctrl-2"
    ],
    "netchange_at_stream_elapsed_s": 0.0
  },
  "transport_failures": 0,
  "transport_stats": {
    "events_dropped_drain_queue": 0,
    "frames_dropped_rx_queue": 0,
    "frames_received": 0,
    "frames_sent": 149,
    "loss_percent": null,
    "packets_lost": 0,
    "packets_received": 0,
    "packets_sent": 816,
    "recv_bitrate_kbps": null,
    "relay_in_use": false,
    "rtt_ms": 0.1414,
    "selected_pair": {
      "local": "127.0.0.1:54353",
      "local_type": "host",
      "nominated": true,
      "remote": "127.0.0.1:54354",
      "remote_type": "host"
    },
    "send_bitrate_kbps": 169.43682105085938
  }
}
