[rig-controller] m2_rig role=controller scenario=soak dir=C:/Remote.deepflux.space/docs/reports/data/m6-diag/.sig-FqT3ws stream=240s seed=2026 drop-fast=0 reorder-fast=0 drop-reliable-every=0
[rig-controller] metrics: C:/Remote.deepflux.space/docs/reports/data/m6-diag\diag-ctrl-rig-controller.jsonl
[rig-controller] gpu: NVIDIA GeForce RTX 5080 Laptop GPU
[rig-controller] signaling: file(C:/Remote.deepflux.space/docs/reports/data/m6-diag/.sig-FqT3ws out=c2h.jsonl, in=h2c.jsonl)
[rig-controller] controller -> Registering
[rig-controller] controller -> Online
[rig-controller] controller -> Requesting
[rig-controller] connect_request sent
[rig-controller] controller -> Offering
[rig-controller] controller -> Connecting
[rig-controller] session established: rig-controller-ctrl-2
[rig-controller] controller -> Connected
[rig-controller] rendering started
[rig-controller] connected in 1189 ms
[controller] decoder: Microsoft H264 Video Decoder MFT (hardware, 1920x1080, DXVA)
[controller] decode error: codec bounded wait expired: decoder needs more input (expected one-in-one-out)
[controller] decode error: codec bounded wait expired: decoder needs more input (expected one-in-one-out)
[rig-controller] input chaos phase starting
[rig-controller] chaos done: dropped=0 reordered=0
[controller] decode error: codec bounded wait expired: decoder needs more input (expected one-in-one-out)
[controller] decode error: codec bounded wait expired: decoder needs more input (expected one-in-one-out)
[controller] decode error: codec bounded wait expired: decoder needs more input (expected one-in-one-out)
[controller] decode error: codec bounded wait expired: decoder needs more input (expected one-in-one-out)
[controller] decode error: codec bounded wait expired: decoder needs more input (expected one-in-one-out)
[controller] decode error: codec bounded wait expired: decoder needs more input (expected one-in-one-out)
[controller] decode error: codec bounded wait expired: decoder needs more input (expected one-in-one-out)
[controller] decode error: codec bounded wait expired: decoder needs more input (expected one-in-one-out)
[controller] decode error: codec bounded wait expired: decoder needs more input (expected one-in-one-out)
[controller] decode error: codec bounded wait expired: decoder needs more input (expected one-in-one-out)
[controller] decode error: codec bounded wait expired: decoder needs more input (expected one-in-one-out)
[controller] decode error: codec bounded wait expired: decoder needs more input (expected one-in-one-out)
[controller] decode error: codec bounded wait expired: decoder needs more input (expected one-in-one-out)
[controller] decode error: codec bounded wait expired: decoder needs more input (expected one-in-one-out)
[controller] decode error: codec bounded wait expired: decoder needs more input (expected one-in-one-out)
[controller] decode error: codec bounded wait expired: decoder needs more input (expected one-in-one-out)
[controller] decode error: codec bounded wait expired: decoder needs more input (expected one-in-one-out)
[controller] decode error: codec bounded wait expired: decoder needs more input (expected one-in-one-out)
[controller] decode error: codec bounded wait expired: decoder needs more input (expected one-in-one-out)
[controller] decode error: codec bounded wait expired: decoder needs more input (expected one-in-one-out)
[controller] decode error: codec bounded wait expired: decoder needs more input (expected one-in-one-out)
[controller] decode error: codec bounded wait expired: decoder needs more input (expected one-in-one-out)
[controller] decode error: codec bounded wait expired: decoder needs more input (expected one-in-one-out)
[controller] decode error: codec bounded wait expired: decoder needs more input (expected one-in-one-out)
[controller] decode error: codec bounded wait expired: decoder needs more input (expected one-in-one-out)
[controller] decode error: codec bounded wait expired: decoder needs more input (expected one-in-one-out)
[controller] decode error: codec bounded wait expired: decoder needs more input (expected one-in-one-out)
[controller] decode error: codec bounded wait expired: decoder needs more input (expected one-in-one-out)
[controller] decode error: codec bounded wait expired: decoder needs more input (expected one-in-one-out)
[controller] decode error: codec bounded wait expired: decoder needs more input (expected one-in-one-out)
[controller] decode error: codec bounded wait expired: decoder needs more input (expected one-in-one-out)
[controller] decode error: codec bounded wait expired: decoder needs more input (expected one-in-one-out)
[controller] decode error: codec bounded wait expired: decoder needs more input (expected one-in-one-out)
[controller] decode error: codec bounded wait expired: decoder needs more input (expected one-in-one-out)
[controller] decode error: codec bounded wait expired: decoder needs more input (expected one-in-one-out)
[controller] decode error: codec bounded wait expired: decoder needs more input (expected one-in-one-out)
[controller] decode error: codec bounded wait expired: decoder needs more input (expected one-in-one-out)
[controller] decode error: codec bounded wait expired: decoder needs more input (expected one-in-one-out)
[controller] decode error: codec bounded wait expired: decoder needs more input (expected one-in-one-out)
[controller] decode error: codec bounded wait expired: decoder needs more input (expected one-in-one-out)
[controller] decode error: codec bounded wait expired: decoder needs more input (expected one-in-one-out)
[controller] decode error: codec bounded wait expired: decoder needs more input (expected one-in-one-out)
[controller] decode error: codec bounded wait expired: decoder needs more input (expected one-in-one-out)
[controller] decode error: codec bounded wait expired: decoder needs more input (expected one-in-one-out)
[controller] decode error: codec bounded wait expired: decoder needs more input (expected one-in-one-out)
[controller] decode error: codec bounded wait expired: decoder needs more input (expected one-in-one-out)
[controller] decode error: codec bounded wait expired: decoder needs more input (expected one-in-one-out)
[rig-controller] rendering stopped
[rig-controller] session ended: User
[rig-controller] controller -> Disconnected
[rig-controller] disconnect sent; draining
[rig-controller] summary:
{
  "all_keys_up_disconnect": 0,
  "channel_open_order": [
    "cursor",
    "input-reliable",
    "control",
    "input-fast"
  ],
  "chaos": {
    "dropped": 0,
    "final_position_sent": [
      30176,
      19104
    ],
    "moves_sent": 20000,
    "reliable_send_errors": 0,
    "reliable_sent": 667,
    "reordered": 0,
    "seed": 2026
  },
  "congestion": {
    "enabled": false,
    "events": [],
    "input_delay_delivered": 0,
    "input_delay_dropped": 0,
    "input_delay_ms": 0
  },
  "controller": {
    "decode_errors": 49,
    "device_lost": 0,
    "fps_presented": 7.919557891834669,
    "frame_id_gaps": 178,
    "frames_decoded": 1901,
    "frames_missing_packets": 5,
    "frames_presented": 1901,
    "frames_received": 2464,
    "frames_without_frame_id": 0,
    "idr_gate_drops": 514,
    "keyframe_requests_sent": 182,
    "render_secs": 240.0386519
  },
  "cursor": {
    "overlays_received": 1,
    "shapes_received": 0,
    "slot_replaced": 0,
    "slot_taken": 0
  },
  "device": "rig-controller",
  "elapsed_s": 242.3867427,
  "failed": false,
  "failures": [],
  "input": null,
  "metrics": {
    "backpressure_events": 0,
    "path": "C:/Remote.deepflux.space/docs/reports/data/m6-diag\\diag-ctrl-rig-controller.jsonl",
    "records": 54106
  },
  "netem": {
    "initial": null,
    "schedule": null
  },
  "node_counters": {
    "apply_answer_errors": 0,
    "compose_errors": 0,
    "envelopes_received": 3,
    "envelopes_sent": 20,
    "heartbeats_raised": 16,
    "ice_forward_errors": 0,
    "ice_forwarded": 1,
    "ice_minted": 1,
    "illegal_transitions": 0,
    "late_channels_open": 0,
    "register_acked": 1,
    "wire_sent": 20851
  },
  "proc": {
    "final": {
      "handles": 614,
      "private_mib": 108.61328125,
      "threads": 40,
      "ws_mib": 82.70703125
    },
    "per_session": [
      {
        "handles": 664,
        "private_mib": 120.01171875,
        "session": "rig-controller-ctrl-2",
        "threads": 45,
        "ws_mib": 93.60546875
      }
    ],
    "per_session_end": [
      {
        "handles": 631,
        "private_mib": 119.890625,
        "threads": 44,
        "ws_mib": 93.78515625
      }
    ]
  },
  "prompts": 0,
  "real_input": false,
  "role": "controller",
  "scenario": "soak",
  "sessions": {
    "connect_attempts_ms": [
      [
        "rig-controller-ctrl-2",
        1189
      ]
    ],
    "ends": [
      "User"
    ],
    "established": [
      "rig-controller-ctrl-2"
    ],
    "netchange_at_stream_elapsed_s": 0.0
  },
  "transport_failures": 0,
  "transport_stats": {
    "events_dropped_drain_queue": 0,
    "frames_dropped_rx_queue": 69,
    "frames_received": 2460,
    "frames_sent": 0,
    "loss_percent": 3.8675169718164986,
    "packets_lost": 188,
    "packets_received": 4673,
    "packets_sent": 0,
    "recv_bitrate_kbps": 122.5940635872462,
    "relay_in_use": false,
    "rtt_ms": 0.2648,
    "selected_pair": {
      "local": "127.0.0.1:65497",
      "local_type": "host",
      "nominated": true,
      "remote": "127.0.0.1:65496",
      "remote_type": "host"
    },
    "send_bitrate_kbps": null
  }
}
