[rig-controller] m2_rig role=controller scenario=soak dir=C:/Remote.deepflux.space/docs/reports/data/m6-shipfix/.sigF71-uDgwoC stream=40s seed=2026 drop-fast=0 reorder-fast=0 drop-reliable-every=0
[rig-controller] metrics: C:/Remote.deepflux.space/docs/reports/data/m6-shipfix\f71-death-ctrl-rig-controller-2.jsonl
[rig-controller] gpu: NVIDIA GeForce RTX 5080 Laptop GPU
[rig-controller] signaling: file(C:/Remote.deepflux.space/docs/reports/data/m6-shipfix/.sigF71-uDgwoC out=c2h.jsonl, in=h2c.jsonl)
[rig-controller] controller -> Registering
[rig-controller] controller -> Online
[rig-controller] controller -> Requesting
[rig-controller] connect_request sent
[rig-controller] controller -> Offering
[rig-controller] controller -> Connecting
[rig-controller] session established: rig-controller-ctrl-2
[rig-controller] controller -> Connected
[rig-controller] rendering started
[rig-controller] connected in 1175 ms
[controller] decoder: Microsoft H264 Video Decoder MFT (hardware, 1920x1080, DXVA)
[rig-controller] rendering stopped
[rig-controller] session ended: Peer
[rig-controller] controller -> Disconnected
[rig-controller] control goodbye received (TransportError)
[rig-controller] tearing transport down after goodbye
[rig-controller] teardown complete, host=Idle
[rig-controller] controller -> Registering
[rig-controller] controller -> Online
[rig-controller] input chaos phase starting
[rig-controller] chaos done: dropped=0 reordered=0
[controller] tolerated illegal transition: Disconnect in Online
[rig-controller] disconnect sent; draining
[rig-controller] summary:
{
  "all_keys_up_disconnect": 0,
  "channel_open_order": [],
  "chaos": {
    "dropped": 0,
    "final_position_sent": [
      6200,
      7400
    ],
    "moves_sent": 200,
    "reliable_send_errors": 7,
    "reliable_sent": 7,
    "reordered": 0,
    "seed": 2026
  },
  "congestion": {
    "enabled": false,
    "events": [],
    "input_delay_delivered": 0,
    "input_delay_dropped": 0,
    "input_delay_ms": 0
  },
  "controller": {
    "decode_errors": 0,
    "device_lost": 0,
    "fps_presented": 22.986652943634862,
    "frame_id_gaps": 1,
    "frames_decoded": 16,
    "frames_missing_packets": 0,
    "frames_presented": 16,
    "frames_received": 18,
    "frames_without_frame_id": 0,
    "idr_gate_drops": 2,
    "keyframe_requests_sent": 1,
    "render_secs": 0.6960561
  },
  "cursor": {
    "overlays_received": 1,
    "shapes_received": 0,
    "slot_replaced": 0,
    "slot_taken": 0
  },
  "device": "rig-controller",
  "elapsed_s": 42.1176684,
  "failed": false,
  "failures": [],
  "input": null,
  "metrics": {
    "backpressure_events": 0,
    "disabled": false,
    "path": "C:/Remote.deepflux.space/docs/reports/data/m6-shipfix\\f71-death-ctrl-rig-controller-2.jsonl",
    "records": 148
  },
  "netem": {
    "initial": null,
    "schedule": null
  },
  "node_counters": {
    "apply_answer_errors": 0,
    "compose_errors": 0,
    "envelopes_received": 4,
    "envelopes_sent": 6,
    "heartbeats_raised": 2,
    "ice_forward_errors": 0,
    "ice_forwarded": 1,
    "ice_minted": 1,
    "illegal_transitions": 1,
    "late_channels_open": 0,
    "register_acked": 2,
    "wire_sent": 210
  },
  "proc": {
    "final": {
      "handles": 606,
      "private_mib": 104.21484375,
      "threads": 42,
      "ws_mib": 74.05859375
    },
    "per_session": [],
    "per_session_end": [
      {
        "handles": 630,
        "private_mib": 115.70703125,
        "threads": 49,
        "ws_mib": 84.2890625
      }
    ]
  },
  "prompts": 0,
  "real_input": false,
  "role": "controller",
  "scenario": "soak",
  "sessions": {
    "connect_attempts_ms": [
      [
        "rig-controller-ctrl-2",
        1175
      ]
    ],
    "ends": [
      "Peer"
    ],
    "established": [
      "rig-controller-ctrl-2"
    ],
    "netchange_at_stream_elapsed_s": 0.0
  },
  "transport_failures": 0,
  "transport_stats": {
    "channel_queues": {
      "control": {
        "capacity": 256,
        "depth": 0,
        "dequeued": 1,
        "dropped": 0,
        "enqueued": 1,
        "high_water": 1,
        "replaced": 0,
        "trail_overflow": 0
      },
      "cursor": {
        "capacity": 8,
        "depth": 0,
        "dequeued": 0,
        "dropped": 0,
        "enqueued": 0,
        "high_water": 0,
        "replaced": 0,
        "trail_overflow": 0
      },
      "input-fast": {
        "capacity": 32,
        "depth": 0,
        "dequeued": 0,
        "dropped": 0,
        "enqueued": 0,
        "high_water": 0,
        "replaced": 0,
        "trail_overflow": 0
      },
      "input-reliable": {
        "capacity": 256,
        "depth": 0,
        "dequeued": 0,
        "dropped": 0,
        "enqueued": 0,
        "high_water": 0,
        "replaced": 0,
        "trail_overflow": 0
      }
    },
    "events_dropped_drain_queue": 0,
    "frames_dropped_rx_queue": 0,
    "frames_received": 0,
    "frames_sent": 0,
    "loss_percent": null,
    "netem_queue": null,
    "packets_lost": 0,
    "packets_received": 0,
    "packets_sent": 0,
    "recv_bitrate_kbps": null,
    "relay_in_use": false,
    "rtt_ms": 0.1537,
    "selected_pair": {
      "local": "127.0.0.1:50752",
      "local_type": "host",
      "nominated": true,
      "remote": "127.0.0.1:52387",
      "remote_type": "host"
    },
    "send_bitrate_kbps": null
  }
}
