[rig-host] m2_rig role=host scenario=cycles dir=C:/Remote.deepflux.space/docs/reports/data/m6-shipfix/.sigClean-7QYDu1 stream=60s seed=2026 drop-fast=10 reorder-fast=5 drop-reliable-every=40
[rig-host] metrics: C:/Remote.deepflux.space/docs/reports/data/m6-shipfix\f73-clean-host-rig-host.jsonl
[rig-host] gpu: NVIDIA GeForce RTX 5080 Laptop GPU
[rig-host] signaling: file(C:/Remote.deepflux.space/docs/reports/data/m6-shipfix/.sigClean-7QYDu1 out=h2c.jsonl, in=c2h.jsonl)
[rig-host] host -> Registering
[rig-host] host -> Online
[rig-host] consent prompt #1, session rig-controller-ctrl-2 (auto-accept in 300 ms)
[rig-host] host -> ConsentPrompted
[rig-host] loop alive, host=ConsentPrompted
[rig-host] host -> Exchanging
[rig-host] host -> Connecting
[rig-host] host -> Connecting
[rig-host] session established: rig-controller-ctrl-2
[rig-host] host -> Connected
[rig-host] streaming started
[host] capture: \\.\DISPLAY5 at 3840x2160, pacer fps 60
[host] capture pacer mode: high-resolution waitable timer
[host] encoder: NVIDIA H.264 Encoder MFT (hardware, 1920x1080@60fps, 8000000 bps CBR, GOP 120)
[rig-host] loop alive, host=Connected
[rig-host] loop alive, host=Connected
[rig-host] loop alive, host=Connected
[rig-host] loop alive, host=Connected
[rig-host] loop alive, host=Connected
[rig-host] loop alive, host=Connected
[rig-host] loop alive, host=Connected
[rig-host] loop alive, host=Connected
[rig-host] loop alive, host=Connected
[rig-host] loop alive, host=Connected
[rig-host] loop alive, host=Connected
[rig-host] loop alive, host=Connected
[rig-host] control goodbye received (User)
[rig-host] streaming stopped
[rig-host] session ended: Peer
[rig-host] host -> Disconnected
[rig-host] loop alive, host=Disconnected
[rig-host] host -> Registering
[rig-host] host -> Online
[rig-host] consent prompt #2, session rig-controller-ctrl-8 (auto-accept in 300 ms)
[rig-host] host -> ConsentPrompted
[rig-host] host -> Exchanging
[rig-host] host -> Connecting
[rig-host] host -> Connecting
[rig-host] loop alive, host=Connecting
[rig-host] session established: rig-controller-ctrl-8
[rig-host] host -> Connected
[rig-host] streaming started
[host] encoder (reused): NVIDIA H.264 Encoder MFT (hardware, 1920x1080@60fps, 8000000 bps CBR, GOP 120)
[host] capture: reusing duplication
[host] capture: \\.\DISPLAY5 at 3840x2160, pacer fps 60
[host] capture pacer mode: high-resolution waitable timer
[rig-host] loop alive, host=Connected
[rig-host] loop alive, host=Connected
[rig-host] loop alive, host=Connected
[rig-host] loop alive, host=Connected
[rig-host] loop alive, host=Connected
[rig-host] loop alive, host=Connected
[rig-host] loop alive, host=Connected
[rig-host] loop alive, host=Connected
[rig-host] loop alive, host=Connected
[rig-host] loop alive, host=Connected
[rig-host] loop alive, host=Connected
[rig-host] loop alive, host=Connected
[rig-host] control goodbye received (User)
[rig-host] streaming stopped
[rig-host] session ended: Peer
[rig-host] host -> Disconnected
[rig-host] loop alive, host=Disconnected
[rig-host] host -> Registering
[rig-host] host -> Online
[rig-host] consent prompt #3, session rig-controller-ctrl-14 (auto-accept in 300 ms)
[rig-host] host -> ConsentPrompted
[rig-host] host -> Exchanging
[rig-host] host -> Connecting
[rig-host] host -> Connecting
[rig-host] session established: rig-controller-ctrl-14
[rig-host] host -> Connected
[rig-host] streaming started
[host] capture: reusing duplication
[host] capture: \\.\DISPLAY5 at 3840x2160, pacer fps 60
[host] capture pacer mode: high-resolution waitable timer
[host] encoder (reused): NVIDIA H.264 Encoder MFT (hardware, 1920x1080@60fps, 8000000 bps CBR, GOP 120)
[rig-host] loop alive, host=Connected
[rig-host] loop alive, host=Connected
[rig-host] loop alive, host=Connected
[rig-host] loop alive, host=Connected
[rig-host] loop alive, host=Connected
[rig-host] loop alive, host=Connected
[rig-host] loop alive, host=Connected
[rig-host] loop alive, host=Connected
[rig-host] loop alive, host=Connected
[rig-host] loop alive, host=Connected
[rig-host] loop alive, host=Connected
[rig-host] loop alive, host=Connected
[rig-host] loop alive, host=Connected
[rig-host] control goodbye received (User)
[rig-host] streaming stopped
[rig-host] session ended: Peer
[rig-host] host -> Disconnected
[rig-host] host -> Registering
[rig-host] host -> Online
[rig-host] consent prompt #4, session rig-controller-ctrl-20 (auto-accept in 300 ms)
[rig-host] host -> ConsentPrompted
[rig-host] host -> Exchanging
[rig-host] host -> Connecting
[rig-host] host -> Connecting
[rig-host] loop alive, host=Connecting
[rig-host] session established: rig-controller-ctrl-20
[rig-host] host -> Connected
[rig-host] streaming started
[host] encoder (reused): NVIDIA H.264 Encoder MFT (hardware, 1920x1080@60fps, 8000000 bps CBR, GOP 120)
[host] capture: reusing duplication
[host] capture: \\.\DISPLAY5 at 3840x2160, pacer fps 60
[host] capture pacer mode: high-resolution waitable timer
[rig-host] loop alive, host=Connected
[rig-host] loop alive, host=Connected
[rig-host] loop alive, host=Connected
[rig-host] loop alive, host=Connected
[rig-host] loop alive, host=Connected
[rig-host] loop alive, host=Connected
[rig-host] loop alive, host=Connected
[rig-host] loop alive, host=Connected
[rig-host] loop alive, host=Connected
[rig-host] loop alive, host=Connected
[rig-host] loop alive, host=Connected
[rig-host] loop alive, host=Connected
[rig-host] control goodbye received (User)
[rig-host] streaming stopped
[rig-host] session ended: Peer
[rig-host] host -> Disconnected
[rig-host] loop alive, host=Disconnected
[rig-host] host -> Registering
[rig-host] host -> Online
[rig-host] consent prompt #5, session rig-controller-ctrl-26 (auto-accept in 300 ms)
[rig-host] host -> ConsentPrompted
[rig-host] host -> Exchanging
[rig-host] host -> Connecting
[rig-host] host -> Connecting
[rig-host] loop alive, host=Connecting
[rig-host] session established: rig-controller-ctrl-26
[rig-host] host -> Connected
[rig-host] streaming started
[host] encoder (reused): NVIDIA H.264 Encoder MFT (hardware, 1920x1080@60fps, 8000000 bps CBR, GOP 120)
[host] capture: reusing duplication
[host] capture: \\.\DISPLAY5 at 3840x2160, pacer fps 60
[host] capture pacer mode: high-resolution waitable timer
[rig-host] loop alive, host=Connected
[rig-host] loop alive, host=Connected
[rig-host] loop alive, host=Connected
[rig-host] loop alive, host=Connected
[rig-host] loop alive, host=Connected
[rig-host] loop alive, host=Connected
[rig-host] loop alive, host=Connected
[rig-host] loop alive, host=Connected
[rig-host] loop alive, host=Connected
[rig-host] loop alive, host=Connected
[rig-host] loop alive, host=Connected
[rig-host] loop alive, host=Connected
[rig-host] control goodbye received (User)
[rig-host] streaming stopped
[rig-host] session ended: Peer
[rig-host] host -> Disconnected
[rig-host] loop alive, host=Disconnected
[rig-host] host -> Registering
[rig-host] host -> Online
[rig-host] consent prompt #6, session rig-controller-ctrl-32 (auto-accept in 300 ms)
[rig-host] host -> ConsentPrompted
[rig-host] host -> Exchanging
[rig-host] host -> Connecting
[rig-host] host -> Connecting
[rig-host] session established: rig-controller-ctrl-32
[rig-host] host -> Connected
[rig-host] streaming started
[host] encoder (reused): NVIDIA H.264 Encoder MFT (hardware, 1920x1080@60fps, 8000000 bps CBR, GOP 120)
[host] capture: reusing duplication
[host] capture: \\.\DISPLAY5 at 3840x2160, pacer fps 60
[host] capture pacer mode: high-resolution waitable timer
[rig-host] loop alive, host=Connected
[rig-host] loop alive, host=Connected
[rig-host] loop alive, host=Connected
[rig-host] loop alive, host=Connected
[rig-host] loop alive, host=Connected
[rig-host] loop alive, host=Connected
[rig-host] loop alive, host=Connected
[rig-host] loop alive, host=Connected
[rig-host] loop alive, host=Connected
[rig-host] loop alive, host=Connected
[rig-host] loop alive, host=Connected
[rig-host] loop alive, host=Connected
[rig-host] loop alive, host=Connected
[rig-host] control goodbye received (User)
[rig-host] streaming stopped
[rig-host] session ended: Peer
[rig-host] host -> Disconnected
[rig-host] host -> Registering
[rig-host] host -> Online
[rig-host] consent prompt #7, session rig-controller-ctrl-38 (auto-accept in 300 ms)
[rig-host] host -> ConsentPrompted
[rig-host] host -> Exchanging
[rig-host] host -> Connecting
[rig-host] host -> Connecting
[rig-host] loop alive, host=Connecting
[rig-host] session established: rig-controller-ctrl-38
[rig-host] host -> Connected
[rig-host] streaming started
[host] capture: reusing duplication
[host] capture: \\.\DISPLAY5 at 3840x2160, pacer fps 60
[host] capture pacer mode: high-resolution waitable timer
[host] encoder (reused): NVIDIA H.264 Encoder MFT (hardware, 1920x1080@60fps, 8000000 bps CBR, GOP 120)
[rig-host] loop alive, host=Connected
[rig-host] loop alive, host=Connected
[rig-host] loop alive, host=Connected
[rig-host] loop alive, host=Connected
[rig-host] loop alive, host=Connected
[rig-host] loop alive, host=Connected
[rig-host] loop alive, host=Connected
[rig-host] loop alive, host=Connected
[rig-host] loop alive, host=Connected
[rig-host] loop alive, host=Connected
[rig-host] loop alive, host=Connected
[rig-host] loop alive, host=Connected
[rig-host] control goodbye received (User)
[rig-host] streaming stopped
[rig-host] session ended: Peer
[rig-host] host -> Disconnected
[rig-host] loop alive, host=Disconnected
[rig-host] host -> Registering
[rig-host] host -> Online
[rig-host] consent prompt #8, session rig-controller-ctrl-44 (auto-accept in 300 ms)
[rig-host] host -> ConsentPrompted
[rig-host] host -> Exchanging
[rig-host] host -> Connecting
[rig-host] host -> Connecting
[rig-host] session established: rig-controller-ctrl-44
[rig-host] host -> Connected
[rig-host] streaming started
[host] capture: reusing duplication
[host] capture: \\.\DISPLAY5 at 3840x2160, pacer fps 60
[host] encoder (reused): NVIDIA H.264 Encoder MFT (hardware, 1920x1080@60fps, 8000000 bps CBR, GOP 120)
[host] capture pacer mode: high-resolution waitable timer
[rig-host] loop alive, host=Connected
[rig-host] loop alive, host=Connected
[rig-host] loop alive, host=Connected
[rig-host] loop alive, host=Connected
[rig-host] loop alive, host=Connected
[rig-host] loop alive, host=Connected
[rig-host] loop alive, host=Connected
[rig-host] loop alive, host=Connected
[rig-host] loop alive, host=Connected
[rig-host] loop alive, host=Connected
[rig-host] loop alive, host=Connected
[rig-host] loop alive, host=Connected
[rig-host] loop alive, host=Connected
[rig-host] control goodbye received (User)
[rig-host] streaming stopped
[rig-host] session ended: Peer
[rig-host] host -> Disconnected
[rig-host] done marker observed
[rig-host] summary:
{
  "all_keys_up_disconnect": 16,
  "channel_open_order": [
    "input-reliable",
    "input-fast",
    "cursor",
    "control",
    "control",
    "input-fast",
    "input-reliable",
    "cursor",
    "input-fast",
    "cursor",
    "input-reliable",
    "control",
    "cursor",
    "input-reliable",
    "control",
    "input-fast",
    "input-fast",
    "input-reliable",
    "cursor",
    "control",
    "control",
    "cursor",
    "input-reliable",
    "input-fast",
    "cursor",
    "input-reliable",
    "control",
    "input-fast",
    "cursor",
    "control",
    "input-reliable",
    "input-fast"
  ],
  "congestion": {
    "congestion_decisions": 0,
    "congestion_reconfigs": 0,
    "enabled": false,
    "encoder_rebuilds": 0,
    "events": [],
    "fps_retargets": 0,
    "reconfig_errors": 0,
    "resolution_step_down_rebuilds": 0
  },
  "cursor": {
    "overlays_received": 0,
    "shapes_received": 0,
    "slot_replaced": 0,
    "slot_taken": 0
  },
  "device": "rig-host",
  "elapsed_s": 219.7113753,
  "failed": false,
  "failures": [],
  "host": {
    "capture_dead": {
      "chaos_injected_after_frames": 0,
      "died": false,
      "reason": null,
      "session_end_after_ms": null
    },
    "capture_reinit": 0,
    "cursor_only_updates": 3,
    "cursor_positions_available": 3,
    "device_lost": 0,
    "encode_deferred": 4,
    "encode_size": "1920x1080",
    "fps_effective": 27.565921158827145,
    "fps_retargets": 0,
    "fps_target": 60,
    "frames_captured": 5557,
    "frames_encoded": 5525,
    "keyframe_forced": 22,
    "keyframes": 63,
    "pacer": {
      "fps_tick_rate": 46.954368149451994,
      "skipped": 6926,
      "ticks": 9411
    },
    "reconfig_errors": 0,
    "reconfig_live": 0,
    "reconfig_rebuilt": 0,
    "stream_secs": 200.42863679999996
  },
  "input": {
    "all_keys_up": 16,
    "final_position": [
      46500,
      55500
    ],
    "held_at_end": 0,
    "inject_errors": 0,
    "moves_applied": 1500,
    "moves_stale_suppressed": 0,
    "reliable_applied": 50,
    "reliable_duplicates_suppressed": 0,
    "reliable_stale_suppressed": 0,
    "sequence_gaps": 0
  },
  "metrics": {
    "backpressure_events": 0,
    "disabled": false,
    "path": "C:/Remote.deepflux.space/docs/reports/data/m6-shipfix\\f73-clean-host-rig-host.jsonl",
    "records": 29001
  },
  "node_counters": {
    "apply_answer_errors": 0,
    "compose_errors": 0,
    "envelopes_received": 32,
    "envelopes_sent": 32,
    "heartbeats_raised": 8,
    "ice_forward_errors": 0,
    "ice_forwarded": 8,
    "ice_minted": 8,
    "illegal_transitions": 0,
    "late_channels_open": 0,
    "register_acked": 8,
    "wire_sent": 14
  },
  "proc": {
    "final": {
      "handles": 591,
      "private_mib": 266.4296875,
      "threads": 38,
      "ws_mib": 99.58203125
    },
    "per_session": [],
    "per_session_end": [
      {
        "handles": 623,
        "private_mib": 263.94140625,
        "threads": 43,
        "ws_mib": 96.015625
      },
      {
        "handles": 621,
        "private_mib": 264.91015625,
        "threads": 44,
        "ws_mib": 97.42578125
      },
      {
        "handles": 622,
        "private_mib": 267.70703125,
        "threads": 41,
        "ws_mib": 100.33203125
      },
      {
        "handles": 631,
        "private_mib": 269.6640625,
        "threads": 43,
        "ws_mib": 102.41796875
      },
      {
        "handles": 622,
        "private_mib": 271.31640625,
        "threads": 40,
        "ws_mib": 104.37890625
      },
      {
        "handles": 628,
        "private_mib": 273.3046875,
        "threads": 42,
        "ws_mib": 106.3359375
      },
      {
        "handles": 631,
        "private_mib": 275.0859375,
        "threads": 42,
        "ws_mib": 108.10546875
      },
      {
        "handles": 632,
        "private_mib": 277.73046875,
        "threads": 42,
        "ws_mib": 110.47265625
      }
    ]
  },
  "prompts": 8,
  "real_input": false,
  "role": "host",
  "scenario": "cycles",
  "sessions": {
    "connect_attempts_ms": [],
    "ends": [
      "Peer",
      "Peer",
      "Peer",
      "Peer",
      "Peer",
      "Peer",
      "Peer",
      "Peer"
    ],
    "established": [
      "rig-controller-ctrl-2",
      "rig-controller-ctrl-8",
      "rig-controller-ctrl-14",
      "rig-controller-ctrl-20",
      "rig-controller-ctrl-26",
      "rig-controller-ctrl-32",
      "rig-controller-ctrl-38",
      "rig-controller-ctrl-44"
    ],
    "netchange_at_stream_elapsed_s": 0.0
  },
  "transport_failures": 0,
  "transport_stats": {
    "channel_queues": {
      "control": {
        "capacity": 256,
        "depth": 0,
        "dequeued": 1,
        "dropped": 0,
        "enqueued": 1,
        "high_water": 1,
        "replaced": 0,
        "trail_overflow": 0
      },
      "cursor": {
        "capacity": 8,
        "depth": 0,
        "dequeued": 0,
        "dropped": 0,
        "enqueued": 0,
        "high_water": 0,
        "replaced": 0,
        "trail_overflow": 0
      },
      "input-fast": {
        "capacity": 32,
        "depth": 0,
        "dequeued": 0,
        "dropped": 0,
        "enqueued": 0,
        "high_water": 0,
        "replaced": 0,
        "trail_overflow": 0
      },
      "input-reliable": {
        "capacity": 256,
        "depth": 0,
        "dequeued": 0,
        "dropped": 0,
        "enqueued": 0,
        "high_water": 0,
        "replaced": 0,
        "trail_overflow": 0
      }
    },
    "events_dropped_drain_queue": 0,
    "frames_dropped_rx_queue": 0,
    "frames_received": 0,
    "frames_sent": 1148,
    "loss_percent": null,
    "netem_queue": null,
    "packets_lost": 0,
    "packets_received": 0,
    "packets_sent": 5312,
    "recv_bitrate_kbps": null,
    "relay_in_use": false,
    "rtt_ms": 0.1735,
    "selected_pair": {
      "local": "127.0.0.1:63066",
      "local_type": "host",
      "nominated": true,
      "remote": "127.0.0.1:60476",
      "remote_type": "host"
    },
    "send_bitrate_kbps": 2625.8351930930758
  }
}
