[rig-controller] m2_rig role=controller scenario=cycles dir=C:/Remote.deepflux.space/docs/reports/data/m6-shipfix/.sigClean-7QYDu1 stream=60s seed=2026 drop-fast=0 reorder-fast=0 drop-reliable-every=0
[rig-controller] metrics: C:/Remote.deepflux.space/docs/reports/data/m6-shipfix\f73-clean-ctrl-rig-controller.jsonl
[rig-controller] gpu: NVIDIA GeForce RTX 5080 Laptop GPU
[rig-controller] signaling: file(C:/Remote.deepflux.space/docs/reports/data/m6-shipfix/.sigClean-7QYDu1 out=c2h.jsonl, in=h2c.jsonl)
[rig-controller] controller -> Registering
[rig-controller] controller -> Online
[rig-controller] controller -> Requesting
[rig-controller] connect_request sent
[rig-controller] controller -> Offering
[rig-controller] controller -> Connecting
[rig-controller] session established: rig-controller-ctrl-2
[rig-controller] controller -> Connected
[rig-controller] rendering started
[rig-controller] connected in 1174 ms
[controller] decoder: Microsoft H264 Video Decoder MFT (hardware, 1920x1080, DXVA)
[rig-controller] input chaos phase starting
[rig-controller] chaos done: dropped=0 reordered=0
[rig-controller] rendering stopped
[rig-controller] session ended: User
[rig-controller] controller -> Disconnected
[rig-controller] disconnect sent; draining
[rig-controller] controller -> Registering
[rig-controller] controller -> Online
[rig-controller] controller -> Requesting
[rig-controller] controller -> Offering
[rig-controller] controller -> Connecting
[rig-controller] session established: rig-controller-ctrl-8
[rig-controller] controller -> Connected
[rig-controller] rendering started
[rig-controller] connected in 1181 ms
[controller] decoder (reused): Microsoft H264 Video Decoder MFT (hardware, 1920x1080, DXVA)
[rig-controller] rendering stopped
[rig-controller] session ended: User
[rig-controller] controller -> Disconnected
[rig-controller] disconnect sent; draining
[rig-controller] controller -> Registering
[rig-controller] controller -> Online
[rig-controller] controller -> Requesting
[rig-controller] controller -> Offering
[rig-controller] controller -> Connecting
[rig-controller] session established: rig-controller-ctrl-14
[rig-controller] controller -> Connected
[rig-controller] rendering started
[rig-controller] connected in 1208 ms
[controller] decoder (reused): Microsoft H264 Video Decoder MFT (hardware, 1920x1080, DXVA)
[rig-controller] rendering stopped
[rig-controller] session ended: User
[rig-controller] controller -> Disconnected
[rig-controller] disconnect sent; draining
[rig-controller] controller -> Registering
[rig-controller] controller -> Online
[rig-controller] controller -> Requesting
[rig-controller] controller -> Offering
[rig-controller] controller -> Connecting
[rig-controller] session established: rig-controller-ctrl-20
[rig-controller] controller -> Connected
[rig-controller] rendering started
[rig-controller] connected in 1187 ms
[controller] decoder (reused): Microsoft H264 Video Decoder MFT (hardware, 1920x1080, DXVA)
[rig-controller] rendering stopped
[rig-controller] session ended: User
[rig-controller] controller -> Disconnected
[rig-controller] disconnect sent; draining
[rig-controller] controller -> Registering
[rig-controller] controller -> Online
[rig-controller] controller -> Requesting
[rig-controller] controller -> Offering
[rig-controller] controller -> Connecting
[rig-controller] session established: rig-controller-ctrl-26
[rig-controller] controller -> Connected
[rig-controller] rendering started
[rig-controller] connected in 1173 ms
[controller] decoder (reused): Microsoft H264 Video Decoder MFT (hardware, 1920x1080, DXVA)
[rig-controller] rendering stopped
[rig-controller] session ended: User
[rig-controller] controller -> Disconnected
[rig-controller] disconnect sent; draining
[rig-controller] controller -> Registering
[rig-controller] controller -> Online
[rig-controller] controller -> Requesting
[rig-controller] controller -> Offering
[rig-controller] controller -> Connecting
[rig-controller] session established: rig-controller-ctrl-32
[rig-controller] controller -> Connected
[rig-controller] rendering started
[rig-controller] connected in 1173 ms
[controller] decoder (reused): Microsoft H264 Video Decoder MFT (hardware, 1920x1080, DXVA)
[rig-controller] rendering stopped
[rig-controller] session ended: User
[rig-controller] controller -> Disconnected
[rig-controller] disconnect sent; draining
[rig-controller] controller -> Registering
[rig-controller] controller -> Online
[rig-controller] controller -> Requesting
[rig-controller] controller -> Offering
[rig-controller] controller -> Connecting
[rig-controller] session established: rig-controller-ctrl-38
[rig-controller] controller -> Connected
[rig-controller] rendering started
[rig-controller] connected in 1165 ms
[controller] decoder (reused): Microsoft H264 Video Decoder MFT (hardware, 1920x1080, DXVA)
[rig-controller] rendering stopped
[rig-controller] session ended: User
[rig-controller] controller -> Disconnected
[rig-controller] disconnect sent; draining
[rig-controller] controller -> Registering
[rig-controller] controller -> Online
[rig-controller] controller -> Requesting
[rig-controller] controller -> Offering
[rig-controller] controller -> Connecting
[rig-controller] session established: rig-controller-ctrl-44
[rig-controller] controller -> Connected
[rig-controller] rendering started
[rig-controller] connected in 1167 ms
[controller] decoder (reused): Microsoft H264 Video Decoder MFT (hardware, 1920x1080, DXVA)
[rig-controller] rendering stopped
[rig-controller] session ended: User
[rig-controller] controller -> Disconnected
[rig-controller] disconnect sent; draining
[rig-controller] summary:
{
  "all_keys_up_disconnect": 0,
  "channel_open_order": [
    "cursor",
    "input-fast",
    "input-reliable",
    "control",
    "cursor",
    "control",
    "input-fast",
    "input-reliable",
    "control",
    "cursor",
    "input-reliable",
    "input-fast",
    "input-reliable",
    "control",
    "input-fast",
    "cursor",
    "input-fast",
    "input-reliable",
    "cursor",
    "control",
    "control",
    "cursor",
    "input-reliable",
    "input-fast",
    "input-fast",
    "control",
    "cursor",
    "input-reliable",
    "cursor",
    "control",
    "input-reliable",
    "input-fast"
  ],
  "chaos": {
    "dropped": 0,
    "final_position_sent": [
      46500,
      55500
    ],
    "moves_sent": 1500,
    "reliable_send_errors": 0,
    "reliable_sent": 50,
    "reordered": 0,
    "seed": 2026
  },
  "congestion": {
    "enabled": false,
    "events": [],
    "input_delay_delivered": 0,
    "input_delay_dropped": 0,
    "input_delay_ms": 0
  },
  "controller": {
    "decode_errors": 0,
    "device_lost": 0,
    "fps_presented": 27.063673783464825,
    "frame_id_gaps": 16,
    "frames_decoded": 5422,
    "frames_missing_packets": 0,
    "frames_presented": 5422,
    "frames_received": 5503,
    "frames_without_frame_id": 0,
    "idr_gate_drops": 81,
    "keyframe_requests_sent": 16,
    "render_secs": 200.34234980000002
  },
  "cursor": {
    "overlays_received": 3,
    "shapes_received": 0,
    "slot_replaced": 0,
    "slot_taken": 0
  },
  "device": "rig-controller",
  "elapsed_s": 218.7103171,
  "failed": false,
  "failures": [],
  "input": null,
  "metrics": {
    "backpressure_events": 0,
    "disabled": false,
    "path": "C:/Remote.deepflux.space/docs/reports/data/m6-shipfix\\f73-clean-ctrl-rig-controller.jsonl",
    "records": 31744
  },
  "netem": {
    "initial": null,
    "schedule": null
  },
  "node_counters": {
    "apply_answer_errors": 0,
    "compose_errors": 0,
    "envelopes_received": 24,
    "envelopes_sent": 40,
    "heartbeats_raised": 8,
    "ice_forward_errors": 0,
    "ice_forwarded": 8,
    "ice_minted": 8,
    "illegal_transitions": 0,
    "late_channels_open": 0,
    "register_acked": 8,
    "wire_sent": 1582
  },
  "proc": {
    "final": {
      "handles": 618,
      "private_mib": 111.82421875,
      "threads": 40,
      "ws_mib": 84.26953125
    },
    "per_session": [
      {
        "handles": 658,
        "private_mib": 117.26171875,
        "session": "rig-controller-ctrl-2",
        "threads": 47,
        "ws_mib": 88.8359375
      },
      {
        "handles": 657,
        "private_mib": 117.71875,
        "session": "rig-controller-ctrl-8",
        "threads": 48,
        "ws_mib": 89.8515625
      },
      {
        "handles": 659,
        "private_mib": 118.52734375,
        "session": "rig-controller-ctrl-14",
        "threads": 45,
        "ws_mib": 90.9921875
      },
      {
        "handles": 662,
        "private_mib": 119.8359375,
        "session": "rig-controller-ctrl-20",
        "threads": 46,
        "ws_mib": 92.21875
      },
      {
        "handles": 653,
        "private_mib": 120.8125,
        "session": "rig-controller-ctrl-26",
        "threads": 43,
        "ws_mib": 93.2890625
      },
      {
        "handles": 661,
        "private_mib": 122.1015625,
        "session": "rig-controller-ctrl-32",
        "threads": 46,
        "ws_mib": 94.4296875
      },
      {
        "handles": 664,
        "private_mib": 122.66796875,
        "session": "rig-controller-ctrl-38",
        "threads": 46,
        "ws_mib": 94.984375
      },
      {
        "handles": 665,
        "private_mib": 123.234375,
        "session": "rig-controller-ctrl-44",
        "threads": 46,
        "ws_mib": 95.48046875
      }
    ],
    "per_session_end": [
      {
        "handles": 627,
        "private_mib": 117.1640625,
        "threads": 47,
        "ws_mib": 89.015625
      },
      {
        "handles": 627,
        "private_mib": 117.57421875,
        "threads": 46,
        "ws_mib": 89.7578125
      },
      {
        "handles": 629,
        "private_mib": 118.3828125,
        "threads": 43,
        "ws_mib": 90.8984375
      },
      {
        "handles": 632,
        "private_mib": 119.69140625,
        "threads": 44,
        "ws_mib": 92.125
      },
      {
        "handles": 625,
        "private_mib": 120.6953125,
        "threads": 42,
        "ws_mib": 93.2109375
      },
      {
        "handles": 631,
        "private_mib": 121.953125,
        "threads": 44,
        "ws_mib": 94.3359375
      },
      {
        "handles": 634,
        "private_mib": 122.5234375,
        "threads": 44,
        "ws_mib": 94.890625
      },
      {
        "handles": 635,
        "private_mib": 123.08984375,
        "threads": 44,
        "ws_mib": 95.390625
      }
    ]
  },
  "prompts": 0,
  "real_input": false,
  "role": "controller",
  "scenario": "cycles",
  "sessions": {
    "connect_attempts_ms": [
      [
        "rig-controller-ctrl-2",
        1174
      ],
      [
        "rig-controller-ctrl-8",
        1181
      ],
      [
        "rig-controller-ctrl-14",
        1208
      ],
      [
        "rig-controller-ctrl-20",
        1187
      ],
      [
        "rig-controller-ctrl-26",
        1173
      ],
      [
        "rig-controller-ctrl-32",
        1173
      ],
      [
        "rig-controller-ctrl-38",
        1165
      ],
      [
        "rig-controller-ctrl-44",
        1167
      ]
    ],
    "ends": [
      "User",
      "User",
      "User",
      "User",
      "User",
      "User",
      "User",
      "User"
    ],
    "established": [
      "rig-controller-ctrl-2",
      "rig-controller-ctrl-8",
      "rig-controller-ctrl-14",
      "rig-controller-ctrl-20",
      "rig-controller-ctrl-26",
      "rig-controller-ctrl-32",
      "rig-controller-ctrl-38",
      "rig-controller-ctrl-44"
    ],
    "netchange_at_stream_elapsed_s": 0.0
  },
  "transport_failures": 0,
  "transport_stats": {
    "channel_queues": {
      "control": {
        "capacity": 256,
        "depth": 0,
        "dequeued": 2,
        "dropped": 0,
        "enqueued": 2,
        "high_water": 1,
        "replaced": 0,
        "trail_overflow": 0
      },
      "cursor": {
        "capacity": 8,
        "depth": 0,
        "dequeued": 0,
        "dropped": 0,
        "enqueued": 0,
        "high_water": 0,
        "replaced": 0,
        "trail_overflow": 0
      },
      "input-fast": {
        "capacity": 32,
        "depth": 0,
        "dequeued": 0,
        "dropped": 0,
        "enqueued": 0,
        "high_water": 0,
        "replaced": 0,
        "trail_overflow": 0
      },
      "input-reliable": {
        "capacity": 256,
        "depth": 0,
        "dequeued": 0,
        "dropped": 0,
        "enqueued": 0,
        "high_water": 0,
        "replaced": 0,
        "trail_overflow": 0
      }
    },
    "events_dropped_drain_queue": 0,
    "frames_dropped_rx_queue": 0,
    "frames_received": 1176,
    "frames_sent": 0,
    "loss_percent": 0.0,
    "netem_queue": null,
    "packets_lost": 0,
    "packets_received": 5368,
    "packets_sent": 0,
    "recv_bitrate_kbps": 1908.7432613948956,
    "relay_in_use": false,
    "rtt_ms": 0.1623,
    "selected_pair": {
      "local": "127.0.0.1:60476",
      "local_type": "host",
      "nominated": true,
      "remote": "127.0.0.1:63066",
      "remote_type": "host"
    },
    "send_bitrate_kbps": null
  }
}
