[rig-host] m2_rig role=host scenario=soak dir=C:/Remote.deepflux.space/docs/reports/data/m6-repeat/.sig-udfpbp stream=3600s seed=2026 drop-fast=10 reorder-fast=5 drop-reliable-every=40
[rig-host] metrics: C:/Remote.deepflux.space/docs/reports/data/m6-repeat\m6-soak-host-rig-host.jsonl
[rig-host] gpu: NVIDIA GeForce RTX 5080 Laptop GPU
[rig-host] signaling: file(C:/Remote.deepflux.space/docs/reports/data/m6-repeat/.sig-udfpbp out=h2c.jsonl, in=c2h.jsonl)
[rig-host] host -> Registering
[rig-host] host -> Online
[rig-host] consent prompt #1, session rig-controller-ctrl-2 (auto-accept in 300 ms)
[rig-host] host -> ConsentPrompted
[rig-host] loop alive, host=ConsentPrompted
[rig-host] host -> Exchanging
[rig-host] host -> Connecting
[rig-host] host -> Connecting
[rig-host] session established: rig-controller-ctrl-2
[rig-host] host -> Connected
[rig-host] streaming started
[host] capture: \\.\DISPLAY5 at 3840x2160, pacer fps 60
[host] capture pacer mode: high-resolution waitable timer
[rig-host] congestion decision: bitrate=Some(3600000) fps=None res_down=false ()
[host] encoder: NVIDIA H.264 Encoder MFT (hardware, 1920x1080@60fps, 8000000 bps CBR, GOP 120)
[host] congestion: bitrate -> 3600000 bps (live)
[rig-host] loop alive, host=Connected
[rig-host] loop alive, host=Connected
[rig-host] congestion decision: bitrate=Some(2700000) fps=None res_down=false ()
[host] congestion: bitrate -> 2700000 bps (live)
[rig-host] congestion decision: bitrate=Some(2025000) fps=Some(30) res_down=false (bandwidth collapsed: fps cap applied)
[host] congestion: fps cap 60 -> 30
[host] congestion: bitrate -> 2025000 bps (live)
[rig-host] loop alive, host=Connected
[rig-host] congestion decision: bitrate=Some(1518750) fps=None res_down=false ()
[host] congestion: bitrate -> 1518750 bps (live)
[rig-host] congestion decision: bitrate=Some(1139062) fps=None res_down=false ()
[host] congestion: bitrate -> 1139062 bps (live)
[rig-host] loop alive, host=Connected
[rig-host] congestion decision: bitrate=Some(854296) fps=None res_down=false ()
[host] congestion: bitrate -> 854296 bps (live)
[rig-host] loop alive, host=Connected
[rig-host] congestion decision: bitrate=None fps=Some(15) res_down=false (bandwidth collapsed: fps cap applied)
[host] congestion: fps cap 30 -> 15
[rig-host] congestion decision: bitrate=Some(640722) fps=None res_down=false ()
[host] congestion: bitrate -> 640722 bps (live)
[rig-host] loop alive, host=Connected
[rig-host] loop alive, host=Connected
[rig-host] congestion decision: bitrate=Some(500000) fps=None res_down=false ()
[host] congestion: bitrate -> 500000 bps (live)
[rig-host] loop alive, host=Connected
[rig-host] loop alive, host=Connected
[rig-host] loop alive, host=Connected
[rig-host] loop alive, host=Connected
[rig-host] loop alive, host=Connected
[rig-host] loop alive, host=Connected
[rig-host] loop alive, host=Connected
[rig-host] loop alive, host=Connected
[rig-host] loop alive, host=Connected
[rig-host] loop alive, host=Connected
[rig-host] loop alive, host=Connected
[rig-host] loop alive, host=Connected
[rig-host] loop alive, host=Connected
[rig-host] loop alive, host=Connected
[rig-host] loop alive, host=Connected
[rig-host] loop alive, host=Connected
[rig-host] loop alive, host=Connected
[rig-host] loop alive, host=Connected
[rig-host] loop alive, host=Connected
[rig-host] loop alive, host=Connected
[rig-host] loop alive, host=Connected
[rig-host] loop alive, host=Connected
[rig-host] loop alive, host=Connected
[rig-host] loop alive, host=Connected
[rig-host] loop alive, host=Connected
[rig-host] loop alive, host=Connected
[rig-host] loop alive, host=Connected
[rig-host] congestion decision: bitrate=Some(800000) fps=None res_down=false ()
[host] congestion: bitrate -> 800000 bps (live)
[rig-host] loop alive, host=Connected
[rig-host] congestion decision: bitrate=Some(600000) fps=None res_down=false ()
[host] congestion: bitrate -> 600000 bps (live)
[rig-host] congestion decision: bitrate=Some(500000) fps=None res_down=false ()
[host] congestion: bitrate -> 500000 bps (live)
[rig-host] loop alive, host=Connected
[rig-host] loop alive, host=Connected
[rig-host] loop alive, host=Connected
[rig-host] loop alive, host=Connected
[rig-host] loop alive, host=Connected
[rig-host] loop alive, host=Connected
[rig-host] loop alive, host=Connected
[rig-host] loop alive, host=Connected
[rig-host] loop alive, host=Connected
[rig-host] loop alive, host=Connected
[rig-host] loop alive, host=Connected
[rig-host] loop alive, host=Connected
[rig-host] congestion decision: bitrate=Some(800000) fps=None res_down=false ()
[host] congestion: bitrate -> 800000 bps (live)
[rig-host] loop alive, host=Connected
[rig-host] loop alive, host=Connected
[rig-host] congestion decision: bitrate=Some(600000) fps=None res_down=false ()
[host] congestion: bitrate -> 600000 bps (live)
[rig-host] loop alive, host=Connected
[rig-host] congestion decision: bitrate=Some(500000) fps=None res_down=false ()
[host] congestion: bitrate -> 500000 bps (live)
[rig-host] loop alive, host=Connected
[rig-host] loop alive, host=Connected
[rig-host] loop alive, host=Connected
[rig-host] loop alive, host=Connected
[rig-host] loop alive, host=Connected
[rig-host] loop alive, host=Connected
[rig-host] loop alive, host=Connected
[rig-host] loop alive, host=Connected
[rig-host] loop alive, host=Connected
[rig-host] loop alive, host=Connected
[rig-host] loop alive, host=Connected
[rig-host] loop alive, host=Connected
[rig-host] loop alive, host=Connected
[rig-host] loop alive, host=Connected
[rig-host] loop alive, host=Connected
[rig-host] loop alive, host=Connected
[rig-host] loop alive, host=Connected
[rig-host] loop alive, host=Connected
[rig-host] loop alive, host=Connected
[rig-host] congestion decision: bitrate=Some(800000) fps=None res_down=false ()
[host] congestion: bitrate -> 800000 bps (live)
[rig-host] loop alive, host=Connected
[rig-host] loop alive, host=Connected
[rig-host] loop alive, host=Connected
[rig-host] congestion decision: bitrate=Some(600000) fps=None res_down=false ()
[host] congestion: bitrate -> 600000 bps (live)
[rig-host] loop alive, host=Connected
[rig-host] loop alive, host=Connected
[rig-host] congestion decision: bitrate=Some(500000) fps=None res_down=false ()
[host] congestion: bitrate -> 500000 bps (live)
[rig-host] loop alive, host=Connected
[rig-host] loop alive, host=Connected
[rig-host] loop alive, host=Connected
[rig-host] loop alive, host=Connected
[rig-host] loop alive, host=Connected
[rig-host] loop alive, host=Connected
[rig-host] loop alive, host=Connected
[rig-host] loop alive, host=Connected
[rig-host] loop alive, host=Connected
[rig-host] loop alive, host=Connected
[rig-host] loop alive, host=Connected
[rig-host] loop alive, host=Connected
[rig-host] loop alive, host=Connected
[rig-host] loop alive, host=Connected
[rig-host] loop alive, host=Connected
[rig-host] loop alive, host=Connected
[rig-host] loop alive, host=Connected
[rig-host] loop alive, host=Connected
[rig-host] loop alive, host=Connected
[rig-host] loop alive, host=Connected
[rig-host] loop alive, host=Connected
[rig-host] loop alive, host=Connected
[rig-host] loop alive, host=Connected
[rig-host] loop alive, host=Connected
[rig-host] loop alive, host=Connected
[rig-host] loop alive, host=Connected
[rig-host] loop alive, host=Connected
[rig-host] loop alive, host=Connected
[rig-host] loop alive, host=Connected
[rig-host] loop alive, host=Connected
[rig-host] loop alive, host=Connected
[rig-host] loop alive, host=Connected
[rig-host] loop alive, host=Connected
[rig-host] loop alive, host=Connected
[rig-host] loop alive, host=Connected
[rig-host] loop alive, host=Connected
[rig-host] loop alive, host=Connected
[rig-host] loop alive, host=Connected
[rig-host] loop alive, host=Connected
[rig-host] loop alive, host=Connected
[rig-host] loop alive, host=Connected
[rig-host] loop alive, host=Connected
[rig-host] congestion decision: bitrate=Some(800000) fps=None res_down=false ()
[host] congestion: bitrate -> 800000 bps (live)
[rig-host] loop alive, host=Connected
[rig-host] congestion decision: bitrate=Some(600000) fps=None res_down=false ()
[host] congestion: bitrate -> 600000 bps (live)
[rig-host] loop alive, host=Connected
[rig-host] loop alive, host=Connected
[rig-host] congestion decision: bitrate=Some(900000) fps=None res_down=false ()
[host] congestion: bitrate -> 900000 bps (live)
[rig-host] loop alive, host=Connected
[rig-host] loop alive, host=Connected
[rig-host] loop alive, host=Connected
[rig-host] congestion decision: bitrate=Some(675000) fps=None res_down=false ()
[host] congestion: bitrate -> 675000 bps (live)
[rig-host] loop alive, host=Connected
[rig-host] congestion decision: bitrate=Some(506250) fps=None res_down=false ()
[host] congestion: bitrate -> 506250 bps (live)
[rig-host] loop alive, host=Connected
[rig-host] loop alive, host=Connected
[rig-host] loop alive, host=Connected
[rig-host] loop alive, host=Connected
[rig-host] loop alive, host=Connected
[rig-host] loop alive, host=Connected
[rig-host] loop alive, host=Connected
[rig-host] loop alive, host=Connected
[rig-host] loop alive, host=Connected
[rig-host] loop alive, host=Connected
[rig-host] loop alive, host=Connected
[rig-host] loop alive, host=Connected
[rig-host] loop alive, host=Connected
[rig-host] loop alive, host=Connected
[rig-host] loop alive, host=Connected
[rig-host] loop alive, host=Connected
[rig-host] loop alive, host=Connected
[rig-host] loop alive, host=Connected
[rig-host] loop alive, host=Connected
[rig-host] loop alive, host=Connected
[rig-host] loop alive, host=Connected
[rig-host] congestion decision: bitrate=Some(806250) fps=None res_down=false ()
[host] congestion: bitrate -> 806250 bps (live)
[rig-host] congestion decision: bitrate=Some(1106250) fps=None res_down=false ()
[host] congestion: bitrate -> 1106250 bps (live)
[rig-host] loop alive, host=Connected
[rig-host] loop alive, host=Connected
[rig-host] congestion decision: bitrate=Some(829687) fps=None res_down=false ()
[host] congestion: bitrate -> 829687 bps (live)
[rig-host] loop alive, host=Connected
[rig-host] congestion decision: bitrate=Some(622265) fps=None res_down=false ()
[host] congestion: bitrate -> 622265 bps (live)
[rig-host] congestion decision: bitrate=Some(500000) fps=None res_down=false ()
[host] congestion: bitrate -> 500000 bps (live)
[rig-host] loop alive, host=Connected
[rig-host] loop alive, host=Connected
[rig-host] loop alive, host=Connected
[rig-host] loop alive, host=Connected
[rig-host] loop alive, host=Connected
[rig-host] loop alive, host=Connected
[rig-host] loop alive, host=Connected
[rig-host] loop alive, host=Connected
[rig-host] loop alive, host=Connected
[rig-host] loop alive, host=Connected
[rig-host] loop alive, host=Connected
[rig-host] loop alive, host=Connected
[rig-host] loop alive, host=Connected
[rig-host] loop alive, host=Connected
[rig-host] loop alive, host=Connected
[rig-host] loop alive, host=Connected
[rig-host] loop alive, host=Connected
[rig-host] loop alive, host=Connected
[rig-host] loop alive, host=Connected
[rig-host] loop alive, host=Connected
[rig-host] loop alive, host=Connected
[rig-host] loop alive, host=Connected
[rig-host] loop alive, host=Connected
[rig-host] loop alive, host=Connected
[rig-host] loop alive, host=Connected
[rig-host] loop alive, host=Connected
[rig-host] loop alive, host=Connected
[rig-host] loop alive, host=Connected
[rig-host] loop alive, host=Connected
[rig-host] loop alive, host=Connected
[rig-host] loop alive, host=Connected
[rig-host] loop alive, host=Connected
[rig-host] loop alive, host=Connected
[rig-host] loop alive, host=Connected
[rig-host] congestion decision: bitrate=Some(800000) fps=None res_down=false ()
[host] congestion: bitrate -> 800000 bps (live)
[rig-host] loop alive, host=Connected
[rig-host] congestion decision: bitrate=Some(600000) fps=None res_down=false ()
[host] congestion: bitrate -> 600000 bps (live)
[rig-host] congestion decision: bitrate=Some(500000) fps=None res_down=false ()
[host] congestion: bitrate -> 500000 bps (live)
[rig-host] loop alive, host=Connected
[rig-host] loop alive, host=Connected
[rig-host] loop alive, host=Connected
[rig-host] loop alive, host=Connected
[rig-host] loop alive, host=Connected
[rig-host] loop alive, host=Connected
[rig-host] loop alive, host=Connected
[rig-host] loop alive, host=Connected
[rig-host] congestion decision: bitrate=Some(800000) fps=None res_down=false ()
[host] congestion: bitrate -> 800000 bps (live)
[rig-host] loop alive, host=Connected
[rig-host] congestion decision: bitrate=Some(600000) fps=None res_down=false ()
[host] congestion: bitrate -> 600000 bps (live)
[rig-host] congestion decision: bitrate=Some(500000) fps=None res_down=false ()
[host] congestion: bitrate -> 500000 bps (live)
[rig-host] loop alive, host=Connected
[rig-host] loop alive, host=Connected
[rig-host] loop alive, host=Connected
[rig-host] loop alive, host=Connected
[rig-host] loop alive, host=Connected
[rig-host] loop alive, host=Connected
[rig-host] loop alive, host=Connected
[rig-host] loop alive, host=Connected
[rig-host] loop alive, host=Connected
[rig-host] loop alive, host=Connected
[rig-host] loop alive, host=Connected
[rig-host] loop alive, host=Connected
[rig-host] loop alive, host=Connected
[rig-host] loop alive, host=Connected
[rig-host] loop alive, host=Connected
[rig-host] loop alive, host=Connected
[rig-host] loop alive, host=Connected
[rig-host] loop alive, host=Connected
[rig-host] loop alive, host=Connected
[rig-host] loop alive, host=Connected
[rig-host] loop alive, host=Connected
[rig-host] loop alive, host=Connected
[rig-host] loop alive, host=Connected
[rig-host] loop alive, host=Connected
[rig-host] loop alive, host=Connected
[rig-host] loop alive, host=Connected
[rig-host] loop alive, host=Connected
[rig-host] congestion decision: bitrate=Some(800000) fps=None res_down=false ()
[host] congestion: bitrate -> 800000 bps (live)
[rig-host] congestion decision: bitrate=Some(1100000) fps=None res_down=false ()
[host] congestion: bitrate -> 1100000 bps (live)
[rig-host] loop alive, host=Connected
[rig-host] congestion decision: bitrate=Some(550000) fps=None res_down=false ()
[host] congestion: bitrate -> 550000 bps (live)
[rig-host] loop alive, host=Connected
[rig-host] loop alive, host=Connected
[rig-host] loop alive, host=Connected
[rig-host] loop alive, host=Connected
[rig-host] loop alive, host=Connected
[rig-host] loop alive, host=Connected
[rig-host] loop alive, host=Connected
[rig-host] loop alive, host=Connected
[rig-host] loop alive, host=Connected
[rig-host] loop alive, host=Connected
[rig-host] loop alive, host=Connected
[rig-host] loop alive, host=Connected
[rig-host] loop alive, host=Connected
[rig-host] loop alive, host=Connected
[rig-host] loop alive, host=Connected
[rig-host] loop alive, host=Connected
[rig-host] loop alive, host=Connected
[rig-host] loop alive, host=Connected
[rig-host] loop alive, host=Connected
[rig-host] loop alive, host=Connected
[rig-host] loop alive, host=Connected
[rig-host] loop alive, host=Connected
[rig-host] loop alive, host=Connected
[rig-host] loop alive, host=Connected
[rig-host] loop alive, host=Connected
[rig-host] loop alive, host=Connected
[rig-host] loop alive, host=Connected
[rig-host] loop alive, host=Connected
[rig-host] loop alive, host=Connected
[rig-host] loop alive, host=Connected
[rig-host] loop alive, host=Connected
[rig-host] loop alive, host=Connected
[rig-host] loop alive, host=Connected
[rig-host] loop alive, host=Connected
[rig-host] loop alive, host=Connected
[rig-host] loop alive, host=Connected
[rig-host] loop alive, host=Connected
[rig-host] loop alive, host=Connected
[rig-host] congestion decision: bitrate=Some(850000) fps=None res_down=false ()
[host] congestion: bitrate -> 850000 bps (live)
[rig-host] loop alive, host=Connected
[rig-host] loop alive, host=Connected
[rig-host] congestion decision: bitrate=Some(500000) fps=None res_down=false ()
[host] congestion: bitrate -> 500000 bps (live)
[rig-host] loop alive, host=Connected
[rig-host] loop alive, host=Connected
[rig-host] loop alive, host=Connected
[rig-host] congestion decision: bitrate=Some(800000) fps=None res_down=false ()
[host] congestion: bitrate -> 800000 bps (live)
[rig-host] loop alive, host=Connected
[rig-host] congestion decision: bitrate=Some(600000) fps=None res_down=false ()
[host] congestion: bitrate -> 600000 bps (live)
[rig-host] congestion decision: bitrate=Some(500000) fps=None res_down=false ()
[host] congestion: bitrate -> 500000 bps (live)
[rig-host] loop alive, host=Connected
[rig-host] loop alive, host=Connected
[rig-host] loop alive, host=Connected
[rig-host] loop alive, host=Connected
[rig-host] loop alive, host=Connected
[rig-host] loop alive, host=Connected
[rig-host] loop alive, host=Connected
[rig-host] loop alive, host=Connected
[rig-host] loop alive, host=Connected
[rig-host] loop alive, host=Connected
[rig-host] loop alive, host=Connected
[rig-host] loop alive, host=Connected
[rig-host] loop alive, host=Connected
[rig-host] loop alive, host=Connected
[rig-host] loop alive, host=Connected
[rig-host] loop alive, host=Connected
[rig-host] loop alive, host=Connected
[rig-host] loop alive, host=Connected
[rig-host] loop alive, host=Connected
[rig-host] loop alive, host=Connected
[rig-host] loop alive, host=Connected
[rig-host] loop alive, host=Connected
[rig-host] congestion decision: bitrate=Some(800000) fps=None res_down=false ()
[host] congestion: bitrate -> 800000 bps (live)
[rig-host] loop alive, host=Connected
[rig-host] congestion decision: bitrate=Some(1100000) fps=None res_down=false ()
[host] congestion: bitrate -> 1100000 bps (live)
[rig-host] congestion decision: bitrate=Some(1400000) fps=None res_down=false ()
[host] congestion: bitrate -> 1400000 bps (live)
[rig-host] loop alive, host=Connected
[rig-host] loop alive, host=Connected
[rig-host] congestion decision: bitrate=Some(1050000) fps=None res_down=false ()
[host] congestion: bitrate -> 1050000 bps (live)
[rig-host] loop alive, host=Connected
[rig-host] loop alive, host=Connected
[rig-host] congestion decision: bitrate=Some(1350000) fps=None res_down=false ()
[host] congestion: bitrate -> 1350000 bps (live)
[rig-host] loop alive, host=Connected
[rig-host] congestion decision: bitrate=Some(1012500) fps=None res_down=false ()
[host] congestion: bitrate -> 1012500 bps (live)
[rig-host] congestion decision: bitrate=Some(759375) fps=None res_down=false ()
[host] congestion: bitrate -> 759375 bps (live)
[rig-host] loop alive, host=Connected
[rig-host] loop alive, host=Connected
[rig-host] loop alive, host=Connected
[rig-host] congestion decision: bitrate=Some(569531) fps=None res_down=false ()
[host] congestion: bitrate -> 569531 bps (live)
[rig-host] loop alive, host=Connected
[rig-host] loop alive, host=Connected
[rig-host] loop alive, host=Connected
[rig-host] loop alive, host=Connected
[rig-host] loop alive, host=Connected
[rig-host] loop alive, host=Connected
[rig-host] loop alive, host=Connected
[rig-host] congestion decision: bitrate=Some(869531) fps=None res_down=false ()
[host] congestion: bitrate -> 869531 bps (live)
[rig-host] loop alive, host=Connected
[rig-host] congestion decision: bitrate=Some(652148) fps=None res_down=false ()
[host] congestion: bitrate -> 652148 bps (live)
[rig-host] congestion decision: bitrate=Some(500000) fps=None res_down=false ()
[host] congestion: bitrate -> 500000 bps (live)
[rig-host] loop alive, host=Connected
[rig-host] loop alive, host=Connected
[rig-host] loop alive, host=Connected
[rig-host] loop alive, host=Connected
[rig-host] loop alive, host=Connected
[rig-host] loop alive, host=Connected
[rig-host] loop alive, host=Connected
[rig-host] loop alive, host=Connected
[rig-host] loop alive, host=Connected
[rig-host] loop alive, host=Connected
[rig-host] congestion decision: bitrate=Some(800000) fps=None res_down=false ()
[host] congestion: bitrate -> 800000 bps (live)
[rig-host] loop alive, host=Connected
[rig-host] congestion decision: bitrate=Some(1100000) fps=None res_down=false ()
[host] congestion: bitrate -> 1100000 bps (live)
[rig-host] loop alive, host=Connected
[rig-host] congestion decision: bitrate=Some(825000) fps=None res_down=false ()
[host] congestion: bitrate -> 825000 bps (live)
[rig-host] congestion decision: bitrate=Some(500000) fps=None res_down=false ()
[host] congestion: bitrate -> 500000 bps (live)
[rig-host] loop alive, host=Connected
[rig-host] loop alive, host=Connected
[rig-host] loop alive, host=Connected
[rig-host] loop alive, host=Connected
[rig-host] loop alive, host=Connected
[rig-host] loop alive, host=Connected
[rig-host] loop alive, host=Connected
[rig-host] congestion decision: bitrate=Some(800000) fps=None res_down=false ()
[host] congestion: bitrate -> 800000 bps (live)
[rig-host] loop alive, host=Connected
[rig-host] loop alive, host=Connected
[rig-host] congestion decision: bitrate=Some(600000) fps=None res_down=false ()
[host] congestion: bitrate -> 600000 bps (live)
[rig-host] congestion decision: bitrate=Some(500000) fps=None res_down=false ()
[host] congestion: bitrate -> 500000 bps (live)
[rig-host] loop alive, host=Connected
[rig-host] loop alive, host=Connected
[rig-host] loop alive, host=Connected
[rig-host] loop alive, host=Connected
[rig-host] loop alive, host=Connected
[rig-host] loop alive, host=Connected
[rig-host] loop alive, host=Connected
[rig-host] loop alive, host=Connected
[rig-host] congestion decision: bitrate=Some(800000) fps=None res_down=false ()
[host] congestion: bitrate -> 800000 bps (live)
[rig-host] loop alive, host=Connected
[rig-host] loop alive, host=Connected
[rig-host] loop alive, host=Connected
[rig-host] congestion decision: bitrate=Some(600000) fps=None res_down=false ()
[host] congestion: bitrate -> 600000 bps (live)
[rig-host] loop alive, host=Connected
[rig-host] congestion decision: bitrate=Some(500000) fps=None res_down=false ()
[host] congestion: bitrate -> 500000 bps (live)
[rig-host] loop alive, host=Connected
[rig-host] loop alive, host=Connected
[rig-host] loop alive, host=Connected
[rig-host] loop alive, host=Connected
[rig-host] loop alive, host=Connected
[rig-host] loop alive, host=Connected
[rig-host] loop alive, host=Connected
[rig-host] congestion decision: bitrate=Some(800000) fps=None res_down=false ()
[host] congestion: bitrate -> 800000 bps (live)
[rig-host] loop alive, host=Connected
[rig-host] loop alive, host=Connected
[rig-host] congestion decision: bitrate=Some(600000) fps=None res_down=false ()
[host] congestion: bitrate -> 600000 bps (live)
[rig-host] congestion decision: bitrate=Some(500000) fps=None res_down=false ()
[host] congestion: bitrate -> 500000 bps (live)
[rig-host] loop alive, host=Connected
[rig-host] loop alive, host=Connected
[rig-host] congestion decision: bitrate=Some(800000) fps=None res_down=false ()
[host] congestion: bitrate -> 800000 bps (live)
[rig-host] loop alive, host=Connected
[rig-host] congestion decision: bitrate=Some(500000) fps=None res_down=false ()
[host] congestion: bitrate -> 500000 bps (live)
[rig-host] loop alive, host=Connected
